Archive member included to satisfy reference by file (symbol)

c:/program files (x86)/atollic/truestudio for arm 6.0.0/armtools/bin/../lib/gcc/arm-atollic-eabi/5.3.1/../../../../arm-atollic-eabi/lib/armv7e-m/fpu/fpv5-sp-d16\libc.a(lib_a-errno.o)
                              src\Application\syscalls.o (__errno)
c:/program files (x86)/atollic/truestudio for arm 6.0.0/armtools/bin/../lib/gcc/arm-atollic-eabi/5.3.1/../../../../arm-atollic-eabi/lib/armv7e-m/fpu/fpv5-sp-d16\libc.a(lib_a-impure.o)
                              c:/program files (x86)/atollic/truestudio for arm 6.0.0/armtools/bin/../lib/gcc/arm-atollic-eabi/5.3.1/../../../../arm-atollic-eabi/lib/armv7e-m/fpu/fpv5-sp-d16\libc.a(lib_a-errno.o) (_impure_ptr)
c:/program files (x86)/atollic/truestudio for arm 6.0.0/armtools/bin/../lib/gcc/arm-atollic-eabi/5.3.1/../../../../arm-atollic-eabi/lib/armv7e-m/fpu/fpv5-sp-d16\libc.a(lib_a-init.o)
                              src\Hardware\startup_stm32f756xx.o (__libc_init_array)
c:/program files (x86)/atollic/truestudio for arm 6.0.0/armtools/bin/../lib/gcc/arm-atollic-eabi/5.3.1/../../../../arm-atollic-eabi/lib/armv7e-m/fpu/fpv5-sp-d16\libc.a(lib_a-malloc.o)
                              src\Application\Shell\shell_variables.o (malloc)
c:/program files (x86)/atollic/truestudio for arm 6.0.0/armtools/bin/../lib/gcc/arm-atollic-eabi/5.3.1/../../../../arm-atollic-eabi/lib/armv7e-m/fpu/fpv5-sp-d16\libc.a(lib_a-mallocr.o)
                              c:/program files (x86)/atollic/truestudio for arm 6.0.0/armtools/bin/../lib/gcc/arm-atollic-eabi/5.3.1/../../../../arm-atollic-eabi/lib/armv7e-m/fpu/fpv5-sp-d16\libc.a(lib_a-malloc.o) (_malloc_r)
c:/program files (x86)/atollic/truestudio for arm 6.0.0/armtools/bin/../lib/gcc/arm-atollic-eabi/5.3.1/../../../../arm-atollic-eabi/lib/armv7e-m/fpu/fpv5-sp-d16\libc.a(lib_a-memcpy-stub.o)
                              src\Application\Shell\shell_variables.o (memcpy)
c:/program files (x86)/atollic/truestudio for arm 6.0.0/armtools/bin/../lib/gcc/arm-atollic-eabi/5.3.1/../../../../arm-atollic-eabi/lib/armv7e-m/fpu/fpv5-sp-d16\libc.a(lib_a-memset.o)
                              src\Application\Shell\shell_commands.o (memset)
c:/program files (x86)/atollic/truestudio for arm 6.0.0/armtools/bin/../lib/gcc/arm-atollic-eabi/5.3.1/../../../../arm-atollic-eabi/lib/armv7e-m/fpu/fpv5-sp-d16\libc.a(lib_a-mlock.o)
                              c:/program files (x86)/atollic/truestudio for arm 6.0.0/armtools/bin/../lib/gcc/arm-atollic-eabi/5.3.1/../../../../arm-atollic-eabi/lib/armv7e-m/fpu/fpv5-sp-d16\libc.a(lib_a-mallocr.o) (__malloc_lock)
c:/program files (x86)/atollic/truestudio for arm 6.0.0/armtools/bin/../lib/gcc/arm-atollic-eabi/5.3.1/../../../../arm-atollic-eabi/lib/armv7e-m/fpu/fpv5-sp-d16\libc.a(lib_a-printf.o)
                              src\Aversive\math\f16_print.o (printf)
c:/program files (x86)/atollic/truestudio for arm 6.0.0/armtools/bin/../lib/gcc/arm-atollic-eabi/5.3.1/../../../../arm-atollic-eabi/lib/armv7e-m/fpu/fpv5-sp-d16\libc.a(lib_a-puts.o)
                              src\Application\task_ASV.o (puts)
c:/program files (x86)/atollic/truestudio for arm 6.0.0/armtools/bin/../lib/gcc/arm-atollic-eabi/5.3.1/../../../../arm-atollic-eabi/lib/armv7e-m/fpu/fpv5-sp-d16\libc.a(lib_a-sbrkr.o)
                              c:/program files (x86)/atollic/truestudio for arm 6.0.0/armtools/bin/../lib/gcc/arm-atollic-eabi/5.3.1/../../../../arm-atollic-eabi/lib/armv7e-m/fpu/fpv5-sp-d16\libc.a(lib_a-mallocr.o) (_sbrk_r)
c:/program files (x86)/atollic/truestudio for arm 6.0.0/armtools/bin/../lib/gcc/arm-atollic-eabi/5.3.1/../../../../arm-atollic-eabi/lib/armv7e-m/fpu/fpv5-sp-d16\libc.a(lib_a-snprintf.o)
                              src\Application\Shell\shell_commands.o (snprintf)
c:/program files (x86)/atollic/truestudio for arm 6.0.0/armtools/bin/../lib/gcc/arm-atollic-eabi/5.3.1/../../../../arm-atollic-eabi/lib/armv7e-m/fpu/fpv5-sp-d16\libc.a(lib_a-sprintf.o)
                              src\Application\Shell\shell_commands.o (sprintf)
c:/program files (x86)/atollic/truestudio for arm 6.0.0/armtools/bin/../lib/gcc/arm-atollic-eabi/5.3.1/../../../../arm-atollic-eabi/lib/armv7e-m/fpu/fpv5-sp-d16\libc.a(lib_a-strcasecmp.o)
                              src\Application\Shell\shell_commands.o (strcasecmp)
c:/program files (x86)/atollic/truestudio for arm 6.0.0/armtools/bin/../lib/gcc/arm-atollic-eabi/5.3.1/../../../../arm-atollic-eabi/lib/armv7e-m/fpu/fpv5-sp-d16\libc.a(lib_a-strcpy.o)
                              src\Application\Shell\shell_commands.o (strcpy)
c:/program files (x86)/atollic/truestudio for arm 6.0.0/armtools/bin/../lib/gcc/arm-atollic-eabi/5.3.1/../../../../arm-atollic-eabi/lib/armv7e-m/fpu/fpv5-sp-d16\libc.a(lib_a-strlen.o)
                              src\Application\Shell\shell_commands.o (strlen)
[...]
Memory Configuration

Name             Origin             Length             Attributes
FLASH            0x08000000         0x00100000         xr
DTCMRAM          0x20000000         0x00010000         xrw
SRAM1            0x20010000         0x0003c000         xrw
SRAM2            0x2004c000         0x00004000         xrw
MEMORY_B1        0x60000000         0x00000000         xr
*default*        0x00000000         0xffffffff

Linker script and memory map

LOAD c:/program files (x86)/atollic/truestudio for arm 6.0.0/armtools/bin/../lib/gcc/arm-atollic-eabi/5.3.1/armv7e-m/fpu/fpv5-sp-d16/crti.o
LOAD c:/program files (x86)/atollic/truestudio for arm 6.0.0/armtools/bin/../lib/gcc/arm-atollic-eabi/5.3.1/armv7e-m/fpu/fpv5-sp-d16/crtbegin.o
LOAD src\Application\Shell\shell_commands.o
LOAD src\Application\Shell\shell_variables.o
LOAD src\Application\Shell\shell_variables_list.o
LOAD src\Application\Strategy\ai.o
LOAD src\Application\Strategy\physicals.o
LOAD src\Application\Strategy\task_strategy.o
LOAD src\Application\freertos_hooks.o
LOAD src\Application\syscalls.o
LOAD src\Application\task_ASV.o
LOAD src\Application\task_DSV.o
LOAD src\Application\task_avoidance.o
LOAD src\Application\task_debug.o
LOAD src\Application\task_led.o
LOAD src\Application\task_motion.o
LOAD src\Application\task_shell.o
LOAD src\Aversive\angle_distance.o
LOAD src\Aversive\blocking_detection_manager.o
LOAD src\Aversive\control_system_manager.o
LOAD src\Aversive\filters\biquad.o
LOAD src\Aversive\filters\pid.o
LOAD src\Aversive\filters\quadramp.o
LOAD src\Aversive\filters\quadramp_derivate.o
LOAD src\Aversive\filters\ramp.o
LOAD src\Aversive\math\f16_add.o
LOAD src\Aversive\math\f16_div.o
LOAD src\Aversive\math\f16_double.o
LOAD src\Aversive\math\f16_int.o
LOAD src\Aversive\math\f16_inv.o
LOAD src\Aversive\math\f16_msb_mul.o
LOAD src\Aversive\math\f16_mul.o
LOAD src\Aversive\math\f16_neg.o
LOAD src\Aversive\math\f16_print.o
LOAD src\Aversive\math\f16_sqrt.o
LOAD src\Aversive\math\f16_sub.o
LOAD src\Aversive\math\f32_add.o
LOAD src\Aversive\math\f32_div.o
LOAD src\Aversive\math\f32_double.o
LOAD src\Aversive\math\f32_int.o
LOAD src\Aversive\math\f32_inv.o
LOAD src\Aversive\math\f32_msb_mul.o
LOAD src\Aversive\math\f32_mul.o
LOAD src\Aversive\math\f32_neg.o
LOAD src\Aversive\math\f32_print.o
LOAD src\Aversive\math\f32_sqrt.o
LOAD src\Aversive\math\f32_sub.o
LOAD src\Aversive\math\f64_add.o
LOAD src\Aversive\math\f64_div.o
LOAD src\Aversive\math\f64_double.o
LOAD src\Aversive\math\f64_int.o
LOAD src\Aversive\math\f64_inv.o
LOAD src\Aversive\math\f64_msb_mul.o
LOAD src\Aversive\math\f64_mul.o
LOAD src\Aversive\math\f64_neg.o
LOAD src\Aversive\math\f64_print.o
LOAD src\Aversive\math\f64_sqrt.o
LOAD src\Aversive\math\f64_sub.o
LOAD src\Aversive\math\lines.o
LOAD src\Aversive\math\polygon.o
LOAD src\Aversive\math\vect2.o
LOAD src\Aversive\math\vect_base.o
LOAD src\Aversive\position_manager.o
LOAD src\Aversive\robot_system.o
LOAD src\Aversive\trajectory_manager.o
LOAD src\Drivers\SPL\src\misc.o
LOAD src\Drivers\SPL\src\stm32f7xx_adc.o
LOAD src\Drivers\SPL\src\stm32f7xx_can.o
LOAD src\Drivers\SPL\src\stm32f7xx_cec.o
LOAD src\Drivers\SPL\src\stm32f7xx_crc.o
LOAD src\Drivers\SPL\src\stm32f7xx_dac.o
LOAD src\Drivers\SPL\src\stm32f7xx_dbgmcu.o
LOAD src\Drivers\SPL\src\stm32f7xx_dcmi.o
LOAD src\Drivers\SPL\src\stm32f7xx_dma.o
LOAD src\Drivers\SPL\src\stm32f7xx_dma2d.o
LOAD src\Drivers\SPL\src\stm32f7xx_exti.o
LOAD src\Drivers\SPL\src\stm32f7xx_flash.o
LOAD src\Drivers\SPL\src\stm32f7xx_fmc.o
LOAD src\Drivers\SPL\src\stm32f7xx_gpio.o
LOAD src\Drivers\SPL\src\stm32f7xx_i2c.o
LOAD src\Drivers\SPL\src\stm32f7xx_iwdg.o
LOAD src\Drivers\SPL\src\stm32f7xx_lptim.o
LOAD src\Drivers\SPL\src\stm32f7xx_ltdc.o
LOAD src\Drivers\SPL\src\stm32f7xx_pwr.o
LOAD src\Drivers\SPL\src\stm32f7xx_qspi.o
LOAD src\Drivers\SPL\src\stm32f7xx_rcc.o
LOAD src\Drivers\SPL\src\stm32f7xx_rng.o
LOAD src\Drivers\SPL\src\stm32f7xx_rtc.o
LOAD src\Drivers\SPL\src\stm32f7xx_sai.o
LOAD src\Drivers\SPL\src\stm32f7xx_sdmmc.o
LOAD src\Drivers\SPL\src\stm32f7xx_spdifrx.o
LOAD src\Drivers\SPL\src\stm32f7xx_spi.o
LOAD src\Drivers\SPL\src\stm32f7xx_syscfg.o
LOAD src\Drivers\SPL\src\stm32f7xx_tim.o
LOAD src\Drivers\SPL\src\stm32f7xx_usart.o
LOAD src\Drivers\SPL\src\stm32f7xx_wwdg.o
LOAD src\FreeRTOS\croutine.o
LOAD src\FreeRTOS\event_groups.o
LOAD src\FreeRTOS\list.o
LOAD src\FreeRTOS\portable\GCC\ARM_CM7\r0p1\port.o
LOAD src\FreeRTOS\portable\MemMang\heap_4.o
LOAD src\FreeRTOS\queue.o
LOAD src\FreeRTOS\tasks.o
LOAD src\FreeRTOS\timers.o
LOAD src\FreeRTOS-Plus\FreeRTOS-Plus-CLI\FreeRTOS_CLI.o
LOAD src\Hardware\hardware.o
LOAD src\Hardware\hw_analog_servo.o
LOAD src\Hardware\hw_debug.o
LOAD src\Hardware\hw_digital_input.o
LOAD src\Hardware\hw_dsv.o
LOAD src\Hardware\hw_encoder.o
LOAD src\Hardware\hw_hmi.o
LOAD src\Hardware\hw_led.o
LOAD src\Hardware\hw_monitoring.o
LOAD src\Hardware\hw_motor.o
LOAD src\Hardware\hw_power.o
LOAD src\Hardware\hw_system.o
LOAD src\Hardware\startup_stm32f756xx.o
LOAD src\Hardware\system_stm32f7xx.o
LOAD src\main.o
LOAD src\xl_320\src\xl_320.o
START GROUP
LOAD c:/program files (x86)/atollic/truestudio for arm 6.0.0/armtools/bin/../lib/gcc/arm-atollic-eabi/5.3.1/../../../../arm-atollic-eabi/lib/armv7e-m/fpu/fpv5-sp-d16\libc.a
LOAD c:/program files (x86)/atollic/truestudio for arm 6.0.0/armtools/bin/../lib/gcc/arm-atollic-eabi/5.3.1/../../../../arm-atollic-eabi/lib/armv7e-m/fpu/fpv5-sp-d16\libm.a
END GROUP
                0x00000080                malloc_getpagesize_P = 0x80
START GROUP
LOAD c:/program files (x86)/atollic/truestudio for arm 6.0.0/armtools/bin/../lib/gcc/arm-atollic-eabi/5.3.1/armv7e-m/fpu/fpv5-sp-d16\libgcc.a
LOAD c:/program files (x86)/atollic/truestudio for arm 6.0.0/armtools/bin/../lib/gcc/arm-atollic-eabi/5.3.1/../../../../arm-atollic-eabi/lib/armv7e-m/fpu/fpv5-sp-d16\libc.a
END GROUP
START GROUP
LOAD c:/program files (x86)/atollic/truestudio for arm 6.0.0/armtools/bin/../lib/gcc/arm-atollic-eabi/5.3.1/armv7e-m/fpu/fpv5-sp-d16\libgcc.a
LOAD c:/program files (x86)/atollic/truestudio for arm 6.0.0/armtools/bin/../lib/gcc/arm-atollic-eabi/5.3.1/../../../../arm-atollic-eabi/lib/armv7e-m/fpu/fpv5-sp-d16\libc.a
LOAD c:/program files (x86)/atollic/truestudio for arm 6.0.0/armtools/bin/../lib/gcc/arm-atollic-eabi/5.3.1/../../../../arm-atollic-eabi/lib/armv7e-m/fpu/fpv5-sp-d16\libnosys.a
END GROUP
LOAD c:/program files (x86)/atollic/truestudio for arm 6.0.0/armtools/bin/../lib/gcc/arm-atollic-eabi/5.3.1/armv7e-m/fpu/fpv5-sp-d16/crtend.o
LOAD c:/program files (x86)/atollic/truestudio for arm 6.0.0/armtools/bin/../lib/gcc/arm-atollic-eabi/5.3.1/armv7e-m/fpu/fpv5-sp-d16/crtn.o
                0x2004ff00                _estack = 0x2004ff00
                0x00000200                _Min_Heap_Size = 0x200
                0x00000f00                _Min_Stack_Size = 0xf00

.isr_vector     0x08000000      0x1c8
                0x08000000                . = ALIGN (0x4)
 *(.isr_vector)
 .isr_vector    0x08000000      0x1c8 src\Hardware\startup_stm32f756xx.o
                0x08000000                g_pfnVectors
                0x080001c8                . = ALIGN (0x4)

.text           0x080001d0    0x12200
                0x080001d0                . = ALIGN (0x4)
 *(.text)
 .text          0x080001d0       0x40 c:/program files (x86)/atollic/truestudio for arm 6.0.0/armtools/bin/../lib/gcc/arm-atollic-eabi/5.3.1/armv7e-m/fpu/fpv5-sp-d16/crtbegin.o
 .text          0x08000210       0x10 c:/program files (x86)/atollic/truestudio for arm 6.0.0/armtools/bin/../lib/gcc/arm-atollic-eabi/5.3.1/../../../../arm-atollic-eabi/lib/armv7e-m/fpu/fpv5-sp-d16\libc.a(lib_a-strlen.o)
                0x08000210                strlen
 .text          0x08000220       0xa0 c:/program files (x86)/atollic/truestudio for arm 6.0.0/armtools/bin/../lib/gcc/arm-atollic-eabi/5.3.1/../../../../arm-atollic-eabi/lib/armv7e-m/fpu/fpv5-sp-d16\libc.a(lib_a-memchr.o)
                0x08000220                memchr
 .text          0x080002c0      0x370 c:/program files (x86)/atollic/truestudio for arm 6.0.0/armtools/bin/../lib/gcc/arm-atollic-eabi/5.3.1/armv7e-m/fpu/fpv5-sp-d16\libgcc.a(_arm_addsubdf3.o)
                0x080002c0                __aeabi_drsub
                0x080002c8                __aeabi_dsub
                0x080002c8                __subdf3
                0x080002cc                __aeabi_dadd
                0x080002cc                __adddf3
                0x08000544                __floatunsidf
                0x08000544                __aeabi_ui2d
                0x08000564                __floatsidf
                0x08000564                __aeabi_i2d
                0x08000588                __aeabi_f2d
                0x08000588                __extendsfdf2
                0x080005c4                __floatundidf
                0x080005c4                __aeabi_ul2d
                0x080005d4                __floatdidf
                0x080005d4                __aeabi_l2d
 .text          0x08000630      0x424 c:/program files (x86)/atollic/truestudio for arm 6.0.0/armtools/bin/../lib/gcc/arm-atollic-eabi/5.3.1/armv7e-m/fpu/fpv5-sp-d16\libgcc.a(_arm_muldivdf3.o)
                0x08000630                __aeabi_dmul
                0x08000630                __muldf3
                0x08000884                __divdf3
                0x08000884                __aeabi_ddiv
 .text          0x08000a54      0x110 c:/program files (x86)/atollic/truestudio for arm 6.0.0/armtools/bin/../lib/gcc/arm-atollic-eabi/5.3.1/armv7e-m/fpu/fpv5-sp-d16\libgcc.a(_arm_cmpdf2.o)
                0x08000a54                __gtdf2
                0x08000a54                __gedf2
                0x08000a5c                __ltdf2
                0x08000a5c                __ledf2
                0x08000a64                __nedf2
                0x08000a64                __eqdf2
                0x08000a64                __cmpdf2
                0x08000ae0                __aeabi_cdrcmple
                0x08000af0                __aeabi_cdcmpeq
                0x08000af0                __aeabi_cdcmple
                0x08000b00                __aeabi_dcmpeq
                0x08000b14                __aeabi_dcmplt
                0x08000b28                __aeabi_dcmple
                0x08000b3c                __aeabi_dcmpge
                0x08000b50                __aeabi_dcmpgt
 .text          0x08000b64       0x2c c:/program files (x86)/atollic/truestudio for arm 6.0.0/armtools/bin/../lib/gcc/arm-atollic-eabi/5.3.1/armv7e-m/fpu/fpv5-sp-d16\libgcc.a(_arm_unorddf2.o)
                0x08000b64                __unorddf2
                0x08000b64                __aeabi_dcmpun
 .text          0x08000b90       0x50 c:/program files (x86)/atollic/truestudio for arm 6.0.0/armtools/bin/../lib/gcc/arm-atollic-eabi/5.3.1/armv7e-m/fpu/fpv5-sp-d16\libgcc.a(_arm_fixdfsi.o)
                0x08000b90                __aeabi_d2iz
                0x08000b90                __fixdfsi
 .text          0x08000be0       0x40 c:/program files (x86)/atollic/truestudio for arm 6.0.0/armtools/bin/../lib/gcc/arm-atollic-eabi/5.3.1/armv7e-m/fpu/fpv5-sp-d16\libgcc.a(_arm_fixunsdfsi.o)
                0x08000be0                __aeabi_d2uiz
                0x08000be0                __fixunsdfsi
 .text          0x08000c20       0xa0 c:/program files (x86)/atollic/truestudio for arm 6.0.0/armtools/bin/../lib/gcc/arm-atollic-eabi/5.3.1/armv7e-m/fpu/fpv5-sp-d16\libgcc.a(_arm_truncdfsf2.o)
                0x08000c20                __truncdfsf2
                0x08000c20                __aeabi_d2f
 .text          0x08000cc0       0x30 c:/program files (x86)/atollic/truestudio for arm 6.0.0/armtools/bin/../lib/gcc/arm-atollic-eabi/5.3.1/armv7e-m/fpu/fpv5-sp-d16\libgcc.a(_aeabi_uldivmod.o)
                0x08000cc0                __aeabi_uldivmod
 .text          0x08000cf0      0x2e4 c:/program files (x86)/atollic/truestudio for arm 6.0.0/armtools/bin/../lib/gcc/arm-atollic-eabi/5.3.1/armv7e-m/fpu/fpv5-sp-d16\libgcc.a(_udivmoddi4.o)
                0x08000cf0                __udivmoddi4
 .text          0x08000fd4        0x4 c:/program files (x86)/atollic/truestudio for arm 6.0.0/armtools/bin/../lib/gcc/arm-atollic-eabi/5.3.1/armv7e-m/fpu/fpv5-sp-d16\libgcc.a(_dvmd_tls.o)
                0x08000fd4                __aeabi_idiv0
                0x08000fd4                __aeabi_ldiv0
 *(.text*)
 .text.NVIC_SystemReset
                0x08000fd8       0x28 src\Application\Shell\shell_commands.o
 .text.OS_SHL_RegisterCommands
                0x08001000       0xb4 src\Application\Shell\shell_commands.o
                0x08001000                OS_SHL_RegisterCommands
 .text.OS_SHL_SysCmd
                0x080010b4      0x100 src\Application\Shell\shell_commands.o
 .text.OS_SHL_VarCmd
                0x080011b4       0x20 src\Application\Shell\shell_commands.o
 .text.OS_SHL_SetCmd
                0x080011d4       0xa8 src\Application\Shell\shell_commands.o
 .text.OS_SHL_GetCmd
                0x0800127c       0x9c src\Application\Shell\shell_commands.o
 .text.OS_SHL_PrbCmd
                0x08001318       0xc8 src\Application\Shell\shell_commands.o
 .text.OS_SHL_StoCmd
                0x080013e0       0x1c src\Application\Shell\shell_commands.o
 .text.OS_SHL_PowCmd
                0x080013fc      0x16c src\Application\Shell\shell_commands.o
 .text.OS_SHL_MotCmd
                0x08001568       0xd0 src\Application\Shell\shell_commands.o
 .text.OS_SHL_DsvCmd
                0x08001638       0x1c src\Application\Shell\shell_commands.o
 .text.OS_SHL_AsvCmd
                0x08001654       0x1c src\Application\Shell\shell_commands.o
 .text.OS_SHL_MonCmd
                0x08001670       0x1c src\Application\Shell\shell_commands.o
 .text.OS_SHL_DioCmd
                0x0800168c       0x1c src\Application\Shell\shell_commands.o
 .text.OS_SHL_HmiCmd
                0x080016a8       0x1c src\Application\Shell\shell_commands.o
 .text.OS_SHL_LedCmd
                0x080016c4      0x1a8 src\Application\Shell\shell_commands.o
 .text.OS_SHL_AvsCmd
                0x0800186c       0x1c src\Application\Shell\shell_commands.o
 .text.OS_SHL_AvdCmd
                0x08001888       0x1c src\Application\Shell\shell_commands.o
 .text.OS_SHL_StrCmd
                0x080018a4       0x1c src\Application\Shell\shell_commands.o
 .text.OS_SHL_GetTypeAsString
                0x080018c0       0xbc src\Application\Shell\shell_variables.o
                0x080018c0                OS_SHL_GetTypeAsString
 .text.OS_SHL_GetTypeSize
                0x0800197c       0x88 src\Application\Shell\shell_variables.o
                0x0800197c                OS_SHL_GetTypeSize
 .text.OS_SHL_GetAccessAsString
                0x08001a04       0x44 src\Application\Shell\shell_variables.o
                0x08001a04                OS_SHL_GetAccessAsString
 .text.OS_SHL_GetVariablesList
                0x08001a48      0x104 src\Application\Shell\shell_variables.o
                0x08001a48                OS_SHL_GetVariablesList
 .text.OS_SHL_FindVariableByName
                0x08001b4c       0x58 src\Application\Shell\shell_variables.o
                0x08001b4c                OS_SHL_FindVariableByName
 .text.OS_SHL_FindVariableById
                0x08001ba4       0x3c src\Application\Shell\shell_variables.o
                0x08001ba4                OS_SHL_FindVariableById
 .text.OS_SHL_SetVariable
                0x08001be0       0xec src\Application\Shell\shell_variables.o
                0x08001be0                OS_SHL_SetVariable
 .text.OS_SHL_GetVariable
                0x08001ccc      0x198 src\Application\Shell\shell_variables.o
                0x08001ccc                OS_SHL_GetVariable
 .text.vApplicationMallocFailedHook
                0x08001e64       0x14 src\Application\freertos_hooks.o
                0x08001e64                vApplicationMallocFailedHook
 .text.vApplicationStackOverflowHook
                0x08001e78       0x20 src\Application\freertos_hooks.o
                0x08001e78                vApplicationStackOverflowHook
 .text.vAssertCalled
                0x08001e98       0x28 src\Application\freertos_hooks.o
                0x08001e98                vAssertCalled
 .text._read    0x08001ec0       0x38 src\Application\syscalls.o
                0x08001ec0                _read
 .text._write   0x08001ef8       0x38 src\Application\syscalls.o
                0x08001ef8                _write
 .text._sbrk    0x08001f30       0x58 src\Application\syscalls.o
                0x08001f30                _sbrk
 .text._close   0x08001f88       0x18 src\Application\syscalls.o
                0x08001f88                _close
 .text._fstat   0x08001fa0       0x20 src\Application\syscalls.o
                0x08001fa0                _fstat
 .text._isatty  0x08001fc0       0x18 src\Application\syscalls.o
                0x08001fc0                _isatty
 .text._lseek   0x08001fd8       0x1c src\Application\syscalls.o
                0x08001fd8                _lseek
 .text.OS_CreateASVTask
                0x08001ff4       0xa4 src\Application\task_ASV.o
                0x08001ff4                OS_CreateASVTask
 .text.OS_ASVTask
                0x08002098       0x44 src\Application\task_ASV.o
 .text.ASV_Create
                0x080020dc       0x38 src\Application\task_ASV.o
                0x080020dc                ASV_Create
 .text.OS_CreateDSVTask
                0x08002114       0x78 src\Application\task_DSV.o
                0x08002114                OS_CreateDSVTask
 .text.OS_DSVTask
                0x0800218c       0x54 src\Application\task_DSV.o
 .text.DSV_Create
                0x080021e0       0x40 src\Application\task_DSV.o
                0x080021e0                DSV_Create
 .text.OS_CreateAvoidanceTask
                0x08002220       0x28 src\Application\task_avoidance.o
                0x08002220                OS_CreateAvoidanceTask
 .text.OS_AvoidanceTask
                0x08002248       0xc8 src\Application\task_avoidance.o
 .text.av_init  0x08002310       0x50 src\Application\task_avoidance.o
 .text.LedSetColor
                0x08002360       0x3c src\Application\task_led.o
                0x08002360                LedSetColor
 .text.LedSetMode
                0x0800239c       0x3c src\Application\task_led.o
                0x0800239c                LedSetMode
 .text.OS_CreateMotionTask
                0x080023d8       0x88 src\Application\task_motion.o
                0x080023d8                OS_CreateMotionTask
 .text.OS_MotionTask
                0x08002460       0x84 src\Application\task_motion.o
 *fill*         0x080024e4        0x4 
 .text.AVS_Init
                0x080024e8      0x280 src\Application\task_motion.o
 .text.AVS_CsTask
                0x08002768      0x150 src\Application\task_motion.o
 .text.Os_MotionTrajectoryNear
                0x080028b8       0x44 src\Application\task_motion.o
                0x080028b8                Os_MotionTrajectoryNear
 .text.Os_MotionTrajectoryFinished
                0x080028fc       0x34 src\Application\task_motion.o
                0x080028fc                Os_MotionTrajectoryFinished
 .text.OS_MotionSetSpeed
                0x08002930       0x2c src\Application\task_motion.o
                0x08002930                OS_MotionSetSpeed
 .text.OS_MotionMoveRelative
                0x0800295c       0x28 src\Application\task_motion.o
                0x0800295c                OS_MotionMoveRelative
 .text.OS_MotionGoToAuto
                0x08002984       0x28 src\Application\task_motion.o
                0x08002984                OS_MotionGoToAuto
 .text.OS_MotionGoToFwd
                0x080029ac       0x28 src\Application\task_motion.o
                0x080029ac                OS_MotionGoToFwd
 .text.OS_MotionGoToBwd
                0x080029d4       0x28 src\Application\task_motion.o
                0x080029d4                OS_MotionGoToBwd
 .text.OS_MotionTurnToFront
                0x080029fc       0x28 src\Application\task_motion.o
                0x080029fc                OS_MotionTurnToFront
 .text.OS_MotionTurnToBehind
                0x08002a24       0x28 src\Application\task_motion.o
                0x08002a24                OS_MotionTurnToBehind
 .text.vCreateAllMutex
                0x08002a4c       0x58 src\Application\task_motion.o
 .text.vLockEncoderAngle
                0x08002aa4       0x1c src\Application\task_motion.o
                0x08002aa4                vLockEncoderAngle
 .text.vLockEncoderDistance
                0x08002ac0       0x1c src\Application\task_motion.o
                0x08002ac0                vLockEncoderDistance
 .text.vLockAngleConsign
                0x08002adc       0x1c src\Application\task_motion.o
                0x08002adc                vLockAngleConsign
 .text.vLockDistanceConsign
                0x08002af8       0x1c src\Application\task_motion.o
                0x08002af8                vLockDistanceConsign
 .text.vLockRobotPosition
                0x08002b14       0x1c src\Application\task_motion.o
                0x08002b14                vLockRobotPosition
 .text.vUnlockEncoderAngle
                0x08002b30       0x1c src\Application\task_motion.o
                0x08002b30                vUnlockEncoderAngle
 .text.vUnlockEncoderDistance
                0x08002b4c       0x1c src\Application\task_motion.o
                0x08002b4c                vUnlockEncoderDistance
 .text.vUnlockAngleConsign
                0x08002b68       0x1c src\Application\task_motion.o
                0x08002b68                vUnlockAngleConsign
 .text.vUnlockDistanceConsign
                0x08002b84       0x1c src\Application\task_motion.o
                0x08002b84                vUnlockDistanceConsign
 .text.vUnlockRobotPosition
                0x08002ba0       0x1c src\Application\task_motion.o
                0x08002ba0                vUnlockRobotPosition
 .text.motion_is_traj_done
                0x08002bbc       0x28 src\Application\task_motion.o
 .text.motion_send_wp
                0x08002be4      0x194 src\Application\task_motion.o
                0x08002be4                motion_send_wp
 .text.OS_SHL_Start
                0x08002d78       0x5c src\Application\task_shell.o
                0x08002d78                OS_SHL_Start
 .text.OS_SHL_Task
                0x08002dd4      0x118 src\Application\task_shell.o
 .text.rs_get_polar_from_wheels
                0x08002eec       0x48 src\Aversive\angle_distance.o
                0x08002eec                rs_get_polar_from_wheels
 .text.rs_get_wheels_from_polar
                0x08002f34       0x34 src\Aversive\angle_distance.o
                0x08002f34                rs_get_wheels_from_polar
 .text.bd_init  0x08002f68       0x1c src\Aversive\blocking_detection_manager.o
                0x08002f68                bd_init
 .text.bd_set_current_thresholds
                0x08002f84       0x38 src\Aversive\blocking_detection_manager.o
                0x08002f84                bd_set_current_thresholds
 .text.bd_set_speed_threshold
                0x08002fbc       0x20 src\Aversive\blocking_detection_manager.o
                0x08002fbc                bd_set_speed_threshold
 .text.safe_filter
                0x08002fdc       0x30 src\Aversive\control_system_manager.o
 .text.safe_getprocessout
                0x0800300c       0x2c src\Aversive\control_system_manager.o
 .text.safe_setprocessin
                0x08003038       0x2c src\Aversive\control_system_manager.o
 .text.cs_init  0x08003064       0x64 src\Aversive\control_system_manager.o
                0x08003064                cs_init
 .text.cs_set_consign_filter
                0x080030c8       0x24 src\Aversive\control_system_manager.o
                0x080030c8                cs_set_consign_filter
 .text.cs_set_correct_filter
                0x080030ec       0x24 src\Aversive\control_system_manager.o
                0x080030ec                cs_set_correct_filter
 .text.cs_set_process_in
                0x08003110       0x24 src\Aversive\control_system_manager.o
                0x08003110                cs_set_process_in
 .text.cs_set_process_out
                0x08003134       0x24 src\Aversive\control_system_manager.o
                0x08003134                cs_set_process_out
 .text.cs_do_process
                0x08003158       0xa0 src\Aversive\control_system_manager.o
                0x08003158                cs_do_process
 .text.cs_manage
                0x080031f8       0x20 src\Aversive\control_system_manager.o
                0x080031f8                cs_manage
 .text.cs_get_consign
                0x08003218       0x1c src\Aversive\control_system_manager.o
                0x08003218                cs_get_consign
 .text.cs_get_filtered_consign
                0x08003234       0x1c src\Aversive\control_system_manager.o
                0x08003234                cs_get_filtered_consign
 .text.cs_set_consign
                0x08003250       0x1c src\Aversive\control_system_manager.o
                0x08003250                cs_set_consign
 .text.pid_init
                0x0800326c       0x28 src\Aversive\filters\pid.o
                0x0800326c                pid_init
 .text.pid_set_gains
                0x08003294       0x38 src\Aversive\filters\pid.o
                0x08003294                pid_set_gains
 .text.pid_set_maximums
                0x080032cc       0x2c src\Aversive\filters\pid.o
                0x080032cc                pid_set_maximums
 .text.pid_set_out_shift
                0x080032f8       0x20 src\Aversive\filters\pid.o
                0x080032f8                pid_set_out_shift
 .text.pid_set_derivate_filter
                0x08003318       0x34 src\Aversive\filters\pid.o
                0x08003318                pid_set_derivate_filter
 .text.pid_do_filter
                0x0800334c      0x160 src\Aversive\filters\pid.o
                0x0800334c                pid_do_filter
 .text.quadramp_init
                0x080034ac       0x1c src\Aversive\filters\quadramp.o
                0x080034ac                quadramp_init
 .text.quadramp_set_2nd_order_vars
                0x080034c8       0x24 src\Aversive\filters\quadramp.o
                0x080034c8                quadramp_set_2nd_order_vars
 .text.quadramp_set_1st_order_vars
                0x080034ec       0x24 src\Aversive\filters\quadramp.o
                0x080034ec                quadramp_set_1st_order_vars
 .text.quadramp_do_filter
                0x08003510      0x250 src\Aversive\filters\quadramp.o
                0x08003510                quadramp_do_filter
 .text.vect2_cart2pol
                0x08003760       0xb4 src\Aversive\math\vect2.o
                0x08003760                vect2_cart2pol
 .text.position_init
                0x08003814       0x1c src\Aversive\position_manager.o
                0x08003814                position_init
 .text.position_set_related_robot_system
                0x08003830       0x1c src\Aversive\position_manager.o
                0x08003830                position_set_related_robot_system
 .text.position_set_physical_params
                0x0800384c       0x30 src\Aversive\position_manager.o
                0x0800384c                position_set_physical_params
 .text.position_use_ext
                0x0800387c       0x44 src\Aversive\position_manager.o
                0x0800387c                position_use_ext
 .text.position_manage
                0x080038c0      0x368 src\Aversive\position_manager.o
                0x080038c0                position_manage
 .text.position_get_x_double
                0x08003c28       0x30 src\Aversive\position_manager.o
                0x08003c28                position_get_x_double
 .text.position_get_y_double
                0x08003c58       0x30 src\Aversive\position_manager.o
                0x08003c58                position_get_y_double
 .text.position_get_a_rad_double
                0x08003c88       0x30 src\Aversive\position_manager.o
                0x08003c88                position_get_a_rad_double
 .text.safe_setpwm
                0x08003cb8       0x2c src\Aversive\robot_system.o
 .text.safe_getencoder
                0x08003ce4       0x2c src\Aversive\robot_system.o
 .text.rs_init  0x08003d10       0x1c src\Aversive\robot_system.o
                0x08003d10                rs_init
 .text.rs_set_left_pwm
                0x08003d2c       0x24 src\Aversive\robot_system.o
                0x08003d2c                rs_set_left_pwm
 .text.rs_set_right_pwm
                0x08003d50       0x24 src\Aversive\robot_system.o
                0x08003d50                rs_set_right_pwm
 .text.rs_set_left_ext_encoder
                0x08003d74       0x34 src\Aversive\robot_system.o
                0x08003d74                rs_set_left_ext_encoder
 .text.rs_set_right_ext_encoder
                0x08003da8       0x34 src\Aversive\robot_system.o
                0x08003da8                rs_set_right_ext_encoder
 .text.rs_set_angle
                0x08003ddc       0x58 src\Aversive\robot_system.o
                0x08003ddc                rs_set_angle
 .text.rs_set_distance
                0x08003e34       0x58 src\Aversive\robot_system.o
                0x08003e34                rs_set_distance
 .text.rs_get_angle
                0x08003e8c       0x24 src\Aversive\robot_system.o
                0x08003e8c                rs_get_angle
 .text.rs_get_distance
                0x08003eb0       0x24 src\Aversive\robot_system.o
                0x08003eb0                rs_get_distance
 .text.rs_get_ext_angle
                0x08003ed4       0x20 src\Aversive\robot_system.o
                0x08003ed4                rs_get_ext_angle
 .text.rs_get_ext_distance
                0x08003ef4       0x20 src\Aversive\robot_system.o
                0x08003ef4                rs_get_ext_distance
 .text.rs_set_flags
                0x08003f14       0x20 src\Aversive\robot_system.o
                0x08003f14                rs_set_flags
 .text.rs_update
                0x08003f34       0xf0 src\Aversive\robot_system.o
                0x08003f34                rs_update
 .text.trajectory_init
                0x08004024       0x28 src\Aversive\trajectory_manager.o
                0x08004024                trajectory_init
 .text.trajectory_set_cs
                0x0800404c       0x24 src\Aversive\trajectory_manager.o
                0x0800404c                trajectory_set_cs
 .text.trajectory_set_robot_params
                0x08004070       0x24 src\Aversive\trajectory_manager.o
                0x08004070                trajectory_set_robot_params
 .text.trajectory_set_speed
                0x08004094       0x28 src\Aversive\trajectory_manager.o
                0x08004094                trajectory_set_speed
 *fill*         0x080040bc        0x4 
 .text.trajectory_set_windows
                0x080040c0       0x60 src\Aversive\trajectory_manager.o
                0x080040c0                trajectory_set_windows
 .text.set_quadramp_speed
                0x08004120       0x9c src\Aversive\trajectory_manager.o
 .text.get_quadramp_distance_speed
                0x080041bc       0x20 src\Aversive\trajectory_manager.o
 .text.delete_event
                0x080041dc       0x3c src\Aversive\trajectory_manager.o
 .text.schedule_event
                0x08004218       0x38 src\Aversive\trajectory_manager.o
 .text.simple_modulo_2pi
                0x08004250       0x90 src\Aversive\trajectory_manager.o
 .text.modulo_2pi
                0x080042e0       0x78 src\Aversive\trajectory_manager.o
 .text.is_robot_in_dist_window
                0x08004358       0xa0 src\Aversive\trajectory_manager.o
 .text.is_robot_in_xy_window
                0x080043f8       0xe4 src\Aversive\trajectory_manager.o
 .text.is_robot_in_angle_window
                0x080044dc       0xc8 src\Aversive\trajectory_manager.o
 .text.__trajectory_goto_d_a_rel
                0x080045a4      0x124 src\Aversive\trajectory_manager.o
                0x080045a4                __trajectory_goto_d_a_rel
 .text.trajectory_turnto_xy
                0x080046c8       0xd0 src\Aversive\trajectory_manager.o
                0x080046c8                trajectory_turnto_xy
 .text.trajectory_turnto_xy_behind
                0x08004798       0xe8 src\Aversive\trajectory_manager.o
                0x08004798                trajectory_turnto_xy_behind
 .text.trajectory_d_a_rel
                0x08004880       0x50 src\Aversive\trajectory_manager.o
                0x08004880                trajectory_d_a_rel
 .text.trajectory_goto_xy_abs
                0x080048d0       0x40 src\Aversive\trajectory_manager.o
                0x080048d0                trajectory_goto_xy_abs
 .text.trajectory_goto_forward_xy_abs
                0x08004910       0x40 src\Aversive\trajectory_manager.o
                0x08004910                trajectory_goto_forward_xy_abs
 .text.trajectory_goto_backward_xy_abs
                0x08004950       0x40 src\Aversive\trajectory_manager.o
                0x08004950                trajectory_goto_backward_xy_abs
 .text.trajectory_finished
                0x08004990       0x50 src\Aversive\trajectory_manager.o
                0x08004990                trajectory_finished
 .text.trajectory_in_window
                0x080049e0       0xb0 src\Aversive\trajectory_manager.o
                0x080049e0                trajectory_in_window
 .text.trajectory_manager_event
                0x08004a90      0x428 src\Aversive\trajectory_manager.o
 .text.NVIC_PriorityGroupConfig
                0x08004eb8       0x28 src\Drivers\SPL\src\misc.o
                0x08004eb8                NVIC_PriorityGroupConfig
 .text.ADC_Init
                0x08004ee0       0xac src\Drivers\SPL\src\stm32f7xx_adc.o
                0x08004ee0                ADC_Init
 .text.ADC_StructInit
                0x08004f8c       0x40 src\Drivers\SPL\src\stm32f7xx_adc.o
                0x08004f8c                ADC_StructInit
 .text.ADC_CommonInit
                0x08004fcc       0x50 src\Drivers\SPL\src\stm32f7xx_adc.o
                0x08004fcc                ADC_CommonInit
 .text.ADC_CommonStructInit
                0x0800501c       0x2c src\Drivers\SPL\src\stm32f7xx_adc.o
                0x0800501c                ADC_CommonStructInit
 .text.ADC_Cmd  0x08005048       0x38 src\Drivers\SPL\src\stm32f7xx_adc.o
                0x08005048                ADC_Cmd
 .text.ADC_TempSensorVrefintCmd
                0x08005080       0x3c src\Drivers\SPL\src\stm32f7xx_adc.o
                0x08005080                ADC_TempSensorVrefintCmd
 .text.FLASH_SetLatency
                0x080050bc       0x28 src\Drivers\SPL\src\stm32f7xx_flash.o
                0x080050bc                FLASH_SetLatency
 .text.GPIO_Init
                0x080050e4      0x11c src\Drivers\SPL\src\stm32f7xx_gpio.o
                0x080050e4                GPIO_Init
 .text.GPIO_ReadInputDataBit
                0x08005200       0x34 src\Drivers\SPL\src\stm32f7xx_gpio.o
                0x08005200                GPIO_ReadInputDataBit
 .text.GPIO_WriteBit
                0x08005234       0x34 src\Drivers\SPL\src\stm32f7xx_gpio.o
                0x08005234                GPIO_WriteBit
 .text.GPIO_PinAFConfig
                0x08005268       0x94 src\Drivers\SPL\src\stm32f7xx_gpio.o
                0x08005268                GPIO_PinAFConfig
 .text.PWR_OverDriveCmd
                0x080052fc       0x3c src\Drivers\SPL\src\stm32f7xx_pwr.o
                0x080052fc                PWR_OverDriveCmd
 .text.PWR_OverDriveSWCmd
                0x08005338       0x3c src\Drivers\SPL\src\stm32f7xx_pwr.o
                0x08005338                PWR_OverDriveSWCmd
 .text.PWR_GetFlagStatus
                0x08005374       0x5c src\Drivers\SPL\src\stm32f7xx_pwr.o
                0x08005374                PWR_GetFlagStatus
 .text.RCC_HSEConfig
                0x080053d0       0x28 src\Drivers\SPL\src\stm32f7xx_rcc.o
                0x080053d0                RCC_HSEConfig
 .text.RCC_WaitForHSEStartUp
                0x080053f8       0x50 src\Drivers\SPL\src\stm32f7xx_rcc.o
                0x080053f8                RCC_WaitForHSEStartUp
 .text.RCC_PLLConfig
                0x08005448       0x84 src\Drivers\SPL\src\stm32f7xx_rcc.o
                0x08005448                RCC_PLLConfig
 .text.RCC_PLLCmd
                0x080054cc       0x3c src\Drivers\SPL\src\stm32f7xx_rcc.o
                0x080054cc                RCC_PLLCmd
 .text.RCC_SYSCLKConfig
                0x08005508       0x38 src\Drivers\SPL\src\stm32f7xx_rcc.o
                0x08005508                RCC_SYSCLKConfig
 .text.RCC_HCLKConfig
                0x08005540       0x38 src\Drivers\SPL\src\stm32f7xx_rcc.o
                0x08005540                RCC_HCLKConfig
 .text.RCC_PCLK1Config
                0x08005578       0x38 src\Drivers\SPL\src\stm32f7xx_rcc.o
                0x08005578                RCC_PCLK1Config
 .text.RCC_PCLK2Config
                0x080055b0       0x3c src\Drivers\SPL\src\stm32f7xx_rcc.o
                0x080055b0                RCC_PCLK2Config
 .text.RCC_GetClocksFreq
                0x080055ec      0x150 src\Drivers\SPL\src\stm32f7xx_rcc.o
                0x080055ec                RCC_GetClocksFreq
 .text.RCC_AHB1PeriphClockCmd
                0x0800573c       0x40 src\Drivers\SPL\src\stm32f7xx_rcc.o
                0x0800573c                RCC_AHB1PeriphClockCmd
 .text.RCC_APB1PeriphClockCmd
                0x0800577c       0x40 src\Drivers\SPL\src\stm32f7xx_rcc.o
                0x0800577c                RCC_APB1PeriphClockCmd
 .text.RCC_APB2PeriphClockCmd
                0x080057bc       0x40 src\Drivers\SPL\src\stm32f7xx_rcc.o
                0x080057bc                RCC_APB2PeriphClockCmd
 .text.RCC_GetFlagStatus
                0x080057fc       0x74 src\Drivers\SPL\src\stm32f7xx_rcc.o
                0x080057fc                RCC_GetFlagStatus
 .text.SPI_StructInit
                0x08005870       0x4c src\Drivers\SPL\src\stm32f7xx_spi.o
                0x08005870                SPI_StructInit
 .text.SPI_Init
                0x080058bc       0xa8 src\Drivers\SPL\src\stm32f7xx_spi.o
                0x080058bc                SPI_Init
 .text.SPI_Cmd  0x08005964       0x38 src\Drivers\SPL\src\stm32f7xx_spi.o
                0x08005964                SPI_Cmd
 .text.SPI_SSOutputCmd
                0x0800599c       0x38 src\Drivers\SPL\src\stm32f7xx_spi.o
                0x0800599c                SPI_SSOutputCmd
 .text.TIM_TimeBaseInit
                0x080059d4       0xd4 src\Drivers\SPL\src\stm32f7xx_tim.o
                0x080059d4                TIM_TimeBaseInit
 .text.TIM_SetCounter
                0x08005aa8       0x1c src\Drivers\SPL\src\stm32f7xx_tim.o
                0x08005aa8                TIM_SetCounter
 .text.TIM_SetAutoreload
                0x08005ac4       0x1c src\Drivers\SPL\src\stm32f7xx_tim.o
                0x08005ac4                TIM_SetAutoreload
 .text.TIM_GetCounter
                0x08005ae0       0x18 src\Drivers\SPL\src\stm32f7xx_tim.o
                0x08005ae0                TIM_GetCounter
 .text.TIM_Cmd  0x08005af8       0x38 src\Drivers\SPL\src\stm32f7xx_tim.o
                0x08005af8                TIM_Cmd
 .text.TIM_OC1Init
                0x08005b30       0xf4 src\Drivers\SPL\src\stm32f7xx_tim.o
                0x08005b30                TIM_OC1Init
 .text.TIM_OC2Init
                0x08005c24      0x104 src\Drivers\SPL\src\stm32f7xx_tim.o
                0x08005c24                TIM_OC2Init
 .text.TIM_OC3Init
                0x08005d28      0x100 src\Drivers\SPL\src\stm32f7xx_tim.o
                0x08005d28                TIM_OC3Init
 .text.TIM_OC4Init
                0x08005e28       0xc8 src\Drivers\SPL\src\stm32f7xx_tim.o
                0x08005e28                TIM_OC4Init
 .text.TIM_OCStructInit
                0x08005ef0       0x44 src\Drivers\SPL\src\stm32f7xx_tim.o
                0x08005ef0                TIM_OCStructInit
 .text.TIM_SetCompare1
                0x08005f34       0x1c src\Drivers\SPL\src\stm32f7xx_tim.o
                0x08005f34                TIM_SetCompare1
 .text.TIM_SetCompare2
                0x08005f50       0x1c src\Drivers\SPL\src\stm32f7xx_tim.o
                0x08005f50                TIM_SetCompare2
 .text.TIM_SetCompare3
                0x08005f6c       0x1c src\Drivers\SPL\src\stm32f7xx_tim.o
                0x08005f6c                TIM_SetCompare3
 .text.TIM_SetCompare4
                0x08005f88       0x1c src\Drivers\SPL\src\stm32f7xx_tim.o
                0x08005f88                TIM_SetCompare4
 .text.TIM_OC1PreloadConfig
                0x08005fa4       0x38 src\Drivers\SPL\src\stm32f7xx_tim.o
                0x08005fa4                TIM_OC1PreloadConfig
 .text.TIM_OC2PreloadConfig
                0x08005fdc       0x38 src\Drivers\SPL\src\stm32f7xx_tim.o
                0x08005fdc                TIM_OC2PreloadConfig
 .text.TIM_OC3PreloadConfig
                0x08006014       0x38 src\Drivers\SPL\src\stm32f7xx_tim.o
                0x08006014                TIM_OC3PreloadConfig
 .text.TIM_OC4PreloadConfig
                0x0800604c       0x38 src\Drivers\SPL\src\stm32f7xx_tim.o
                0x0800604c                TIM_OC4PreloadConfig
 .text.TIM_CtrlPWMOutputs
                0x08006084       0x38 src\Drivers\SPL\src\stm32f7xx_tim.o
                0x08006084                TIM_CtrlPWMOutputs
 .text.TIM_ITConfig
                0x080060bc       0x3c src\Drivers\SPL\src\stm32f7xx_tim.o
                0x080060bc                TIM_ITConfig
 .text.TIM_ClearITPendingBit
                0x080060f8       0x20 src\Drivers\SPL\src\stm32f7xx_tim.o
                0x080060f8                TIM_ClearITPendingBit
 .text.TIM_EncoderInterfaceConfig
                0x08006118       0x8c src\Drivers\SPL\src\stm32f7xx_tim.o
                0x08006118                TIM_EncoderInterfaceConfig
 .text.USART_GetClockSource
                0x080061a4      0x4dc src\Drivers\SPL\src\stm32f7xx_usart.o
                0x080061a4                USART_GetClockSource
 .text.USART_Init
                0x08006680      0x174 src\Drivers\SPL\src\stm32f7xx_usart.o
                0x08006680                USART_Init
 .text.USART_ClockInit
                0x080067f4       0x4c src\Drivers\SPL\src\stm32f7xx_usart.o
                0x080067f4                USART_ClockInit
 .text.USART_ClockStructInit
                0x08006840       0x2c src\Drivers\SPL\src\stm32f7xx_usart.o
                0x08006840                USART_ClockStructInit
 .text.USART_Cmd
                0x0800686c       0x38 src\Drivers\SPL\src\stm32f7xx_usart.o
                0x0800686c                USART_Cmd
 .text.USART_SendData
                0x080068a4       0x24 src\Drivers\SPL\src\stm32f7xx_usart.o
                0x080068a4                USART_SendData
 .text.USART_ReceiveData
                0x080068c8       0x20 src\Drivers\SPL\src\stm32f7xx_usart.o
                0x080068c8                USART_ReceiveData
 .text.USART_ITConfig
                0x080068e8       0x84 src\Drivers\SPL\src\stm32f7xx_usart.o
                0x080068e8                USART_ITConfig
 .text.USART_GetFlagStatus
                0x0800696c       0x34 src\Drivers\SPL\src\stm32f7xx_usart.o
                0x0800696c                USART_GetFlagStatus
 .text.USART_GetITStatus
                0x080069a0       0xa0 src\Drivers\SPL\src\stm32f7xx_usart.o
                0x080069a0                USART_GetITStatus
 .text.USART_ClearITPendingBit
                0x08006a40       0x34 src\Drivers\SPL\src\stm32f7xx_usart.o
                0x08006a40                USART_ClearITPendingBit
 .text.vListInitialise
                0x08006a74       0x40 src\FreeRTOS\list.o
                0x08006a74                vListInitialise
 .text.vListInitialiseItem
                0x08006ab4       0x1c src\FreeRTOS\list.o
                0x08006ab4                vListInitialiseItem
 .text.vListInsertEnd
                0x08006ad0       0x48 src\FreeRTOS\list.o
                0x08006ad0                vListInsertEnd
 .text.vListInsert
                0x08006b18       0x74 src\FreeRTOS\list.o
                0x08006b18                vListInsert
 .text.uxListRemove
                0x08006b8c       0x54 src\FreeRTOS\list.o
                0x08006b8c                uxListRemove
 .text.pxPortInitialiseStack
                0x08006be0       0x68 src\FreeRTOS\portable\GCC\ARM_CM7\r0p1\port.o
                0x08006be0                pxPortInitialiseStack
 .text.prvTaskExitError
                0x08006c48       0x3c src\FreeRTOS\portable\GCC\ARM_CM7\r0p1\port.o
 *fill*         0x08006c84        0xc 
 .text.SVC_Handler
                0x08006c90       0x28 src\FreeRTOS\portable\GCC\ARM_CM7\r0p1\port.o
                0x08006c90                SVC_Handler
 .text.prvPortStartFirstTask
                0x08006cb8       0x20 src\FreeRTOS\portable\GCC\ARM_CM7\r0p1\port.o
 .text.xPortStartScheduler
                0x08006cd8       0xd0 src\FreeRTOS\portable\GCC\ARM_CM7\r0p1\port.o
                0x08006cd8                xPortStartScheduler
 .text.vPortEnterCritical
                0x08006da8       0x58 src\FreeRTOS\portable\GCC\ARM_CM7\r0p1\port.o
                0x08006da8                vPortEnterCritical
 .text.vPortExitCritical
                0x08006e00       0x44 src\FreeRTOS\portable\GCC\ARM_CM7\r0p1\port.o
                0x08006e00                vPortExitCritical
 *fill*         0x08006e44        0xc 
 .text.PendSV_Handler
                0x08006e50       0x68 src\FreeRTOS\portable\GCC\ARM_CM7\r0p1\port.o
                0x08006e50                PendSV_Handler
 .text.SysTick_Handler
                0x08006eb8       0x44 src\FreeRTOS\portable\GCC\ARM_CM7\r0p1\port.o
                0x08006eb8                SysTick_Handler
 .text.vPortSetupTimerInterrupt
                0x08006efc       0x38 src\FreeRTOS\portable\GCC\ARM_CM7\r0p1\port.o
                0x08006efc                vPortSetupTimerInterrupt
 .text.vPortEnableVFP
                0x08006f34       0x14 src\FreeRTOS\portable\GCC\ARM_CM7\r0p1\port.o
 .text.vPortValidateInterruptPriority
                0x08006f48       0x68 src\FreeRTOS\portable\GCC\ARM_CM7\r0p1\port.o
                0x08006f48                vPortValidateInterruptPriority
 .text.pvPortMalloc
                0x08006fb0      0x16c src\FreeRTOS\portable\MemMang\heap_4.o
                0x08006fb0                pvPortMalloc
 .text.vPortFree
                0x0800711c       0xa0 src\FreeRTOS\portable\MemMang\heap_4.o
                0x0800711c                vPortFree
 .text.prvHeapInit
                0x080071bc       0xc4 src\FreeRTOS\portable\MemMang\heap_4.o
 .text.prvInsertBlockIntoFreeList
                0x08007280       0xb4 src\FreeRTOS\portable\MemMang\heap_4.o
 .text.xQueueGenericReset
                0x08007334       0xc8 src\FreeRTOS\queue.o
                0x08007334                xQueueGenericReset
 .text.xQueueGenericCreate
                0x080073fc       0x6c src\FreeRTOS\queue.o
                0x080073fc                xQueueGenericCreate
 .text.prvInitialiseNewQueue
                0x08007468       0x4c src\FreeRTOS\queue.o
 .text.prvInitialiseMutex
                0x080074b4       0x34 src\FreeRTOS\queue.o
 .text.xQueueCreateMutex
                0x080074e8       0x30 src\FreeRTOS\queue.o
                0x080074e8                xQueueCreateMutex
 .text.xQueueGenericSend
                0x08007518      0x1f8 src\FreeRTOS\queue.o
                0x08007518                xQueueGenericSend
 .text.xQueueGenericSendFromISR
                0x08007710      0x134 src\FreeRTOS\queue.o
                0x08007710                xQueueGenericSendFromISR
 .text.xQueueGenericReceive
                0x08007844      0x20c src\FreeRTOS\queue.o
                0x08007844                xQueueGenericReceive
 .text.xQueueReceiveFromISR
                0x08007a50       0xec src\FreeRTOS\queue.o
                0x08007a50                xQueueReceiveFromISR
 .text.uxQueueMessagesWaiting
                0x08007b3c       0x34 src\FreeRTOS\queue.o
                0x08007b3c                uxQueueMessagesWaiting
 .text.prvCopyDataToQueue
                0x08007b70       0xd4 src\FreeRTOS\queue.o
 .text.prvCopyDataFromQueue
                0x08007c44       0x4c src\FreeRTOS\queue.o
 .text.prvUnlockQueue
                0x08007c90       0xc0 src\FreeRTOS\queue.o
 .text.prvIsQueueEmpty
                0x08007d50       0x2c src\FreeRTOS\queue.o
 .text.prvIsQueueFull
                0x08007d7c       0x30 src\FreeRTOS\queue.o
 .text.vQueueAddToRegistry
                0x08007dac       0x50 src\FreeRTOS\queue.o
                0x08007dac                vQueueAddToRegistry
 .text.vQueueWaitForMessageRestricted
                0x08007dfc       0x68 src\FreeRTOS\queue.o
                0x08007dfc                vQueueWaitForMessageRestricted
 .text.prvNotifyQueueSetContainer
                0x08007e64       0xa0 src\FreeRTOS\queue.o
 .text.xTaskCreate
                0x08007f04       0x84 src\FreeRTOS\tasks.o
                0x08007f04                xTaskCreate
 .text.prvInitialiseNewTask
                0x08007f88      0x10c src\FreeRTOS\tasks.o
 .text.prvAddNewTaskToReadyList
                0x08008094       0xdc src\FreeRTOS\tasks.o
 .text.vTaskDelete
                0x08008170      0x118 src\FreeRTOS\tasks.o
                0x08008170                vTaskDelete
 .text.vTaskDelayUntil
                0x08008288       0xdc src\FreeRTOS\tasks.o
                0x08008288                vTaskDelayUntil
 .text.vTaskDelay
                0x08008364       0x60 src\FreeRTOS\tasks.o
                0x08008364                vTaskDelay
 .text.eTaskGetState
                0x080083c4       0xac src\FreeRTOS\tasks.o
                0x080083c4                eTaskGetState
 .text.vTaskStartScheduler
                0x08008470       0x98 src\FreeRTOS\tasks.o
                0x08008470                vTaskStartScheduler
 .text.vTaskSuspendAll
                0x08008508       0x1c src\FreeRTOS\tasks.o
                0x08008508                vTaskSuspendAll
 .text.xTaskResumeAll
                0x08008524      0x130 src\FreeRTOS\tasks.o
                0x08008524                xTaskResumeAll
 .text.xTaskGetTickCount
                0x08008654       0x20 src\FreeRTOS\tasks.o
                0x08008654                xTaskGetTickCount
 .text.uxTaskGetNumberOfTasks
                0x08008674       0x18 src\FreeRTOS\tasks.o
                0x08008674                uxTaskGetNumberOfTasks
 .text.uxTaskGetSystemState
                0x0800868c      0x120 src\FreeRTOS\tasks.o
                0x0800868c                uxTaskGetSystemState
 .text.xTaskIncrementTick
                0x080087ac      0x174 src\FreeRTOS\tasks.o
                0x080087ac                xTaskIncrementTick
 .text.vTaskSwitchContext
                0x08008920      0x134 src\FreeRTOS\tasks.o
                0x08008920                vTaskSwitchContext
 .text.vTaskPlaceOnEventList
                0x08008a54       0x40 src\FreeRTOS\tasks.o
                0x08008a54                vTaskPlaceOnEventList
 .text.vTaskPlaceOnEventListRestricted
                0x08008a94       0x50 src\FreeRTOS\tasks.o
                0x08008a94                vTaskPlaceOnEventListRestricted
 .text.xTaskRemoveFromEventList
                0x08008ae4       0xbc src\FreeRTOS\tasks.o
                0x08008ae4                xTaskRemoveFromEventList
 .text.vTaskSetTimeOutState
                0x08008ba0       0x3c src\FreeRTOS\tasks.o
                0x08008ba0                vTaskSetTimeOutState
 .text.xTaskCheckForTimeOut
                0x08008bdc       0xac src\FreeRTOS\tasks.o
                0x08008bdc                xTaskCheckForTimeOut
 .text.vTaskMissedYield
                0x08008c88       0x18 src\FreeRTOS\tasks.o
                0x08008c88                vTaskMissedYield
 .text.prvIdleTask
                0x08008ca0       0x30 src\FreeRTOS\tasks.o
 .text.prvInitialiseTaskLists
                0x08008cd0       0x80 src\FreeRTOS\tasks.o
 .text.prvCheckTasksWaitingTermination
                0x08008d50       0x78 src\FreeRTOS\tasks.o
 .text.vTaskGetInfo
                0x08008dc8       0xbc src\FreeRTOS\tasks.o
                0x08008dc8                vTaskGetInfo
 .text.prvListTasksWithinSingleList
                0x08008e84       0xa4 src\FreeRTOS\tasks.o
 .text.prvTaskCheckFreeStackSpace
                0x08008f28       0x38 src\FreeRTOS\tasks.o
 .text.prvDeleteTCB
                0x08008f60       0x20 src\FreeRTOS\tasks.o
 .text.prvResetNextTaskUnblockTime
                0x08008f80       0x4c src\FreeRTOS\tasks.o
 .text.xTaskGetSchedulerState
                0x08008fcc       0x3c src\FreeRTOS\tasks.o
                0x08008fcc                xTaskGetSchedulerState
 .text.vTaskPriorityInherit
                0x08009008       0xec src\FreeRTOS\tasks.o
                0x08009008                vTaskPriorityInherit
 .text.xTaskPriorityDisinherit
                0x080090f4       0xf8 src\FreeRTOS\tasks.o
                0x080090f4                xTaskPriorityDisinherit
 .text.prvWriteNameToBuffer
                0x080091ec       0x4c src\FreeRTOS\tasks.o
 .text.vTaskList
                0x08009238      0x12c src\FreeRTOS\tasks.o
                0x08009238                vTaskList
 .text.pvTaskIncrementMutexHeldCount
                0x08009364       0x28 src\FreeRTOS\tasks.o
                0x08009364                pvTaskIncrementMutexHeldCount
 .text.prvAddCurrentTaskToDelayedList
                0x0800938c       0xcc src\FreeRTOS\tasks.o
 .text.xTimerCreateTimerTask
                0x08009458       0x5c src\FreeRTOS\timers.o
                0x08009458                xTimerCreateTimerTask
 .text.xTimerGenericCommand
                0x080094b4       0x94 src\FreeRTOS\timers.o
                0x080094b4                xTimerGenericCommand
 .text.prvProcessExpiredTimer
                0x08009548       0x78 src\FreeRTOS\timers.o
 .text.prvTimerTask
                0x080095c0       0x24 src\FreeRTOS\timers.o
 .text.prvProcessTimerOrBlockTask
                0x080095e4       0x9c src\FreeRTOS\timers.o
 .text.prvGetNextExpireTime
                0x08009680       0x48 src\FreeRTOS\timers.o
 .text.prvSampleTimeNow
                0x080096c8       0x40 src\FreeRTOS\timers.o
 .text.prvInsertTimerInActiveList
                0x08009708       0x84 src\FreeRTOS\timers.o
 .text.prvProcessReceivedCommands
                0x0800978c      0x140 src\FreeRTOS\timers.o
 .text.prvSwitchTimerLists
                0x080098cc       0xbc src\FreeRTOS\timers.o
 .text.prvCheckForValidListAndQueue
                0x08009988       0x6c src\FreeRTOS\timers.o
 .text.FreeRTOS_CLIRegisterCommand
                0x080099f4       0x70 src\FreeRTOS-Plus\FreeRTOS-Plus-CLI\FreeRTOS_CLI.o
                0x080099f4                FreeRTOS_CLIRegisterCommand
 .text.FreeRTOS_CLIProcessCommand
                0x08009a64      0x10c src\FreeRTOS-Plus\FreeRTOS-Plus-CLI\FreeRTOS_CLI.o
                0x08009a64                FreeRTOS_CLIProcessCommand
 .text.FreeRTOS_CLIGetOutputBuffer
                0x08009b70       0x14 src\FreeRTOS-Plus\FreeRTOS-Plus-CLI\FreeRTOS_CLI.o
                0x08009b70                FreeRTOS_CLIGetOutputBuffer
 .text.FreeRTOS_CLIGetParameter
                0x08009b84       0xb4 src\FreeRTOS-Plus\FreeRTOS-Plus-CLI\FreeRTOS_CLI.o
                0x08009b84                FreeRTOS_CLIGetParameter
 .text.prvHelpCommand
                0x08009c38       0x5c src\FreeRTOS-Plus\FreeRTOS-Plus-CLI\FreeRTOS_CLI.o
 .text.prvGetNumberOfParameters
                0x08009c94       0x68 src\FreeRTOS-Plus\FreeRTOS-Plus-CLI\FreeRTOS_CLI.o
 .text.HW_ConfigAll
                0x08009cfc       0x68 src\Hardware\hardware.o
 .text.HW_InitAll
                0x08009d64       0x50 src\Hardware\hardware.o
                0x08009d64                HW_InitAll
 .text.HW_PowerUp
                0x08009db4       0x1c src\Hardware\hardware.o
                0x08009db4                HW_PowerUp
 .text.HW_ASV_Init
                0x08009dd0      0x24c src\Hardware\hw_analog_servo.o
                0x08009dd0                HW_ASV_Init
 .text.HW_ASV_SetPwmPulseLength
                0x0800a01c       0xb0 src\Hardware\hw_analog_servo.o
                0x0800a01c                HW_ASV_SetPwmPulseLength
 .text.NVIC_EnableIRQ
                0x0800a0cc       0x34 src\Hardware\hw_debug.o
 .text.NVIC_SetPriority
                0x0800a100       0x54 src\Hardware\hw_debug.o
 .text.HW_DBG_Init
                0x0800a154      0x128 src\Hardware\hw_debug.o
                0x0800a154                HW_DBG_Init
 .text.HW_DBG_Put
                0x0800a27c       0x7c src\Hardware\hw_debug.o
                0x0800a27c                HW_DBG_Put
 .text.HW_DBG_Puts
                0x0800a2f8       0x38 src\Hardware\hw_debug.o
                0x0800a2f8                HW_DBG_Puts
 .text.HW_DBG_Get
                0x0800a330       0x24 src\Hardware\hw_debug.o
                0x0800a330                HW_DBG_Get
 .text.USART1_IRQHandler
                0x0800a354       0x94 src\Hardware\hw_debug.o
                0x0800a354                USART1_IRQHandler
 .text.HW_Digital_Input_Init
                0x0800a3e8      0x1b4 src\Hardware\hw_digital_input.o
                0x0800a3e8                HW_Digital_Input_Init
 .text.HW_DSV_Init
                0x0800a59c       0x88 src\Hardware\hw_dsv.o
                0x0800a59c                HW_DSV_Init
 .text.HW_DSV_Put
                0x0800a624       0x34 src\Hardware\hw_dsv.o
                0x0800a624                HW_DSV_Put
 .text.HW_ENC_Init
                0x0800a658       0xfc src\Hardware\hw_encoder.o
                0x0800a658                HW_ENC_Init
 .text.HW_ENC_GetChannel
                0x0800a754       0x9c src\Hardware\hw_encoder.o
                0x0800a754                HW_ENC_GetChannel
 .text.HW_ENC_ResetChannels
                0x0800a7f0       0x24 src\Hardware\hw_encoder.o
                0x0800a7f0                HW_ENC_ResetChannels
 .text.HW_HMI_Init
                0x0800a814      0x178 src\Hardware\hw_hmi.o
                0x0800a814                HW_HMI_Init
 .text.HW_LED_Init
                0x0800a98c       0x8c src\Hardware\hw_led.o
                0x0800a98c                HW_LED_Init
 .text.HW_MON_Init
                0x0800aa18      0x198 src\Hardware\hw_monitoring.o
                0x0800aa18                HW_MON_Init
 .text.HW_MOT_Init
                0x0800abb0      0x14c src\Hardware\hw_motor.o
                0x0800abb0                HW_MOT_Init
 .text.HW_MOT_SetMotorSpeed
                0x0800acfc       0xa8 src\Hardware\hw_motor.o
                0x0800acfc                HW_MOT_SetMotorSpeed
 .text.HW_MOT_SetMotorSpeedFastDecay
                0x0800ada4       0x24 src\Hardware\hw_motor.o
                0x0800ada4                HW_MOT_SetMotorSpeedFastDecay
 .text.HW_PWR_Init
                0x0800adc8       0x80 src\Hardware\hw_power.o
                0x0800adc8                HW_PWR_Init
 .text.HW_PWR_Enable
                0x0800ae48       0x34 src\Hardware\hw_power.o
                0x0800ae48                HW_PWR_Enable
 .text.HW_PWR_Disable
                0x0800ae7c       0x34 src\Hardware\hw_power.o
                0x0800ae7c                HW_PWR_Disable
 .text.NVIC_EnableIRQ
                0x0800aeb0       0x34 src\Hardware\hw_system.o
 .text.NVIC_ClearPendingIRQ
                0x0800aee4       0x34 src\Hardware\hw_system.o
 .text.NVIC_SetPriority
                0x0800af18       0x54 src\Hardware\hw_system.o
 .text.SCB_EnableICache
                0x0800af6c       0x38 src\Hardware\hw_system.o
 .text.SCB_EnableDCache
                0x0800afa4       0xa0 src\Hardware\hw_system.o
 .text.HW_SystemClock_Config
                0x0800b044       0xb0 src\Hardware\hw_system.o
                0x0800b044                HW_SystemClock_Config
 .text.HW_CPU_CACHE_Enable
                0x0800b0f4       0x24 src\Hardware\hw_system.o
                0x0800b0f4                HW_CPU_CACHE_Enable
 .text.HW_SYS_TimerRunTime_Config
                0x0800b118       0x6c src\Hardware\hw_system.o
                0x0800b118                HW_SYS_TimerRunTime_Config
 .text.HW_SYS_GetRunTimeTicks
                0x0800b184       0x2c src\Hardware\hw_system.o
                0x0800b184                HW_SYS_GetRunTimeTicks
 .text.TIM6_DAC_IRQHandler
                0x0800b1b0       0x2c src\Hardware\hw_system.o
                0x0800b1b0                TIM6_DAC_IRQHandler
 .text.HW_SYS_GetRunTimeStats
                0x0800b1dc      0x194 src\Hardware\hw_system.o
                0x0800b1dc                HW_SYS_GetRunTimeStats
 .text.Reset_Handler
                0x0800b370       0x50 src\Hardware\startup_stm32f756xx.o
                0x0800b370                Reset_Handler
 .text.Default_Handler
                0x0800b3c0        0x2 src\Hardware\startup_stm32f756xx.o
                0x0800b3c0                RTC_Alarm_IRQHandler
                0x0800b3c0                HASH_RNG_IRQHandler
                0x0800b3c0                EXTI2_IRQHandler
                0x0800b3c0                TIM8_CC_IRQHandler
                0x0800b3c0                DebugMon_Handler
                0x0800b3c0                UART8_IRQHandler
                0x0800b3c0                SPI4_IRQHandler
                0x0800b3c0                TIM1_CC_IRQHandler
                0x0800b3c0                DMA2_Stream5_IRQHandler
                0x0800b3c0                HardFault_Handler
                0x0800b3c0                DMA1_Stream5_IRQHandler
                0x0800b3c0                PVD_IRQHandler
                0x0800b3c0                TAMP_STAMP_IRQHandler
                0x0800b3c0                NMI_Handler
                0x0800b3c0                CAN2_RX1_IRQHandler
                0x0800b3c0                EXTI3_IRQHandler
                0x0800b3c0                TIM8_TRG_COM_TIM14_IRQHandler
                0x0800b3c0                TIM1_UP_TIM10_IRQHandler
                0x0800b3c0                TIM8_UP_TIM13_IRQHandler
                0x0800b3c0                I2C3_ER_IRQHandler
                0x0800b3c0                EXTI0_IRQHandler
                0x0800b3c0                I2C2_EV_IRQHandler
                0x0800b3c0                DMA1_Stream2_IRQHandler
                0x0800b3c0                CAN1_RX0_IRQHandler
                0x0800b3c0                FPU_IRQHandler
                0x0800b3c0                OTG_HS_WKUP_IRQHandler
                0x0800b3c0                UsageFault_Handler
                0x0800b3c0                LTDC_ER_IRQHandler
                0x0800b3c0                CAN2_SCE_IRQHandler
                0x0800b3c0                DMA2_Stream2_IRQHandler
                0x0800b3c0                SPI1_IRQHandler
                0x0800b3c0                TIM1_BRK_TIM9_IRQHandler
                0x0800b3c0                DCMI_IRQHandler
                0x0800b3c0                CAN2_RX0_IRQHandler
                0x0800b3c0                DMA2_Stream3_IRQHandler
                0x0800b3c0                SAI2_IRQHandler
                0x0800b3c0                USART6_IRQHandler
                0x0800b3c0                USART3_IRQHandler
                0x0800b3c0                CRYP_IRQHandler
                0x0800b3c0                CAN1_RX1_IRQHandler
                0x0800b3c0                UART5_IRQHandler
                0x0800b3c0                DMA2_Stream0_IRQHandler
                0x0800b3c0                TIM4_IRQHandler
                0x0800b3c0                QUADSPI_IRQHandler
                0x0800b3c0                I2C1_EV_IRQHandler
                0x0800b3c0                DMA1_Stream6_IRQHandler
                0x0800b3c0                DMA1_Stream1_IRQHandler
                0x0800b3c0                UART4_IRQHandler
                0x0800b3c0                TIM3_IRQHandler
                0x0800b3c0                RCC_IRQHandler
                0x0800b3c0                TIM8_BRK_TIM12_IRQHandler
                0x0800b3c0                Default_Handler
                0x0800b3c0                CEC_IRQHandler
                0x0800b3c0                EXTI15_10_IRQHandler
                0x0800b3c0                ADC_IRQHandler
                0x0800b3c0                DMA1_Stream7_IRQHandler
                0x0800b3c0                SPI5_IRQHandler
                0x0800b3c0                TIM7_IRQHandler
                0x0800b3c0                SDMMC1_IRQHandler
                0x0800b3c0                CAN2_TX_IRQHandler
                0x0800b3c0                TIM5_IRQHandler
                0x0800b3c0                DMA2_Stream7_IRQHandler
                0x0800b3c0                I2C3_EV_IRQHandler
                0x0800b3c0                EXTI9_5_IRQHandler
                0x0800b3c0                RTC_WKUP_IRQHandler
                0x0800b3c0                LTDC_IRQHandler
                0x0800b3c0                ETH_WKUP_IRQHandler
                0x0800b3c0                SPDIF_RX_IRQHandler
                0x0800b3c0                SPI2_IRQHandler
                0x0800b3c0                OTG_HS_EP1_IN_IRQHandler
                0x0800b3c0                MemManage_Handler
                0x0800b3c0                DMA1_Stream0_IRQHandler
                0x0800b3c0                CAN1_TX_IRQHandler
                0x0800b3c0                EXTI4_IRQHandler
                0x0800b3c0                ETH_IRQHandler
                0x0800b3c0                OTG_HS_EP1_OUT_IRQHandler
                0x0800b3c0                WWDG_IRQHandler
                0x0800b3c0                SPI6_IRQHandler
                0x0800b3c0                I2C4_EV_IRQHandler
                0x0800b3c0                TIM2_IRQHandler
                0x0800b3c0                OTG_FS_WKUP_IRQHandler
                0x0800b3c0                TIM1_TRG_COM_TIM11_IRQHandler
                0x0800b3c0                OTG_HS_IRQHandler
                0x0800b3c0                DMA2D_IRQHandler
                0x0800b3c0                EXTI1_IRQHandler
                0x0800b3c0                UART7_IRQHandler
                0x0800b3c0                USART2_IRQHandler
                0x0800b3c0                I2C2_ER_IRQHandler
                0x0800b3c0                DMA2_Stream1_IRQHandler
                0x0800b3c0                CAN1_SCE_IRQHandler
                0x0800b3c0                FLASH_IRQHandler
                0x0800b3c0                DMA2_Stream4_IRQHandler
                0x0800b3c0                BusFault_Handler
                0x0800b3c0                OTG_FS_IRQHandler
                0x0800b3c0                SPI3_IRQHandler
                0x0800b3c0                DMA1_Stream4_IRQHandler
                0x0800b3c0                I2C1_ER_IRQHandler
                0x0800b3c0                FMC_IRQHandler
                0x0800b3c0                LPTIM1_IRQHandler
                0x0800b3c0                I2C4_ER_IRQHandler
                0x0800b3c0                DMA2_Stream6_IRQHandler
                0x0800b3c0                SAI1_IRQHandler
                0x0800b3c0                DMA1_Stream3_IRQHandler
 *fill*         0x0800b3c2        0x2 
 .text.SystemInit
                0x0800b3c4       0x6c src\Hardware\system_stm32f7xx.o
                0x0800b3c4                SystemInit
 .text.SystemCoreClockUpdate
                0x0800b430       0xf8 src\Hardware\system_stm32f7xx.o
                0x0800b430                SystemCoreClockUpdate
 .text.main     0x0800b528       0x28 src\main.o
                0x0800b528                main
 .text.xl_320_init
                0x0800b550       0x3c src\xl_320\src\xl_320.o
                0x0800b550                xl_320_init
 .text.xl_320_set_hw_send
                0x0800b58c       0x20 src\xl_320\src\xl_320.o
                0x0800b58c                xl_320_set_hw_send
 .text.update_crc
                0x0800b5ac       0x9c src\xl_320\src\xl_320.o
 .text.xl_320_write
                0x0800b648       0x8c src\xl_320\src\xl_320.o
 .text.xl_320_send_packet
                0x0800b6d4      0x240 src\xl_320\src\xl_320.o
 .text.xl_320_set_control_mode
                0x0800b914       0x28 src\xl_320\src\xl_320.o
                0x0800b914                xl_320_set_control_mode
 .text.xl_320_set_led
                0x0800b93c       0x28 src\xl_320\src\xl_320.o
                0x0800b93c                xl_320_set_led
 .text.xl_320_set_position
                0x0800b964       0x3c src\xl_320\src\xl_320.o
                0x0800b964                xl_320_set_position
 .text.__errno  0x0800b9a0        0xc c:/program files (x86)/atollic/truestudio for arm 6.0.0/armtools/bin/../lib/gcc/arm-atollic-eabi/5.3.1/../../../../arm-atollic-eabi/lib/armv7e-m/fpu/fpv5-sp-d16\libc.a(lib_a-errno.o)
                0x0800b9a0                __errno
 .text.__libc_init_array
                0x0800b9ac       0x4c c:/program files (x86)/atollic/truestudio for arm 6.0.0/armtools/bin/../lib/gcc/arm-atollic-eabi/5.3.1/../../../../arm-atollic-eabi/lib/armv7e-m/fpu/fpv5-sp-d16\libc.a(lib_a-init.o)
                0x0800b9ac                __libc_init_array
 .text.malloc   0x0800b9f8       0x10 c:/program files (x86)/atollic/truestudio for arm 6.0.0/armtools/bin/../lib/gcc/arm-atollic-eabi/5.3.1/../../../../arm-atollic-eabi/lib/armv7e-m/fpu/fpv5-sp-d16\libc.a(lib_a-malloc.o)
                0x0800b9f8                malloc
 .text.free     0x0800ba08       0x10 c:/program files (x86)/atollic/truestudio for arm 6.0.0/armtools/bin/../lib/gcc/arm-atollic-eabi/5.3.1/../../../../arm-atollic-eabi/lib/armv7e-m/fpu/fpv5-sp-d16\libc.a(lib_a-malloc.o)
                0x0800ba08                free
 .text._malloc_r
                0x0800ba18      0x440 c:/program files (x86)/atollic/truestudio for arm 6.0.0/armtools/bin/../lib/gcc/arm-atollic-eabi/5.3.1/../../../../arm-atollic-eabi/lib/armv7e-m/fpu/fpv5-sp-d16\libc.a(lib_a-mallocr.o)
                0x0800ba18                _malloc_r
 .text.memcpy   0x0800be58       0x16 c:/program files (x86)/atollic/truestudio for arm 6.0.0/armtools/bin/../lib/gcc/arm-atollic-eabi/5.3.1/../../../../arm-atollic-eabi/lib/armv7e-m/fpu/fpv5-sp-d16\libc.a(lib_a-memcpy-stub.o)
                0x0800be58                memcpy
 .text.memset   0x0800be6e       0x10 c:/program files (x86)/atollic/truestudio for arm 6.0.0/armtools/bin/../lib/gcc/arm-atollic-eabi/5.3.1/../../../../arm-atollic-eabi/lib/armv7e-m/fpu/fpv5-sp-d16\libc.a(lib_a-memset.o)
                0x0800be6e                memset
 .text.__malloc_lock
                0x0800be7e        0x2 c:/program files (x86)/atollic/truestudio for arm 6.0.0/armtools/bin/../lib/gcc/arm-atollic-eabi/5.3.1/../../../../arm-atollic-eabi/lib/armv7e-m/fpu/fpv5-sp-d16\libc.a(lib_a-mlock.o)
                0x0800be7e                __malloc_lock
 .text.__malloc_unlock
                0x0800be80        0x2 c:/program files (x86)/atollic/truestudio for arm 6.0.0/armtools/bin/../lib/gcc/arm-atollic-eabi/5.3.1/../../../../arm-atollic-eabi/lib/armv7e-m/fpu/fpv5-sp-d16\libc.a(lib_a-mlock.o)
                0x0800be80                __malloc_unlock
 *fill*         0x0800be82        0x2 
 .text._puts_r  0x0800be84       0x98 c:/program files (x86)/atollic/truestudio for arm 6.0.0/armtools/bin/../lib/gcc/arm-atollic-eabi/5.3.1/../../../../arm-atollic-eabi/lib/armv7e-m/fpu/fpv5-sp-d16\libc.a(lib_a-puts.o)
                0x0800be84                _puts_r
 .text.puts     0x0800bf1c       0x10 c:/program files (x86)/atollic/truestudio for arm 6.0.0/armtools/bin/../lib/gcc/arm-atollic-eabi/5.3.1/../../../../arm-atollic-eabi/lib/armv7e-m/fpu/fpv5-sp-d16\libc.a(lib_a-puts.o)
                0x0800bf1c                puts
 .text._sbrk_r  0x0800bf2c       0x20 c:/program files (x86)/atollic/truestudio for arm 6.0.0/armtools/bin/../lib/gcc/arm-atollic-eabi/5.3.1/../../../../arm-atollic-eabi/lib/armv7e-m/fpu/fpv5-sp-d16\libc.a(lib_a-sbrkr.o)
                0x0800bf2c                _sbrk_r
 .text.snprintf
                0x0800bf4c       0x64 c:/program files (x86)/atollic/truestudio for arm 6.0.0/armtools/bin/../lib/gcc/arm-atollic-eabi/5.3.1/../../../../arm-atollic-eabi/lib/armv7e-m/fpu/fpv5-sp-d16\libc.a(lib_a-snprintf.o)
                0x0800bf4c                snprintf
 .text.sprintf  0x0800bfb0       0x48 c:/program files (x86)/atollic/truestudio for arm 6.0.0/armtools/bin/../lib/gcc/arm-atollic-eabi/5.3.1/../../../../arm-atollic-eabi/lib/armv7e-m/fpu/fpv5-sp-d16\libc.a(lib_a-sprintf.o)
                0x0800bfb0                sprintf
 .text.strcasecmp
                0x0800bff8       0x3c c:/program files (x86)/atollic/truestudio for arm 6.0.0/armtools/bin/../lib/gcc/arm-atollic-eabi/5.3.1/../../../../arm-atollic-eabi/lib/armv7e-m/fpu/fpv5-sp-d16\libc.a(lib_a-strcasecmp.o)
                0x0800bff8                strcasecmp
 .text.strcpy   0x0800c034       0x10 c:/program files (x86)/atollic/truestudio for arm 6.0.0/armtools/bin/../lib/gcc/arm-atollic-eabi/5.3.1/../../../../arm-atollic-eabi/lib/armv7e-m/fpu/fpv5-sp-d16\libc.a(lib_a-strcpy.o)
                0x0800c034                strcpy
 .text.strncat  0x0800c044       0x24 c:/program files (x86)/atollic/truestudio for arm 6.0.0/armtools/bin/../lib/gcc/arm-atollic-eabi/5.3.1/../../../../arm-atollic-eabi/lib/armv7e-m/fpu/fpv5-sp-d16\libc.a(lib_a-strncat.o)
                0x0800c044                strncat
 .text.strncmp  0x0800c068       0x2a c:/program files (x86)/atollic/truestudio for arm 6.0.0/armtools/bin/../lib/gcc/arm-atollic-eabi/5.3.1/../../../../arm-atollic-eabi/lib/armv7e-m/fpu/fpv5-sp-d16\libc.a(lib_a-strncmp.o)
                0x0800c068                strncmp
 .text.strncpy  0x0800c092       0x26 c:/program files (x86)/atollic/truestudio for arm 6.0.0/armtools/bin/../lib/gcc/arm-atollic-eabi/5.3.1/../../../../arm-atollic-eabi/lib/armv7e-m/fpu/fpv5-sp-d16\libc.a(lib_a-strncpy.o)
                0x0800c092                strncpy
 .text.sulp     0x0800c0b8       0x38 c:/program files (x86)/atollic/truestudio for arm 6.0.0/armtools/bin/../lib/gcc/arm-atollic-eabi/5.3.1/../../../../arm-atollic-eabi/lib/armv7e-m/fpu/fpv5-sp-d16\libc.a(lib_a-strtod.o)
 .text._strtod_r
                0x0800c0f0      0xc00 c:/program files (x86)/atollic/truestudio for arm 6.0.0/armtools/bin/../lib/gcc/arm-atollic-eabi/5.3.1/../../../../arm-atollic-eabi/lib/armv7e-m/fpu/fpv5-sp-d16\libc.a(lib_a-strtod.o)
                0x0800c0f0                _strtod_r
 .text.strtod   0x0800ccf0       0x10 c:/program files (x86)/atollic/truestudio for arm 6.0.0/armtools/bin/../lib/gcc/arm-atollic-eabi/5.3.1/../../../../arm-atollic-eabi/lib/armv7e-m/fpu/fpv5-sp-d16\libc.a(lib_a-strtod.o)
                0x0800ccf0                strtod
 .text.strtof   0x0800cd00       0x40 c:/program files (x86)/atollic/truestudio for arm 6.0.0/armtools/bin/../lib/gcc/arm-atollic-eabi/5.3.1/../../../../arm-atollic-eabi/lib/armv7e-m/fpu/fpv5-sp-d16\libc.a(lib_a-strtod.o)
                0x0800cd00                strtof
 .text._strtol_r
                0x0800cd40      0x10c c:/program files (x86)/atollic/truestudio for arm 6.0.0/armtools/bin/../lib/gcc/arm-atollic-eabi/5.3.1/../../../../arm-atollic-eabi/lib/armv7e-m/fpu/fpv5-sp-d16\libc.a(lib_a-strtol.o)
                0x0800cd40                _strtol_r
 .text.strtol   0x0800ce4c       0x14 c:/program files (x86)/atollic/truestudio for arm 6.0.0/armtools/bin/../lib/gcc/arm-atollic-eabi/5.3.1/../../../../arm-atollic-eabi/lib/armv7e-m/fpu/fpv5-sp-d16\libc.a(lib_a-strtol.o)
                0x0800ce4c                strtol
 .text.strtoll  0x0800ce60       0x14 c:/program files (x86)/atollic/truestudio for arm 6.0.0/armtools/bin/../lib/gcc/arm-atollic-eabi/5.3.1/../../../../arm-atollic-eabi/lib/armv7e-m/fpu/fpv5-sp-d16\libc.a(lib_a-strtoll.o)
                0x0800ce60                strtoll
 .text._strtoll_r
                0x0800ce74      0x160 c:/program files (x86)/atollic/truestudio for arm 6.0.0/armtools/bin/../lib/gcc/arm-atollic-eabi/5.3.1/../../../../arm-atollic-eabi/lib/armv7e-m/fpu/fpv5-sp-d16\libc.a(lib_a-strtoll_r.o)
                0x0800ce74                _strtoll_r
 .text._strtoul_r
                0x0800cfd4       0xfc c:/program files (x86)/atollic/truestudio for arm 6.0.0/armtools/bin/../lib/gcc/arm-atollic-eabi/5.3.1/../../../../arm-atollic-eabi/lib/armv7e-m/fpu/fpv5-sp-d16\libc.a(lib_a-strtoul.o)
                0x0800cfd4                _strtoul_r
 .text.strtoul  0x0800d0d0       0x14 c:/program files (x86)/atollic/truestudio for arm 6.0.0/armtools/bin/../lib/gcc/arm-atollic-eabi/5.3.1/../../../../arm-atollic-eabi/lib/armv7e-m/fpu/fpv5-sp-d16\libc.a(lib_a-strtoul.o)
                0x0800d0d0                strtoul
 *fill*         0x0800d0e4        0x4 
 .text._svfprintf_r
                0x0800d0e8      0xf84 c:/program files (x86)/atollic/truestudio for arm 6.0.0/armtools/bin/../lib/gcc/arm-atollic-eabi/5.3.1/../../../../arm-atollic-eabi/lib/armv7e-m/fpu/fpv5-sp-d16\libc.a(lib_a-svfprintf.o)
                0x0800d0e8                _svfprintf_r
 .text.__swsetup_r
                0x0800e06c       0xdc c:/program files (x86)/atollic/truestudio for arm 6.0.0/armtools/bin/../lib/gcc/arm-atollic-eabi/5.3.1/../../../../arm-atollic-eabi/lib/armv7e-m/fpu/fpv5-sp-d16\libc.a(lib_a-wsetup.o)
                0x0800e06c                __swsetup_r
 .text.quorem   0x0800e148      0x11e c:/program files (x86)/atollic/truestudio for arm 6.0.0/armtools/bin/../lib/gcc/arm-atollic-eabi/5.3.1/../../../../arm-atollic-eabi/lib/armv7e-m/fpu/fpv5-sp-d16\libc.a(lib_a-dtoa.o)
 *fill*         0x0800e266        0x2 
 .text._dtoa_r  0x0800e268      0xb40 c:/program files (x86)/atollic/truestudio for arm 6.0.0/armtools/bin/../lib/gcc/arm-atollic-eabi/5.3.1/../../../../arm-atollic-eabi/lib/armv7e-m/fpu/fpv5-sp-d16\libc.a(lib_a-dtoa.o)
                0x0800e268                _dtoa_r
 .text.__sflush_r
                0x0800eda8      0x120 c:/program files (x86)/atollic/truestudio for arm 6.0.0/armtools/bin/../lib/gcc/arm-atollic-eabi/5.3.1/../../../../arm-atollic-eabi/lib/armv7e-m/fpu/fpv5-sp-d16\libc.a(lib_a-fflush.o)
                0x0800eda8                __sflush_r
 .text._fflush_r
                0x0800eec8       0x54 c:/program files (x86)/atollic/truestudio for arm 6.0.0/armtools/bin/../lib/gcc/arm-atollic-eabi/5.3.1/../../../../arm-atollic-eabi/lib/armv7e-m/fpu/fpv5-sp-d16\libc.a(lib_a-fflush.o)
                0x0800eec8                _fflush_r
 .text._cleanup_r
                0x0800ef1c        0xc c:/program files (x86)/atollic/truestudio for arm 6.0.0/armtools/bin/../lib/gcc/arm-atollic-eabi/5.3.1/../../../../arm-atollic-eabi/lib/armv7e-m/fpu/fpv5-sp-d16\libc.a(lib_a-findfp.o)
                0x0800ef1c                _cleanup_r
 .text.std.isra.0
                0x0800ef28       0x48 c:/program files (x86)/atollic/truestudio for arm 6.0.0/armtools/bin/../lib/gcc/arm-atollic-eabi/5.3.1/../../../../arm-atollic-eabi/lib/armv7e-m/fpu/fpv5-sp-d16\libc.a(lib_a-findfp.o)
 .text.__sfmoreglue
                0x0800ef70       0x2c c:/program files (x86)/atollic/truestudio for arm 6.0.0/armtools/bin/../lib/gcc/arm-atollic-eabi/5.3.1/../../../../arm-atollic-eabi/lib/armv7e-m/fpu/fpv5-sp-d16\libc.a(lib_a-findfp.o)
                0x0800ef70                __sfmoreglue
 .text.__sinit  0x0800ef9c       0x68 c:/program files (x86)/atollic/truestudio for arm 6.0.0/armtools/bin/../lib/gcc/arm-atollic-eabi/5.3.1/../../../../arm-atollic-eabi/lib/armv7e-m/fpu/fpv5-sp-d16\libc.a(lib_a-findfp.o)
                0x0800ef9c                __sinit
 .text.__sfp    0x0800f004       0x78 c:/program files (x86)/atollic/truestudio for arm 6.0.0/armtools/bin/../lib/gcc/arm-atollic-eabi/5.3.1/../../../../arm-atollic-eabi/lib/armv7e-m/fpu/fpv5-sp-d16\libc.a(lib_a-findfp.o)
                0x0800f004                __sfp
 .text.__sfp_lock_acquire
                0x0800f07c        0x2 c:/program files (x86)/atollic/truestudio for arm 6.0.0/armtools/bin/../lib/gcc/arm-atollic-eabi/5.3.1/../../../../arm-atollic-eabi/lib/armv7e-m/fpu/fpv5-sp-d16\libc.a(lib_a-findfp.o)
                0x0800f07c                __sfp_lock_acquire
 .text.__sfp_lock_release
                0x0800f07e        0x2 c:/program files (x86)/atollic/truestudio for arm 6.0.0/armtools/bin/../lib/gcc/arm-atollic-eabi/5.3.1/../../../../arm-atollic-eabi/lib/armv7e-m/fpu/fpv5-sp-d16\libc.a(lib_a-findfp.o)
                0x0800f07e                __sfp_lock_release
 .text._malloc_trim_r
                0x0800f080       0xac c:/program files (x86)/atollic/truestudio for arm 6.0.0/armtools/bin/../lib/gcc/arm-atollic-eabi/5.3.1/../../../../arm-atollic-eabi/lib/armv7e-m/fpu/fpv5-sp-d16\libc.a(lib_a-freer.o)
                0x0800f080                _malloc_trim_r
 .text._free_r  0x0800f12c      0x17c c:/program files (x86)/atollic/truestudio for arm 6.0.0/armtools/bin/../lib/gcc/arm-atollic-eabi/5.3.1/../../../../arm-atollic-eabi/lib/armv7e-m/fpu/fpv5-sp-d16\libc.a(lib_a-freer.o)
                0x0800f12c                _free_r
 .text.__sfvwrite_r
                0x0800f2a8      0x294 c:/program files (x86)/atollic/truestudio for arm 6.0.0/armtools/bin/../lib/gcc/arm-atollic-eabi/5.3.1/../../../../arm-atollic-eabi/lib/armv7e-m/fpu/fpv5-sp-d16\libc.a(lib_a-fvwrite.o)
                0x0800f2a8                __sfvwrite_r
 .text._fwalk_reent
                0x0800f53c       0x3c c:/program files (x86)/atollic/truestudio for arm 6.0.0/armtools/bin/../lib/gcc/arm-atollic-eabi/5.3.1/../../../../arm-atollic-eabi/lib/armv7e-m/fpu/fpv5-sp-d16\libc.a(lib_a-fwalk.o)
                0x0800f53c                _fwalk_reent
 .text.rshift   0x0800f578       0x6c c:/program files (x86)/atollic/truestudio for arm 6.0.0/armtools/bin/../lib/gcc/arm-atollic-eabi/5.3.1/../../../../arm-atollic-eabi/lib/armv7e-m/fpu/fpv5-sp-d16\libc.a(lib_a-gdtoa-gethex.o)
 .text.__hexdig_fun
                0x0800f5e4       0x2a c:/program files (x86)/atollic/truestudio for arm 6.0.0/armtools/bin/../lib/gcc/arm-atollic-eabi/5.3.1/../../../../arm-atollic-eabi/lib/armv7e-m/fpu/fpv5-sp-d16\libc.a(lib_a-gdtoa-gethex.o)
                0x0800f5e4                __hexdig_fun
 .text.__gethex
                0x0800f60e      0x43e c:/program files (x86)/atollic/truestudio for arm 6.0.0/armtools/bin/../lib/gcc/arm-atollic-eabi/5.3.1/../../../../arm-atollic-eabi/lib/armv7e-m/fpu/fpv5-sp-d16\libc.a(lib_a-gdtoa-gethex.o)
                0x0800f60e                __gethex
 .text.L_shift  0x0800fa4c       0x24 c:/program files (x86)/atollic/truestudio for arm 6.0.0/armtools/bin/../lib/gcc/arm-atollic-eabi/5.3.1/../../../../arm-atollic-eabi/lib/armv7e-m/fpu/fpv5-sp-d16\libc.a(lib_a-gdtoa-hexnan.o)
 .text.__match  0x0800fa70       0x26 c:/program files (x86)/atollic/truestudio for arm 6.0.0/armtools/bin/../lib/gcc/arm-atollic-eabi/5.3.1/../../../../arm-atollic-eabi/lib/armv7e-m/fpu/fpv5-sp-d16\libc.a(lib_a-gdtoa-hexnan.o)
                0x0800fa70                __match
 .text.__hexnan
                0x0800fa96      0x11c c:/program files (x86)/atollic/truestudio for arm 6.0.0/armtools/bin/../lib/gcc/arm-atollic-eabi/5.3.1/../../../../arm-atollic-eabi/lib/armv7e-m/fpu/fpv5-sp-d16\libc.a(lib_a-gdtoa-hexnan.o)
                0x0800fa96                __hexnan
 *fill*         0x0800fbb2        0x2 
 .text._localeconv_r
                0x0800fbb4        0x8 c:/program files (x86)/atollic/truestudio for arm 6.0.0/armtools/bin/../lib/gcc/arm-atollic-eabi/5.3.1/../../../../arm-atollic-eabi/lib/armv7e-m/fpu/fpv5-sp-d16\libc.a(lib_a-locale.o)
                0x0800fbb4                _localeconv_r
 .text.__swhatbuf_r
                0x0800fbbc       0x58 c:/program files (x86)/atollic/truestudio for arm 6.0.0/armtools/bin/../lib/gcc/arm-atollic-eabi/5.3.1/../../../../arm-atollic-eabi/lib/armv7e-m/fpu/fpv5-sp-d16\libc.a(lib_a-makebuf.o)
                0x0800fbbc                __swhatbuf_r
 .text.__smakebuf_r
                0x0800fc14       0x78 c:/program files (x86)/atollic/truestudio for arm 6.0.0/armtools/bin/../lib/gcc/arm-atollic-eabi/5.3.1/../../../../arm-atollic-eabi/lib/armv7e-m/fpu/fpv5-sp-d16\libc.a(lib_a-makebuf.o)
                0x0800fc14                __smakebuf_r
 .text.memmove  0x0800fc8c       0x36 c:/program files (x86)/atollic/truestudio for arm 6.0.0/armtools/bin/../lib/gcc/arm-atollic-eabi/5.3.1/../../../../arm-atollic-eabi/lib/armv7e-m/fpu/fpv5-sp-d16\libc.a(lib_a-memmove.o)
                0x0800fc8c                memmove
 .text._Balloc  0x0800fcc2       0x6a c:/program files (x86)/atollic/truestudio for arm 6.0.0/armtools/bin/../lib/gcc/arm-atollic-eabi/5.3.1/../../../../arm-atollic-eabi/lib/armv7e-m/fpu/fpv5-sp-d16\libc.a(lib_a-mprec.o)
                0x0800fcc2                _Balloc
 .text._Bfree   0x0800fd2c       0x2e c:/program files (x86)/atollic/truestudio for arm 6.0.0/armtools/bin/../lib/gcc/arm-atollic-eabi/5.3.1/../../../../arm-atollic-eabi/lib/armv7e-m/fpu/fpv5-sp-d16\libc.a(lib_a-mprec.o)
                0x0800fd2c                _Bfree
 .text.__multadd
                0x0800fd5a       0x76 c:/program files (x86)/atollic/truestudio for arm 6.0.0/armtools/bin/../lib/gcc/arm-atollic-eabi/5.3.1/../../../../arm-atollic-eabi/lib/armv7e-m/fpu/fpv5-sp-d16\libc.a(lib_a-mprec.o)
                0x0800fd5a                __multadd
 .text.__s2b    0x0800fdd0       0x7c c:/program files (x86)/atollic/truestudio for arm 6.0.0/armtools/bin/../lib/gcc/arm-atollic-eabi/5.3.1/../../../../arm-atollic-eabi/lib/armv7e-m/fpu/fpv5-sp-d16\libc.a(lib_a-mprec.o)
                0x0800fdd0                __s2b
 .text.__hi0bits
                0x0800fe4c       0x40 c:/program files (x86)/atollic/truestudio for arm 6.0.0/armtools/bin/../lib/gcc/arm-atollic-eabi/5.3.1/../../../../arm-atollic-eabi/lib/armv7e-m/fpu/fpv5-sp-d16\libc.a(lib_a-mprec.o)
                0x0800fe4c                __hi0bits
 .text.__lo0bits
                0x0800fe8c       0x5a c:/program files (x86)/atollic/truestudio for arm 6.0.0/armtools/bin/../lib/gcc/arm-atollic-eabi/5.3.1/../../../../arm-atollic-eabi/lib/armv7e-m/fpu/fpv5-sp-d16\libc.a(lib_a-mprec.o)
                0x0800fe8c                __lo0bits
 .text.__i2b    0x0800fee6       0x12 c:/program files (x86)/atollic/truestudio for arm 6.0.0/armtools/bin/../lib/gcc/arm-atollic-eabi/5.3.1/../../../../arm-atollic-eabi/lib/armv7e-m/fpu/fpv5-sp-d16\libc.a(lib_a-mprec.o)
                0x0800fee6                __i2b
 .text.__multiply
                0x0800fef8      0x122 c:/program files (x86)/atollic/truestudio for arm 6.0.0/armtools/bin/../lib/gcc/arm-atollic-eabi/5.3.1/../../../../arm-atollic-eabi/lib/armv7e-m/fpu/fpv5-sp-d16\libc.a(lib_a-mprec.o)
                0x0800fef8                __multiply
 *fill*         0x0801001a        0x2 
 .text.__pow5mult
                0x0801001c       0x9c c:/program files (x86)/atollic/truestudio for arm 6.0.0/armtools/bin/../lib/gcc/arm-atollic-eabi/5.3.1/../../../../arm-atollic-eabi/lib/armv7e-m/fpu/fpv5-sp-d16\libc.a(lib_a-mprec.o)
                0x0801001c                __pow5mult
 .text.__lshift
                0x080100b8       0xa2 c:/program files (x86)/atollic/truestudio for arm 6.0.0/armtools/bin/../lib/gcc/arm-atollic-eabi/5.3.1/../../../../arm-atollic-eabi/lib/armv7e-m/fpu/fpv5-sp-d16\libc.a(lib_a-mprec.o)
                0x080100b8                __lshift
 .text.__mcmp   0x0801015a       0x38 c:/program files (x86)/atollic/truestudio for arm 6.0.0/armtools/bin/../lib/gcc/arm-atollic-eabi/5.3.1/../../../../arm-atollic-eabi/lib/armv7e-m/fpu/fpv5-sp-d16\libc.a(lib_a-mprec.o)
                0x0801015a                __mcmp
 .text.__mdiff  0x08010192       0xbe c:/program files (x86)/atollic/truestudio for arm 6.0.0/armtools/bin/../lib/gcc/arm-atollic-eabi/5.3.1/../../../../arm-atollic-eabi/lib/armv7e-m/fpu/fpv5-sp-d16\libc.a(lib_a-mprec.o)
                0x08010192                __mdiff
 .text.__ulp    0x08010250       0x50 c:/program files (x86)/atollic/truestudio for arm 6.0.0/armtools/bin/../lib/gcc/arm-atollic-eabi/5.3.1/../../../../arm-atollic-eabi/lib/armv7e-m/fpu/fpv5-sp-d16\libc.a(lib_a-mprec.o)
                0x08010250                __ulp
 .text.__b2d    0x080102a0       0x9a c:/program files (x86)/atollic/truestudio for arm 6.0.0/armtools/bin/../lib/gcc/arm-atollic-eabi/5.3.1/../../../../arm-atollic-eabi/lib/armv7e-m/fpu/fpv5-sp-d16\libc.a(lib_a-mprec.o)
                0x080102a0                __b2d
 .text.__d2b    0x0801033a       0x9c c:/program files (x86)/atollic/truestudio for arm 6.0.0/armtools/bin/../lib/gcc/arm-atollic-eabi/5.3.1/../../../../arm-atollic-eabi/lib/armv7e-m/fpu/fpv5-sp-d16\libc.a(lib_a-mprec.o)
                0x0801033a                __d2b
 .text.__ratio  0x080103d6       0x54 c:/program files (x86)/atollic/truestudio for arm 6.0.0/armtools/bin/../lib/gcc/arm-atollic-eabi/5.3.1/../../../../arm-atollic-eabi/lib/armv7e-m/fpu/fpv5-sp-d16\libc.a(lib_a-mprec.o)
                0x080103d6                __ratio
 .text.__copybits
                0x0801042a       0x34 c:/program files (x86)/atollic/truestudio for arm 6.0.0/armtools/bin/../lib/gcc/arm-atollic-eabi/5.3.1/../../../../arm-atollic-eabi/lib/armv7e-m/fpu/fpv5-sp-d16\libc.a(lib_a-mprec.o)
                0x0801042a                __copybits
 .text.__any_on
                0x0801045e       0x44 c:/program files (x86)/atollic/truestudio for arm 6.0.0/armtools/bin/../lib/gcc/arm-atollic-eabi/5.3.1/../../../../arm-atollic-eabi/lib/armv7e-m/fpu/fpv5-sp-d16\libc.a(lib_a-mprec.o)
                0x0801045e                __any_on
 *fill*         0x080104a2        0x2 
 .text._realloc_r
                0x080104a4      0x350 c:/program files (x86)/atollic/truestudio for arm 6.0.0/armtools/bin/../lib/gcc/arm-atollic-eabi/5.3.1/../../../../arm-atollic-eabi/lib/armv7e-m/fpu/fpv5-sp-d16\libc.a(lib_a-reallocr.o)
                0x080104a4                _realloc_r
 .text.nanf     0x080107f4        0xc c:/program files (x86)/atollic/truestudio for arm 6.0.0/armtools/bin/../lib/gcc/arm-atollic-eabi/5.3.1/../../../../arm-atollic-eabi/lib/armv7e-m/fpu/fpv5-sp-d16\libc.a(lib_a-sf_nan.o)
                0x080107f4                nanf
 .text.__sread  0x08010800       0x22 c:/program files (x86)/atollic/truestudio for arm 6.0.0/armtools/bin/../lib/gcc/arm-atollic-eabi/5.3.1/../../../../arm-atollic-eabi/lib/armv7e-m/fpu/fpv5-sp-d16\libc.a(lib_a-stdio.o)
                0x08010800                __sread
 .text.__swrite
                0x08010822       0x38 c:/program files (x86)/atollic/truestudio for arm 6.0.0/armtools/bin/../lib/gcc/arm-atollic-eabi/5.3.1/../../../../arm-atollic-eabi/lib/armv7e-m/fpu/fpv5-sp-d16\libc.a(lib_a-stdio.o)
                0x08010822                __swrite
 .text.__sseek  0x0801085a       0x24 c:/program files (x86)/atollic/truestudio for arm 6.0.0/armtools/bin/../lib/gcc/arm-atollic-eabi/5.3.1/../../../../arm-atollic-eabi/lib/armv7e-m/fpu/fpv5-sp-d16\libc.a(lib_a-stdio.o)
                0x0801085a                __sseek
 .text.__sclose
                0x0801087e        0x8 c:/program files (x86)/atollic/truestudio for arm 6.0.0/armtools/bin/../lib/gcc/arm-atollic-eabi/5.3.1/../../../../arm-atollic-eabi/lib/armv7e-m/fpu/fpv5-sp-d16\libc.a(lib_a-stdio.o)
                0x0801087e                __sclose
 .text.__ssprint_r
                0x08010886       0xfe c:/program files (x86)/atollic/truestudio for arm 6.0.0/armtools/bin/../lib/gcc/arm-atollic-eabi/5.3.1/../../../../arm-atollic-eabi/lib/armv7e-m/fpu/fpv5-sp-d16\libc.a(lib_a-svfiprintf.o)
                0x08010886                __ssprint_r
 .text._write_r
                0x08010984       0x24 c:/program files (x86)/atollic/truestudio for arm 6.0.0/armtools/bin/../lib/gcc/arm-atollic-eabi/5.3.1/../../../../arm-atollic-eabi/lib/armv7e-m/fpu/fpv5-sp-d16\libc.a(lib_a-writer.o)
                0x08010984                _write_r
 .text._calloc_r
                0x080109a8       0x5a c:/program files (x86)/atollic/truestudio for arm 6.0.0/armtools/bin/../lib/gcc/arm-atollic-eabi/5.3.1/../../../../arm-atollic-eabi/lib/armv7e-m/fpu/fpv5-sp-d16\libc.a(lib_a-callocr.o)
                0x080109a8                _calloc_r
 *fill*         0x08010a02        0x2 
 .text._close_r
                0x08010a04       0x20 c:/program files (x86)/atollic/truestudio for arm 6.0.0/armtools/bin/../lib/gcc/arm-atollic-eabi/5.3.1/../../../../arm-atollic-eabi/lib/armv7e-m/fpu/fpv5-sp-d16\libc.a(lib_a-closer.o)
                0x08010a04                _close_r
 .text._fclose_r
                0x08010a24       0xa4 c:/program files (x86)/atollic/truestudio for arm 6.0.0/armtools/bin/../lib/gcc/arm-atollic-eabi/5.3.1/../../../../arm-atollic-eabi/lib/armv7e-m/fpu/fpv5-sp-d16\libc.a(lib_a-fclose.o)
                0x08010a24                _fclose_r
 .text._fstat_r
                0x08010ac8       0x24 c:/program files (x86)/atollic/truestudio for arm 6.0.0/armtools/bin/../lib/gcc/arm-atollic-eabi/5.3.1/../../../../arm-atollic-eabi/lib/armv7e-m/fpu/fpv5-sp-d16\libc.a(lib_a-fstatr.o)
                0x08010ac8                _fstat_r
 .text._isatty_r
                0x08010aec       0x20 c:/program files (x86)/atollic/truestudio for arm 6.0.0/armtools/bin/../lib/gcc/arm-atollic-eabi/5.3.1/../../../../arm-atollic-eabi/lib/armv7e-m/fpu/fpv5-sp-d16\libc.a(lib_a-isattyr.o)
                0x08010aec                _isatty_r
 .text._lseek_r
                0x08010b0c       0x24 c:/program files (x86)/atollic/truestudio for arm 6.0.0/armtools/bin/../lib/gcc/arm-atollic-eabi/5.3.1/../../../../arm-atollic-eabi/lib/armv7e-m/fpu/fpv5-sp-d16\libc.a(lib_a-lseekr.o)
                0x08010b0c                _lseek_r
 .text._read_r  0x08010b30       0x24 c:/program files (x86)/atollic/truestudio for arm 6.0.0/armtools/bin/../lib/gcc/arm-atollic-eabi/5.3.1/../../../../arm-atollic-eabi/lib/armv7e-m/fpu/fpv5-sp-d16\libc.a(lib_a-readr.o)
                0x08010b30                _read_r
 *fill*         0x08010b54        0x4 
 .text.cos      0x08010b58       0x88 c:/program files (x86)/atollic/truestudio for arm 6.0.0/armtools/bin/../lib/gcc/arm-atollic-eabi/5.3.1/../../../../arm-atollic-eabi/lib/armv7e-m/fpu/fpv5-sp-d16\libm.a(lib_a-s_cos.o)
                0x08010b58                cos
 .text.sin      0x08010be0       0x90 c:/program files (x86)/atollic/truestudio for arm 6.0.0/armtools/bin/../lib/gcc/arm-atollic-eabi/5.3.1/../../../../arm-atollic-eabi/lib/armv7e-m/fpu/fpv5-sp-d16\libm.a(lib_a-s_sin.o)
                0x08010be0                sin
 .text.atan2    0x08010c70        0x4 c:/program files (x86)/atollic/truestudio for arm 6.0.0/armtools/bin/../lib/gcc/arm-atollic-eabi/5.3.1/../../../../arm-atollic-eabi/lib/armv7e-m/fpu/fpv5-sp-d16\libm.a(lib_a-w_atan2.o)
                0x08010c70                atan2