Archive member included to satisfy reference by file (symbol)

c:/program files (x86)/atollic/truestudio for arm 6.0.0/armtools/bin/../lib/gcc/arm-atollic-eabi/5.3.1/../../../../arm-atollic-eabi/lib/armv7e-m/fpu/fpv5-sp-d16\libc.a(lib_a-errno.o)
                              src\Application\syscalls.o (__errno)
c:/program files (x86)/atollic/truestudio for arm 6.0.0/armtools/bin/../lib/gcc/arm-atollic-eabi/5.3.1/../../../../arm-atollic-eabi/lib/armv7e-m/fpu/fpv5-sp-d16\libc.a(lib_a-impure.o)
                              c:/program files (x86)/atollic/truestudio for arm 6.0.0/armtools/bin/../lib/gcc/arm-atollic-eabi/5.3.1/../../../../arm-atollic-eabi/lib/armv7e-m/fpu/fpv5-sp-d16\libc.a(lib_a-errno.o) (_impure_ptr)
c:/program files (x86)/atollic/truestudio for arm 6.0.0/armtools/bin/../lib/gcc/arm-atollic-eabi/5.3.1/../../../../arm-atollic-eabi/lib/armv7e-m/fpu/fpv5-sp-d16\libc.a(lib_a-init.o)
                              src\Hardware\startup_stm32f756xx.o (__libc_init_array)
c:/program files (x86)/atollic/truestudio for arm 6.0.0/armtools/bin/../lib/gcc/arm-atollic-eabi/5.3.1/../../../../arm-atollic-eabi/lib/armv7e-m/fpu/fpv5-sp-d16\libc.a(lib_a-malloc.o)
                              src\Application\Shell\shell_variables.o (malloc)
c:/program files (x86)/atollic/truestudio for arm 6.0.0/armtools/bin/../lib/gcc/arm-atollic-eabi/5.3.1/../../../../arm-atollic-eabi/lib/armv7e-m/fpu/fpv5-sp-d16\libc.a(lib_a-mallocr.o)
                              c:/program files (x86)/atollic/truestudio for arm 6.0.0/armtools/bin/../lib/gcc/arm-atollic-eabi/5.3.1/../../../../arm-atollic-eabi/lib/armv7e-m/fpu/fpv5-sp-d16\libc.a(lib_a-malloc.o) (_malloc_r)
c:/program files (x86)/atollic/truestudio for arm 6.0.0/armtools/bin/../lib/gcc/arm-atollic-eabi/5.3.1/../../../../arm-atollic-eabi/lib/armv7e-m/fpu/fpv5-sp-d16\libc.a(lib_a-memcpy-stub.o)
                              src\Application\Shell\shell_variables.o (memcpy)
c:/program files (x86)/atollic/truestudio for arm 6.0.0/armtools/bin/../lib/gcc/arm-atollic-eabi/5.3.1/../../../../arm-atollic-eabi/lib/armv7e-m/fpu/fpv5-sp-d16\libc.a(lib_a-memset.o)
                              src\Application\Shell\shell_commands.o (memset)
c:/program files (x86)/atollic/truestudio for arm 6.0.0/armtools/bin/../lib/gcc/arm-atollic-eabi/5.3.1/../../../../arm-atollic-eabi/lib/armv7e-m/fpu/fpv5-sp-d16\libc.a(lib_a-mlock.o)
                              c:/program files (x86)/atollic/truestudio for arm 6.0.0/armtools/bin/../lib/gcc/arm-atollic-eabi/5.3.1/../../../../arm-atollic-eabi/lib/armv7e-m/fpu/fpv5-sp-d16\libc.a(lib_a-mallocr.o) (__malloc_lock)
c:/program files (x86)/atollic/truestudio for arm 6.0.0/armtools/bin/../lib/gcc/arm-atollic-eabi/5.3.1/../../../../arm-atollic-eabi/lib/armv7e-m/fpu/fpv5-sp-d16\libc.a(lib_a-printf.o)
                              src\Aversive\math\f16_print.o (printf)
c:/program files (x86)/atollic/truestudio for arm 6.0.0/armtools/bin/../lib/gcc/arm-atollic-eabi/5.3.1/../../../../arm-atollic-eabi/lib/armv7e-m/fpu/fpv5-sp-d16\libc.a(lib_a-puts.o)
                              src\Application\task_ASV.o (puts)
c:/program files (x86)/atollic/truestudio for arm 6.0.0/armtools/bin/../lib/gcc/arm-atollic-eabi/5.3.1/../../../../arm-atollic-eabi/lib/armv7e-m/fpu/fpv5-sp-d16\libc.a(lib_a-sbrkr.o)
                              c:/program files (x86)/atollic/truestudio for arm 6.0.0/armtools/bin/../lib/gcc/arm-atollic-eabi/5.3.1/../../../../arm-atollic-eabi/lib/armv7e-m/fpu/fpv5-sp-d16\libc.a(lib_a-mallocr.o) (_sbrk_r)
c:/program files (x86)/atollic/truestudio for arm 6.0.0/armtools/bin/../lib/gcc/arm-atollic-eabi/5.3.1/../../../../arm-atollic-eabi/lib/armv7e-m/fpu/fpv5-sp-d16\libc.a(lib_a-snprintf.o)
                              src\Application\Shell\shell_commands.o (snprintf)
c:/program files (x86)/atollic/truestudio for arm 6.0.0/armtools/bin/../lib/gcc/arm-atollic-eabi/5.3.1/../../../../arm-atollic-eabi/lib/armv7e-m/fpu/fpv5-sp-d16\libc.a(lib_a-sprintf.o)
                              src\Application\Shell\shell_commands.o (sprintf)
c:/program files (x86)/atollic/truestudio for arm 6.0.0/armtools/bin/../lib/gcc/arm-atollic-eabi/5.3.1/../../../../arm-atollic-eabi/lib/armv7e-m/fpu/fpv5-sp-d16\libc.a(lib_a-strcasecmp.o)
                              src\Application\Shell\shell_commands.o (strcasecmp)
c:/program files (x86)/atollic/truestudio for arm 6.0.0/armtools/bin/../lib/gcc/arm-atollic-eabi/5.3.1/../../../../arm-atollic-eabi/lib/armv7e-m/fpu/fpv5-sp-d16\libc.a(lib_a-strcpy.o)
                              src\Application\Shell\shell_commands.o (strcpy)
c:/program files (x86)/atollic/truestudio for arm 6.0.0/armtools/bin/../lib/gcc/arm-atollic-eabi/5.3.1/../../../../arm-atollic-eabi/lib/armv7e-m/fpu/fpv5-sp-d16\libc.a(lib_a-strlen.o)
                              src\Application\Shell\shell_commands.o (strlen)
[...]
Memory Configuration

Name             Origin             Length             Attributes
FLASH            0x08000000         0x00100000         xr
DTCMRAM          0x20000000         0x00010000         xrw
SRAM1            0x20010000         0x0003c000         xrw
SRAM2            0x2004c000         0x00004000         xrw
MEMORY_B1        0x60000000         0x00000000         xr
*default*        0x00000000         0xffffffff

Linker script and memory map

LOAD c:/program files (x86)/atollic/truestudio for arm 6.0.0/armtools/bin/../lib/gcc/arm-atollic-eabi/5.3.1/armv7e-m/fpu/fpv5-sp-d16/crti.o
LOAD c:/program files (x86)/atollic/truestudio for arm 6.0.0/armtools/bin/../lib/gcc/arm-atollic-eabi/5.3.1/armv7e-m/fpu/fpv5-sp-d16/crtbegin.o
LOAD src\Application\Shell\shell_commands.o
LOAD src\Application\Shell\shell_variables.o
LOAD src\Application\Shell\shell_variables_list.o
LOAD src\Application\Strategy\ai.o
LOAD src\Application\Strategy\physicals.o
LOAD src\Application\Strategy\task_strategy.o
LOAD src\Application\freertos_hooks.o
LOAD src\Application\syscalls.o
LOAD src\Application\task_ASV.o
LOAD src\Application\task_DSV.o
LOAD src\Application\task_avoidance.o
LOAD src\Application\task_debug.o
LOAD src\Application\task_led.o
LOAD src\Application\task_motion.o
LOAD src\Application\task_shell.o
LOAD src\Aversive\angle_distance.o
LOAD src\Aversive\blocking_detection_manager.o
LOAD src\Aversive\control_system_manager.o
LOAD src\Aversive\filters\biquad.o
LOAD src\Aversive\filters\pid.o
LOAD src\Aversive\filters\quadramp.o
LOAD src\Aversive\filters\quadramp_derivate.o
LOAD src\Aversive\filters\ramp.o
LOAD src\Aversive\math\f16_add.o
LOAD src\Aversive\math\f16_div.o
LOAD src\Aversive\math\f16_double.o
LOAD src\Aversive\math\f16_int.o
LOAD src\Aversive\math\f16_inv.o
LOAD src\Aversive\math\f16_msb_mul.o
LOAD src\Aversive\math\f16_mul.o
LOAD src\Aversive\math\f16_neg.o
LOAD src\Aversive\math\f16_print.o
LOAD src\Aversive\math\f16_sqrt.o
LOAD src\Aversive\math\f16_sub.o
LOAD src\Aversive\math\f32_add.o
LOAD src\Aversive\math\f32_div.o
LOAD src\Aversive\math\f32_double.o
LOAD src\Aversive\math\f32_int.o
LOAD src\Aversive\math\f32_inv.o
LOAD src\Aversive\math\f32_msb_mul.o
LOAD src\Aversive\math\f32_mul.o
LOAD src\Aversive\math\f32_neg.o
LOAD src\Aversive\math\f32_print.o
LOAD src\Aversive\math\f32_sqrt.o
LOAD src\Aversive\math\f32_sub.o
LOAD src\Aversive\math\f64_add.o
LOAD src\Aversive\math\f64_div.o
LOAD src\Aversive\math\f64_double.o
LOAD src\Aversive\math\f64_int.o
LOAD src\Aversive\math\f64_inv.o
LOAD src\Aversive\math\f64_msb_mul.o
LOAD src\Aversive\math\f64_mul.o
LOAD src\Aversive\math\f64_neg.o
LOAD src\Aversive\math\f64_print.o
LOAD src\Aversive\math\f64_sqrt.o
LOAD src\Aversive\math\f64_sub.o
LOAD src\Aversive\math\lines.o
LOAD src\Aversive\math\polygon.o
LOAD src\Aversive\math\vect2.o
LOAD src\Aversive\math\vect_base.o
LOAD src\Aversive\position_manager.o
LOAD src\Aversive\robot_system.o
LOAD src\Aversive\trajectory_manager.o
LOAD src\Drivers\SPL\src\misc.o
LOAD src\Drivers\SPL\src\stm32f7xx_adc.o
LOAD src\Drivers\SPL\src\stm32f7xx_can.o
LOAD src\Drivers\SPL\src\stm32f7xx_cec.o
LOAD src\Drivers\SPL\src\stm32f7xx_crc.o
LOAD src\Drivers\SPL\src\stm32f7xx_dac.o
LOAD src\Drivers\SPL\src\stm32f7xx_dbgmcu.o
LOAD src\Drivers\SPL\src\stm32f7xx_dcmi.o
LOAD src\Drivers\SPL\src\stm32f7xx_dma.o
LOAD src\Drivers\SPL\src\stm32f7xx_dma2d.o
LOAD src\Drivers\SPL\src\stm32f7xx_exti.o
LOAD src\Drivers\SPL\src\stm32f7xx_flash.o
LOAD src\Drivers\SPL\src\stm32f7xx_fmc.o
LOAD src\Drivers\SPL\src\stm32f7xx_gpio.o
LOAD src\Drivers\SPL\src\stm32f7xx_i2c.o
LOAD src\Drivers\SPL\src\stm32f7xx_iwdg.o
LOAD src\Drivers\SPL\src\stm32f7xx_lptim.o
LOAD src\Drivers\SPL\src\stm32f7xx_ltdc.o
LOAD src\Drivers\SPL\src\stm32f7xx_pwr.o
LOAD src\Drivers\SPL\src\stm32f7xx_qspi.o
LOAD src\Drivers\SPL\src\stm32f7xx_rcc.o
LOAD src\Drivers\SPL\src\stm32f7xx_rng.o
LOAD src\Drivers\SPL\src\stm32f7xx_rtc.o
LOAD src\Drivers\SPL\src\stm32f7xx_sai.o
LOAD src\Drivers\SPL\src\stm32f7xx_sdmmc.o
LOAD src\Drivers\SPL\src\stm32f7xx_spdifrx.o
LOAD src\Drivers\SPL\src\stm32f7xx_spi.o
LOAD src\Drivers\SPL\src\stm32f7xx_syscfg.o
LOAD src\Drivers\SPL\src\stm32f7xx_tim.o
LOAD src\Drivers\SPL\src\stm32f7xx_usart.o
LOAD src\Drivers\SPL\src\stm32f7xx_wwdg.o
LOAD src\FreeRTOS\croutine.o
LOAD src\FreeRTOS\event_groups.o
LOAD src\FreeRTOS\list.o
LOAD src\FreeRTOS\portable\GCC\ARM_CM7\r0p1\port.o
LOAD src\FreeRTOS\portable\MemMang\heap_4.o
LOAD src\FreeRTOS\queue.o
LOAD src\FreeRTOS\tasks.o
LOAD src\FreeRTOS\timers.o
LOAD src\FreeRTOS-Plus\FreeRTOS-Plus-CLI\FreeRTOS_CLI.o
LOAD src\Hardware\hardware.o
LOAD src\Hardware\hw_analog_servo.o
LOAD src\Hardware\hw_debug.o
LOAD src\Hardware\hw_digital_input.o
LOAD src\Hardware\hw_dsv.o
LOAD src\Hardware\hw_encoder.o
LOAD src\Hardware\hw_hmi.o
LOAD src\Hardware\hw_led.o
LOAD src\Hardware\hw_monitoring.o
LOAD src\Hardware\hw_motor.o
LOAD src\Hardware\hw_power.o
LOAD src\Hardware\hw_system.o
LOAD src\Hardware\startup_stm32f756xx.o
LOAD src\Hardware\system_stm32f7xx.o
LOAD src\main.o
LOAD src\xl_320\src\xl_320.o
START GROUP
LOAD c:/program files (x86)/atollic/truestudio for arm 6.0.0/armtools/bin/../lib/gcc/arm-atollic-eabi/5.3.1/../../../../arm-atollic-eabi/lib/armv7e-m/fpu/fpv5-sp-d16\libc.a
LOAD c:/program files (x86)/atollic/truestudio for arm 6.0.0/armtools/bin/../lib/gcc/arm-atollic-eabi/5.3.1/../../../../arm-atollic-eabi/lib/armv7e-m/fpu/fpv5-sp-d16\libm.a
END GROUP
                0x00000080                malloc_getpagesize_P = 0x80
START GROUP
LOAD c:/program files (x86)/atollic/truestudio for arm 6.0.0/armtools/bin/../lib/gcc/arm-atollic-eabi/5.3.1/armv7e-m/fpu/fpv5-sp-d16\libgcc.a
LOAD c:/program files (x86)/atollic/truestudio for arm 6.0.0/armtools/bin/../lib/gcc/arm-atollic-eabi/5.3.1/../../../../arm-atollic-eabi/lib/armv7e-m/fpu/fpv5-sp-d16\libc.a
END GROUP
START GROUP
LOAD c:/program files (x86)/atollic/truestudio for arm 6.0.0/armtools/bin/../lib/gcc/arm-atollic-eabi/5.3.1/armv7e-m/fpu/fpv5-sp-d16\libgcc.a
LOAD c:/program files (x86)/atollic/truestudio for arm 6.0.0/armtools/bin/../lib/gcc/arm-atollic-eabi/5.3.1/../../../../arm-atollic-eabi/lib/armv7e-m/fpu/fpv5-sp-d16\libc.a
LOAD c:/program files (x86)/atollic/truestudio for arm 6.0.0/armtools/bin/../lib/gcc/arm-atollic-eabi/5.3.1/../../../../arm-atollic-eabi/lib/armv7e-m/fpu/fpv5-sp-d16\libnosys.a
END GROUP
LOAD c:/program files (x86)/atollic/truestudio for arm 6.0.0/armtools/bin/../lib/gcc/arm-atollic-eabi/5.3.1/armv7e-m/fpu/fpv5-sp-d16/crtend.o
LOAD c:/program files (x86)/atollic/truestudio for arm 6.0.0/armtools/bin/../lib/gcc/arm-atollic-eabi/5.3.1/armv7e-m/fpu/fpv5-sp-d16/crtn.o
                0x2004ff00                _estack = 0x2004ff00
                0x00000200                _Min_Heap_Size = 0x200
                0x00000f00                _Min_Stack_Size = 0xf00

.isr_vector     0x08000000      0x1c8
                0x08000000                . = ALIGN (0x4)
 *(.isr_vector)
 .isr_vector    0x08000000      0x1c8 src\Hardware\startup_stm32f756xx.o
                0x08000000                g_pfnVectors
                0x080001c8                . = ALIGN (0x4)

.text           0x080001d0    0x11fb0
                0x080001d0                . = ALIGN (0x4)
 *(.text)
 .text          0x080001d0       0x40 c:/program files (x86)/atollic/truestudio for arm 6.0.0/armtools/bin/../lib/gcc/arm-atollic-eabi/5.3.1/armv7e-m/fpu/fpv5-sp-d16/crtbegin.o
 .text          0x08000210       0x10 c:/program files (x86)/atollic/truestudio for arm 6.0.0/armtools/bin/../lib/gcc/arm-atollic-eabi/5.3.1/../../../../arm-atollic-eabi/lib/armv7e-m/fpu/fpv5-sp-d16\libc.a(lib_a-strlen.o)
                0x08000210                strlen
 .text          0x08000220       0xa0 c:/program files (x86)/atollic/truestudio for arm 6.0.0/armtools/bin/../lib/gcc/arm-atollic-eabi/5.3.1/../../../../arm-atollic-eabi/lib/armv7e-m/fpu/fpv5-sp-d16\libc.a(lib_a-memchr.o)
                0x08000220                memchr
 .text          0x080002c0      0x370 c:/program files (x86)/atollic/truestudio for arm 6.0.0/armtools/bin/../lib/gcc/arm-atollic-eabi/5.3.1/armv7e-m/fpu/fpv5-sp-d16\libgcc.a(_arm_addsubdf3.o)
                0x080002c0                __aeabi_drsub
                0x080002c8                __aeabi_dsub
                0x080002c8                __subdf3
                0x080002cc                __aeabi_dadd
                0x080002cc                __adddf3
                0x08000544                __floatunsidf
                0x08000544                __aeabi_ui2d
                0x08000564                __floatsidf
                0x08000564                __aeabi_i2d
                0x08000588                __aeabi_f2d
                0x08000588                __extendsfdf2
                0x080005c4                __floatundidf
                0x080005c4                __aeabi_ul2d
                0x080005d4                __floatdidf
                0x080005d4                __aeabi_l2d
 .text          0x08000630      0x424 c:/program files (x86)/atollic/truestudio for arm 6.0.0/armtools/bin/../lib/gcc/arm-atollic-eabi/5.3.1/armv7e-m/fpu/fpv5-sp-d16\libgcc.a(_arm_muldivdf3.o)
                0x08000630                __aeabi_dmul
                0x08000630                __muldf3
                0x08000884                __divdf3
                0x08000884                __aeabi_ddiv
 .text          0x08000a54      0x110 c:/program files (x86)/atollic/truestudio for arm 6.0.0/armtools/bin/../lib/gcc/arm-atollic-eabi/5.3.1/armv7e-m/fpu/fpv5-sp-d16\libgcc.a(_arm_cmpdf2.o)
                0x08000a54                __gtdf2
                0x08000a54                __gedf2
                0x08000a5c                __ltdf2
                0x08000a5c                __ledf2
                0x08000a64                __nedf2
                0x08000a64                __eqdf2
                0x08000a64                __cmpdf2
                0x08000ae0                __aeabi_cdrcmple
                0x08000af0                __aeabi_cdcmpeq
                0x08000af0                __aeabi_cdcmple
                0x08000b00                __aeabi_dcmpeq
                0x08000b14                __aeabi_dcmplt
                0x08000b28                __aeabi_dcmple
                0x08000b3c                __aeabi_dcmpge
                0x08000b50                __aeabi_dcmpgt
 .text          0x08000b64       0x2c c:/program files (x86)/atollic/truestudio for arm 6.0.0/armtools/bin/../lib/gcc/arm-atollic-eabi/5.3.1/armv7e-m/fpu/fpv5-sp-d16\libgcc.a(_arm_unorddf2.o)
                0x08000b64                __unorddf2
                0x08000b64                __aeabi_dcmpun
 .text          0x08000b90       0x50 c:/program files (x86)/atollic/truestudio for arm 6.0.0/armtools/bin/../lib/gcc/arm-atollic-eabi/5.3.1/armv7e-m/fpu/fpv5-sp-d16\libgcc.a(_arm_fixdfsi.o)
                0x08000b90                __aeabi_d2iz
                0x08000b90                __fixdfsi
 .text          0x08000be0       0x40 c:/program files (x86)/atollic/truestudio for arm 6.0.0/armtools/bin/../lib/gcc/arm-atollic-eabi/5.3.1/armv7e-m/fpu/fpv5-sp-d16\libgcc.a(_arm_fixunsdfsi.o)
                0x08000be0                __aeabi_d2uiz
                0x08000be0                __fixunsdfsi
 .text          0x08000c20       0xa0 c:/program files (x86)/atollic/truestudio for arm 6.0.0/armtools/bin/../lib/gcc/arm-atollic-eabi/5.3.1/armv7e-m/fpu/fpv5-sp-d16\libgcc.a(_arm_truncdfsf2.o)
                0x08000c20                __truncdfsf2
                0x08000c20                __aeabi_d2f
 .text          0x08000cc0       0x30 c:/program files (x86)/atollic/truestudio for arm 6.0.0/armtools/bin/../lib/gcc/arm-atollic-eabi/5.3.1/armv7e-m/fpu/fpv5-sp-d16\libgcc.a(_aeabi_uldivmod.o)
                0x08000cc0                __aeabi_uldivmod
 .text          0x08000cf0      0x2e4 c:/program files (x86)/atollic/truestudio for arm 6.0.0/armtools/bin/../lib/gcc/arm-atollic-eabi/5.3.1/armv7e-m/fpu/fpv5-sp-d16\libgcc.a(_udivmoddi4.o)
                0x08000cf0                __udivmoddi4
 .text          0x08000fd4        0x4 c:/program files (x86)/atollic/truestudio for arm 6.0.0/armtools/bin/../lib/gcc/arm-atollic-eabi/5.3.1/armv7e-m/fpu/fpv5-sp-d16\libgcc.a(_dvmd_tls.o)
                0x08000fd4                __aeabi_idiv0
                0x08000fd4                __aeabi_ldiv0
 *(.text*)
 .text.NVIC_SystemReset
                0x08000fd8       0x28 src\Application\Shell\shell_commands.o
 .text.OS_SHL_RegisterCommands
                0x08001000       0xa8 src\Application\Shell\shell_commands.o
                0x08001000                OS_SHL_RegisterCommands
 .text.OS_SHL_SysCmd
                0x080010a8      0x100 src\Application\Shell\shell_commands.o
 .text.OS_SHL_VarCmd
                0x080011a8       0x20 src\Application\Shell\shell_commands.o
 .text.OS_SHL_SetCmd
                0x080011c8       0xa8 src\Application\Shell\shell_commands.o
 .text.OS_SHL_GetCmd
                0x08001270       0x78 src\Application\Shell\shell_commands.o
 .text.OS_SHL_StoCmd
                0x080012e8       0x1c src\Application\Shell\shell_commands.o
 .text.OS_SHL_PowCmd
                0x08001304      0x16c src\Application\Shell\shell_commands.o
 .text.OS_SHL_MotCmd
                0x08001470       0xd0 src\Application\Shell\shell_commands.o
 .text.OS_SHL_DsvCmd
                0x08001540       0x1c src\Application\Shell\shell_commands.o
 .text.OS_SHL_AsvCmd
                0x0800155c       0x1c src\Application\Shell\shell_commands.o
 .text.OS_SHL_MonCmd
                0x08001578       0x1c src\Application\Shell\shell_commands.o
 .text.OS_SHL_DioCmd
                0x08001594       0x1c src\Application\Shell\shell_commands.o
 .text.OS_SHL_HmiCmd
                0x080015b0       0x1c src\Application\Shell\shell_commands.o
 .text.OS_SHL_LedCmd
                0x080015cc      0x1a8 src\Application\Shell\shell_commands.o
 .text.OS_SHL_AvsCmd
                0x08001774       0x1c src\Application\Shell\shell_commands.o
 .text.OS_SHL_AvdCmd
                0x08001790       0x1c src\Application\Shell\shell_commands.o
 .text.OS_SHL_StrCmd
                0x080017ac       0x1c src\Application\Shell\shell_commands.o
 .text.OS_SHL_GetTypeAsString
                0x080017c8       0xbc src\Application\Shell\shell_variables.o
                0x080017c8                OS_SHL_GetTypeAsString
 .text.OS_SHL_GetTypeSize
                0x08001884       0x88 src\Application\Shell\shell_variables.o
                0x08001884                OS_SHL_GetTypeSize
 .text.OS_SHL_GetAccessAsString
                0x0800190c       0x44 src\Application\Shell\shell_variables.o
                0x0800190c                OS_SHL_GetAccessAsString
 .text.OS_SHL_GetVariablesList
                0x08001950       0xfc src\Application\Shell\shell_variables.o
                0x08001950                OS_SHL_GetVariablesList
 .text.OS_SHL_FindVariableByName
                0x08001a4c       0x58 src\Application\Shell\shell_variables.o
                0x08001a4c                OS_SHL_FindVariableByName
 .text.OS_SHL_SetVariable
                0x08001aa4       0xec src\Application\Shell\shell_variables.o
                0x08001aa4                OS_SHL_SetVariable
 .text.OS_SHL_GetVariable
                0x08001b90      0x198 src\Application\Shell\shell_variables.o
                0x08001b90                OS_SHL_GetVariable
 .text.vApplicationMallocFailedHook
                0x08001d28       0x14 src\Application\freertos_hooks.o
                0x08001d28                vApplicationMallocFailedHook
 .text.vApplicationStackOverflowHook
                0x08001d3c       0x20 src\Application\freertos_hooks.o
                0x08001d3c                vApplicationStackOverflowHook
 .text.vAssertCalled
                0x08001d5c       0x28 src\Application\freertos_hooks.o
                0x08001d5c                vAssertCalled
 .text._read    0x08001d84       0x38 src\Application\syscalls.o
                0x08001d84                _read
 .text._write   0x08001dbc       0x38 src\Application\syscalls.o
                0x08001dbc                _write
 .text._sbrk    0x08001df4       0x58 src\Application\syscalls.o
                0x08001df4                _sbrk
 .text._close   0x08001e4c       0x18 src\Application\syscalls.o
                0x08001e4c                _close
 .text._fstat   0x08001e64       0x20 src\Application\syscalls.o
                0x08001e64                _fstat
 .text._isatty  0x08001e84       0x18 src\Application\syscalls.o
                0x08001e84                _isatty
 .text._lseek   0x08001e9c       0x1c src\Application\syscalls.o
                0x08001e9c                _lseek
 .text.OS_CreateASVTask
                0x08001eb8       0xa4 src\Application\task_ASV.o
                0x08001eb8                OS_CreateASVTask
 .text.OS_ASVTask
                0x08001f5c       0x44 src\Application\task_ASV.o
 .text.ASV_Create
                0x08001fa0       0x38 src\Application\task_ASV.o
                0x08001fa0                ASV_Create
 .text.OS_CreateDSVTask
                0x08001fd8       0x78 src\Application\task_DSV.o
                0x08001fd8                OS_CreateDSVTask
 .text.OS_DSVTask
                0x08002050       0x54 src\Application\task_DSV.o
 .text.DSV_Create
                0x080020a4       0x40 src\Application\task_DSV.o
                0x080020a4                DSV_Create
 .text.OS_CreateAvoidanceTask
                0x080020e4       0x28 src\Application\task_avoidance.o
                0x080020e4                OS_CreateAvoidanceTask
 .text.OS_AvoidanceTask
                0x0800210c       0xc8 src\Application\task_avoidance.o
 .text.av_init  0x080021d4       0x50 src\Application\task_avoidance.o
 .text.LedSetColor
                0x08002224       0x3c src\Application\task_led.o
                0x08002224                LedSetColor
 .text.LedSetMode
                0x08002260       0x3c src\Application\task_led.o
                0x08002260                LedSetMode
 .text.OS_CreateMotionTask
                0x0800229c       0x88 src\Application\task_motion.o
                0x0800229c                OS_CreateMotionTask
 .text.OS_MotionTask
                0x08002324       0x84 src\Application\task_motion.o
 .text.AVS_Init
                0x080023a8      0x280 src\Application\task_motion.o
 .text.AVS_CsTask
                0x08002628      0x150 src\Application\task_motion.o
 .text.Os_MotionTrajectoryNear
                0x08002778       0x44 src\Application\task_motion.o
                0x08002778                Os_MotionTrajectoryNear
 .text.Os_MotionTrajectoryFinished
                0x080027bc       0x34 src\Application\task_motion.o
                0x080027bc                Os_MotionTrajectoryFinished
 .text.OS_MotionSetSpeed
                0x080027f0       0x2c src\Application\task_motion.o
                0x080027f0                OS_MotionSetSpeed
 .text.OS_MotionMoveRelative
                0x0800281c       0x28 src\Application\task_motion.o
                0x0800281c                OS_MotionMoveRelative
 .text.OS_MotionGoToAuto
                0x08002844       0x28 src\Application\task_motion.o
                0x08002844                OS_MotionGoToAuto
 .text.OS_MotionGoToFwd
                0x0800286c       0x28 src\Application\task_motion.o
                0x0800286c                OS_MotionGoToFwd
 .text.OS_MotionGoToBwd
                0x08002894       0x28 src\Application\task_motion.o
                0x08002894                OS_MotionGoToBwd
 .text.OS_MotionTurnToFront
                0x080028bc       0x28 src\Application\task_motion.o
                0x080028bc                OS_MotionTurnToFront
 .text.OS_MotionTurnToBehind
                0x080028e4       0x28 src\Application\task_motion.o
                0x080028e4                OS_MotionTurnToBehind
 .text.vCreateAllMutex
                0x0800290c       0x58 src\Application\task_motion.o
 .text.vLockEncoderAngle
                0x08002964       0x1c src\Application\task_motion.o
                0x08002964                vLockEncoderAngle
 .text.vLockEncoderDistance
                0x08002980       0x1c src\Application\task_motion.o
                0x08002980                vLockEncoderDistance
 .text.vLockAngleConsign
                0x0800299c       0x1c src\Application\task_motion.o
                0x0800299c                vLockAngleConsign
 .text.vLockDistanceConsign
                0x080029b8       0x1c src\Application\task_motion.o
                0x080029b8                vLockDistanceConsign
 .text.vLockRobotPosition
                0x080029d4       0x1c src\Application\task_motion.o
                0x080029d4                vLockRobotPosition
 .text.vUnlockEncoderAngle
                0x080029f0       0x1c src\Application\task_motion.o
                0x080029f0                vUnlockEncoderAngle
 .text.vUnlockEncoderDistance
                0x08002a0c       0x1c src\Application\task_motion.o
                0x08002a0c                vUnlockEncoderDistance
 .text.vUnlockAngleConsign
                0x08002a28       0x1c src\Application\task_motion.o
                0x08002a28                vUnlockAngleConsign
 .text.vUnlockDistanceConsign
                0x08002a44       0x1c src\Application\task_motion.o
                0x08002a44                vUnlockDistanceConsign
 .text.vUnlockRobotPosition
                0x08002a60       0x1c src\Application\task_motion.o
                0x08002a60                vUnlockRobotPosition
 .text.motion_is_traj_done
                0x08002a7c       0x28 src\Application\task_motion.o
 .text.motion_send_wp
                0x08002aa4      0x194 src\Application\task_motion.o
                0x08002aa4                motion_send_wp
 .text.OS_SHL_Start
                0x08002c38       0x5c src\Application\task_shell.o
                0x08002c38                OS_SHL_Start
 .text.OS_SHL_Task
                0x08002c94      0x118 src\Application\task_shell.o
 .text.rs_get_polar_from_wheels
                0x08002dac       0x48 src\Aversive\angle_distance.o
                0x08002dac                rs_get_polar_from_wheels
 .text.rs_get_wheels_from_polar
                0x08002df4       0x34 src\Aversive\angle_distance.o
                0x08002df4                rs_get_wheels_from_polar
 .text.bd_init  0x08002e28       0x1c src\Aversive\blocking_detection_manager.o
                0x08002e28                bd_init
 .text.bd_set_current_thresholds
                0x08002e44       0x38 src\Aversive\blocking_detection_manager.o
                0x08002e44                bd_set_current_thresholds
 .text.bd_set_speed_threshold
                0x08002e7c       0x20 src\Aversive\blocking_detection_manager.o
                0x08002e7c                bd_set_speed_threshold
 .text.safe_filter
                0x08002e9c       0x30 src\Aversive\control_system_manager.o
 .text.safe_getprocessout
                0x08002ecc       0x2c src\Aversive\control_system_manager.o
 .text.safe_setprocessin
                0x08002ef8       0x2c src\Aversive\control_system_manager.o
 .text.cs_init  0x08002f24       0x64 src\Aversive\control_system_manager.o
                0x08002f24                cs_init
 .text.cs_set_consign_filter
                0x08002f88       0x24 src\Aversive\control_system_manager.o
                0x08002f88                cs_set_consign_filter
 .text.cs_set_correct_filter
                0x08002fac       0x24 src\Aversive\control_system_manager.o
                0x08002fac                cs_set_correct_filter
 .text.cs_set_process_in
                0x08002fd0       0x24 src\Aversive\control_system_manager.o
                0x08002fd0                cs_set_process_in
 .text.cs_set_process_out
                0x08002ff4       0x24 src\Aversive\control_system_manager.o
                0x08002ff4                cs_set_process_out
 .text.cs_do_process
                0x08003018       0xa0 src\Aversive\control_system_manager.o
                0x08003018                cs_do_process
 .text.cs_manage
                0x080030b8       0x20 src\Aversive\control_system_manager.o
                0x080030b8                cs_manage
 .text.cs_get_consign
                0x080030d8       0x1c src\Aversive\control_system_manager.o
                0x080030d8                cs_get_consign
 .text.cs_get_filtered_consign
                0x080030f4       0x1c src\Aversive\control_system_manager.o
                0x080030f4                cs_get_filtered_consign
 .text.cs_set_consign
                0x08003110       0x1c src\Aversive\control_system_manager.o
                0x08003110                cs_set_consign
 .text.pid_init
                0x0800312c       0x28 src\Aversive\filters\pid.o
                0x0800312c                pid_init
 .text.pid_set_gains
                0x08003154       0x38 src\Aversive\filters\pid.o
                0x08003154                pid_set_gains
 .text.pid_set_maximums
                0x0800318c       0x2c src\Aversive\filters\pid.o
                0x0800318c                pid_set_maximums
 .text.pid_set_out_shift
                0x080031b8       0x20 src\Aversive\filters\pid.o
                0x080031b8                pid_set_out_shift
 .text.pid_set_derivate_filter
                0x080031d8       0x34 src\Aversive\filters\pid.o
                0x080031d8                pid_set_derivate_filter
 .text.pid_do_filter
                0x0800320c      0x160 src\Aversive\filters\pid.o
                0x0800320c                pid_do_filter
 .text.quadramp_init
                0x0800336c       0x1c src\Aversive\filters\quadramp.o
                0x0800336c                quadramp_init
 .text.quadramp_set_2nd_order_vars
                0x08003388       0x24 src\Aversive\filters\quadramp.o
                0x08003388                quadramp_set_2nd_order_vars
 .text.quadramp_set_1st_order_vars
                0x080033ac       0x24 src\Aversive\filters\quadramp.o
                0x080033ac                quadramp_set_1st_order_vars
 .text.quadramp_do_filter
                0x080033d0      0x250 src\Aversive\filters\quadramp.o
                0x080033d0                quadramp_do_filter
 .text.vect2_cart2pol
                0x08003620       0xb4 src\Aversive\math\vect2.o
                0x08003620                vect2_cart2pol
 .text.position_init
                0x080036d4       0x1c src\Aversive\position_manager.o
                0x080036d4                position_init
 .text.position_set_related_robot_system
                0x080036f0       0x1c src\Aversive\position_manager.o
                0x080036f0                position_set_related_robot_system
 .text.position_set_physical_params
                0x0800370c       0x30 src\Aversive\position_manager.o
                0x0800370c                position_set_physical_params
 .text.position_use_ext
                0x0800373c       0x44 src\Aversive\position_manager.o
                0x0800373c                position_use_ext
 .text.position_manage
                0x08003780      0x368 src\Aversive\position_manager.o
                0x08003780                position_manage
 .text.position_get_x_double
                0x08003ae8       0x30 src\Aversive\position_manager.o
                0x08003ae8                position_get_x_double
 .text.position_get_y_double
                0x08003b18       0x30 src\Aversive\position_manager.o
                0x08003b18                position_get_y_double
 .text.position_get_a_rad_double
                0x08003b48       0x30 src\Aversive\position_manager.o
                0x08003b48                position_get_a_rad_double
 .text.safe_setpwm
                0x08003b78       0x2c src\Aversive\robot_system.o
 .text.safe_getencoder
                0x08003ba4       0x2c src\Aversive\robot_system.o
 .text.rs_init  0x08003bd0       0x1c src\Aversive\robot_system.o
                0x08003bd0                rs_init
 .text.rs_set_left_pwm
                0x08003bec       0x24 src\Aversive\robot_system.o
                0x08003bec                rs_set_left_pwm
 .text.rs_set_right_pwm
                0x08003c10       0x24 src\Aversive\robot_system.o
                0x08003c10                rs_set_right_pwm
 .text.rs_set_left_ext_encoder
                0x08003c34       0x34 src\Aversive\robot_system.o
                0x08003c34                rs_set_left_ext_encoder
 .text.rs_set_right_ext_encoder
                0x08003c68       0x34 src\Aversive\robot_system.o
                0x08003c68                rs_set_right_ext_encoder
 .text.rs_set_angle
                0x08003c9c       0x58 src\Aversive\robot_system.o
                0x08003c9c                rs_set_angle
 .text.rs_set_distance
                0x08003cf4       0x58 src\Aversive\robot_system.o
                0x08003cf4                rs_set_distance
 .text.rs_get_angle
                0x08003d4c       0x24 src\Aversive\robot_system.o
                0x08003d4c                rs_get_angle
 .text.rs_get_distance
                0x08003d70       0x24 src\Aversive\robot_system.o
                0x08003d70                rs_get_distance
 .text.rs_get_ext_angle
                0x08003d94       0x20 src\Aversive\robot_system.o
                0x08003d94                rs_get_ext_angle
 .text.rs_get_ext_distance
                0x08003db4       0x20 src\Aversive\robot_system.o
                0x08003db4                rs_get_ext_distance
 .text.rs_set_flags
                0x08003dd4       0x20 src\Aversive\robot_system.o
                0x08003dd4                rs_set_flags
 .text.rs_update
                0x08003df4       0xf0 src\Aversive\robot_system.o
                0x08003df4                rs_update
 .text.trajectory_init
                0x08003ee4       0x28 src\Aversive\trajectory_manager.o
                0x08003ee4                trajectory_init
 .text.trajectory_set_cs
                0x08003f0c       0x24 src\Aversive\trajectory_manager.o
                0x08003f0c                trajectory_set_cs
 .text.trajectory_set_robot_params
                0x08003f30       0x24 src\Aversive\trajectory_manager.o
                0x08003f30                trajectory_set_robot_params
 .text.trajectory_set_speed
                0x08003f54       0x28 src\Aversive\trajectory_manager.o
                0x08003f54                trajectory_set_speed
 *fill*         0x08003f7c        0x4 
 .text.trajectory_set_windows
                0x08003f80       0x60 src\Aversive\trajectory_manager.o
                0x08003f80                trajectory_set_windows
 .text.set_quadramp_speed
                0x08003fe0       0x9c src\Aversive\trajectory_manager.o
 .text.get_quadramp_distance_speed
                0x0800407c       0x20 src\Aversive\trajectory_manager.o
 .text.delete_event
                0x0800409c       0x3c src\Aversive\trajectory_manager.o
 .text.schedule_event
                0x080040d8       0x38 src\Aversive\trajectory_manager.o
 .text.simple_modulo_2pi
                0x08004110       0x90 src\Aversive\trajectory_manager.o
 .text.modulo_2pi
                0x080041a0       0x78 src\Aversive\trajectory_manager.o
 .text.is_robot_in_dist_window
                0x08004218       0xa0 src\Aversive\trajectory_manager.o
 .text.is_robot_in_xy_window
                0x080042b8       0xe4 src\Aversive\trajectory_manager.o
 .text.is_robot_in_angle_window
                0x0800439c       0xc8 src\Aversive\trajectory_manager.o
 .text.__trajectory_goto_d_a_rel
                0x08004464      0x124 src\Aversive\trajectory_manager.o
                0x08004464                __trajectory_goto_d_a_rel
 .text.trajectory_turnto_xy
                0x08004588       0xd0 src\Aversive\trajectory_manager.o
                0x08004588                trajectory_turnto_xy
 .text.trajectory_turnto_xy_behind
                0x08004658       0xe8 src\Aversive\trajectory_manager.o
                0x08004658                trajectory_turnto_xy_behind
 .text.trajectory_d_a_rel
                0x08004740       0x50 src\Aversive\trajectory_manager.o
                0x08004740                trajectory_d_a_rel
 .text.trajectory_goto_xy_abs
                0x08004790       0x40 src\Aversive\trajectory_manager.o
                0x08004790                trajectory_goto_xy_abs
 .text.trajectory_goto_forward_xy_abs
                0x080047d0       0x40 src\Aversive\trajectory_manager.o
                0x080047d0                trajectory_goto_forward_xy_abs
 .text.trajectory_goto_backward_xy_abs
                0x08004810       0x40 src\Aversive\trajectory_manager.o
                0x08004810                trajectory_goto_backward_xy_abs
 .text.trajectory_finished
                0x08004850       0x50 src\Aversive\trajectory_manager.o
                0x08004850                trajectory_finished
 .text.trajectory_in_window
                0x080048a0       0xb0 src\Aversive\trajectory_manager.o
                0x080048a0                trajectory_in_window
 .text.trajectory_manager_event
                0x08004950      0x428 src\Aversive\trajectory_manager.o
 .text.NVIC_PriorityGroupConfig
                0x08004d78       0x28 src\Drivers\SPL\src\misc.o
                0x08004d78                NVIC_PriorityGroupConfig
 .text.ADC_Init
                0x08004da0       0xac src\Drivers\SPL\src\stm32f7xx_adc.o
                0x08004da0                ADC_Init
 .text.ADC_StructInit
                0x08004e4c       0x40 src\Drivers\SPL\src\stm32f7xx_adc.o
                0x08004e4c                ADC_StructInit
 .text.ADC_CommonInit
                0x08004e8c       0x50 src\Drivers\SPL\src\stm32f7xx_adc.o
                0x08004e8c                ADC_CommonInit
 .text.ADC_CommonStructInit
                0x08004edc       0x2c src\Drivers\SPL\src\stm32f7xx_adc.o
                0x08004edc                ADC_CommonStructInit
 .text.ADC_Cmd  0x08004f08       0x38 src\Drivers\SPL\src\stm32f7xx_adc.o
                0x08004f08                ADC_Cmd
 .text.ADC_TempSensorVrefintCmd
                0x08004f40       0x3c src\Drivers\SPL\src\stm32f7xx_adc.o
                0x08004f40                ADC_TempSensorVrefintCmd
 .text.FLASH_SetLatency
                0x08004f7c       0x28 src\Drivers\SPL\src\stm32f7xx_flash.o
                0x08004f7c                FLASH_SetLatency
 .text.GPIO_Init
                0x08004fa4      0x11c src\Drivers\SPL\src\stm32f7xx_gpio.o
                0x08004fa4                GPIO_Init
 .text.GPIO_ReadInputDataBit
                0x080050c0       0x34 src\Drivers\SPL\src\stm32f7xx_gpio.o
                0x080050c0                GPIO_ReadInputDataBit
 .text.GPIO_WriteBit
                0x080050f4       0x34 src\Drivers\SPL\src\stm32f7xx_gpio.o
                0x080050f4                GPIO_WriteBit
 .text.GPIO_PinAFConfig
                0x08005128       0x94 src\Drivers\SPL\src\stm32f7xx_gpio.o
                0x08005128                GPIO_PinAFConfig
 .text.PWR_OverDriveCmd
                0x080051bc       0x3c src\Drivers\SPL\src\stm32f7xx_pwr.o
                0x080051bc                PWR_OverDriveCmd
 .text.PWR_OverDriveSWCmd
                0x080051f8       0x3c src\Drivers\SPL\src\stm32f7xx_pwr.o
                0x080051f8                PWR_OverDriveSWCmd
 .text.PWR_GetFlagStatus
                0x08005234       0x5c src\Drivers\SPL\src\stm32f7xx_pwr.o
                0x08005234                PWR_GetFlagStatus
 .text.RCC_HSEConfig
                0x08005290       0x28 src\Drivers\SPL\src\stm32f7xx_rcc.o
                0x08005290                RCC_HSEConfig
 .text.RCC_WaitForHSEStartUp
                0x080052b8       0x50 src\Drivers\SPL\src\stm32f7xx_rcc.o
                0x080052b8                RCC_WaitForHSEStartUp
 .text.RCC_PLLConfig
                0x08005308       0x84 src\Drivers\SPL\src\stm32f7xx_rcc.o
                0x08005308                RCC_PLLConfig
 .text.RCC_PLLCmd
                0x0800538c       0x3c src\Drivers\SPL\src\stm32f7xx_rcc.o
                0x0800538c                RCC_PLLCmd
 .text.RCC_SYSCLKConfig
                0x080053c8       0x38 src\Drivers\SPL\src\stm32f7xx_rcc.o
                0x080053c8                RCC_SYSCLKConfig
 .text.RCC_HCLKConfig
                0x08005400       0x38 src\Drivers\SPL\src\stm32f7xx_rcc.o
                0x08005400                RCC_HCLKConfig
 .text.RCC_PCLK1Config
                0x08005438       0x38 src\Drivers\SPL\src\stm32f7xx_rcc.o
                0x08005438                RCC_PCLK1Config
 .text.RCC_PCLK2Config
                0x08005470       0x3c src\Drivers\SPL\src\stm32f7xx_rcc.o
                0x08005470                RCC_PCLK2Config
 .text.RCC_GetClocksFreq
                0x080054ac      0x150 src\Drivers\SPL\src\stm32f7xx_rcc.o
                0x080054ac                RCC_GetClocksFreq
 .text.RCC_AHB1PeriphClockCmd
                0x080055fc       0x40 src\Drivers\SPL\src\stm32f7xx_rcc.o
                0x080055fc                RCC_AHB1PeriphClockCmd
 .text.RCC_APB1PeriphClockCmd
                0x0800563c       0x40 src\Drivers\SPL\src\stm32f7xx_rcc.o
                0x0800563c                RCC_APB1PeriphClockCmd
 .text.RCC_APB2PeriphClockCmd
                0x0800567c       0x40 src\Drivers\SPL\src\stm32f7xx_rcc.o
                0x0800567c                RCC_APB2PeriphClockCmd
 .text.RCC_GetFlagStatus
                0x080056bc       0x74 src\Drivers\SPL\src\stm32f7xx_rcc.o
                0x080056bc                RCC_GetFlagStatus
 .text.SPI_StructInit
                0x08005730       0x4c src\Drivers\SPL\src\stm32f7xx_spi.o
                0x08005730                SPI_StructInit
 .text.SPI_Init
                0x0800577c       0xa8 src\Drivers\SPL\src\stm32f7xx_spi.o
                0x0800577c                SPI_Init
 .text.SPI_Cmd  0x08005824       0x38 src\Drivers\SPL\src\stm32f7xx_spi.o
                0x08005824                SPI_Cmd
 .text.SPI_SSOutputCmd
                0x0800585c       0x38 src\Drivers\SPL\src\stm32f7xx_spi.o
                0x0800585c                SPI_SSOutputCmd
 .text.TIM_TimeBaseInit
                0x08005894       0xd4 src\Drivers\SPL\src\stm32f7xx_tim.o
                0x08005894                TIM_TimeBaseInit
 .text.TIM_SetCounter
                0x08005968       0x1c src\Drivers\SPL\src\stm32f7xx_tim.o
                0x08005968                TIM_SetCounter
 .text.TIM_SetAutoreload
                0x08005984       0x1c src\Drivers\SPL\src\stm32f7xx_tim.o
                0x08005984                TIM_SetAutoreload
 .text.TIM_GetCounter
                0x080059a0       0x18 src\Drivers\SPL\src\stm32f7xx_tim.o
                0x080059a0                TIM_GetCounter
 .text.TIM_Cmd  0x080059b8       0x38 src\Drivers\SPL\src\stm32f7xx_tim.o
                0x080059b8                TIM_Cmd
 .text.TIM_OC1Init
                0x080059f0       0xf4 src\Drivers\SPL\src\stm32f7xx_tim.o
                0x080059f0                TIM_OC1Init
 .text.TIM_OC2Init
                0x08005ae4      0x104 src\Drivers\SPL\src\stm32f7xx_tim.o
                0x08005ae4                TIM_OC2Init
 .text.TIM_OC3Init
                0x08005be8      0x100 src\Drivers\SPL\src\stm32f7xx_tim.o
                0x08005be8                TIM_OC3Init
 .text.TIM_OC4Init
                0x08005ce8       0xc8 src\Drivers\SPL\src\stm32f7xx_tim.o
                0x08005ce8                TIM_OC4Init
 .text.TIM_OCStructInit
                0x08005db0       0x44 src\Drivers\SPL\src\stm32f7xx_tim.o
                0x08005db0                TIM_OCStructInit
 .text.TIM_SetCompare1
                0x08005df4       0x1c src\Drivers\SPL\src\stm32f7xx_tim.o
                0x08005df4                TIM_SetCompare1
 .text.TIM_SetCompare2
                0x08005e10       0x1c src\Drivers\SPL\src\stm32f7xx_tim.o
                0x08005e10                TIM_SetCompare2
 .text.TIM_SetCompare3
                0x08005e2c       0x1c src\Drivers\SPL\src\stm32f7xx_tim.o
                0x08005e2c                TIM_SetCompare3
 .text.TIM_SetCompare4
                0x08005e48       0x1c src\Drivers\SPL\src\stm32f7xx_tim.o
                0x08005e48                TIM_SetCompare4
 .text.TIM_OC1PreloadConfig
                0x08005e64       0x38 src\Drivers\SPL\src\stm32f7xx_tim.o
                0x08005e64                TIM_OC1PreloadConfig
 .text.TIM_OC2PreloadConfig
                0x08005e9c       0x38 src\Drivers\SPL\src\stm32f7xx_tim.o
                0x08005e9c                TIM_OC2PreloadConfig
 .text.TIM_OC3PreloadConfig
                0x08005ed4       0x38 src\Drivers\SPL\src\stm32f7xx_tim.o
                0x08005ed4                TIM_OC3PreloadConfig
 .text.TIM_OC4PreloadConfig
                0x08005f0c       0x38 src\Drivers\SPL\src\stm32f7xx_tim.o
                0x08005f0c                TIM_OC4PreloadConfig
 .text.TIM_CtrlPWMOutputs
                0x08005f44       0x38 src\Drivers\SPL\src\stm32f7xx_tim.o
                0x08005f44                TIM_CtrlPWMOutputs
 .text.TIM_ITConfig
                0x08005f7c       0x3c src\Drivers\SPL\src\stm32f7xx_tim.o
                0x08005f7c                TIM_ITConfig
 .text.TIM_ClearITPendingBit
                0x08005fb8       0x20 src\Drivers\SPL\src\stm32f7xx_tim.o
                0x08005fb8                TIM_ClearITPendingBit
 .text.TIM_EncoderInterfaceConfig
                0x08005fd8       0x8c src\Drivers\SPL\src\stm32f7xx_tim.o
                0x08005fd8                TIM_EncoderInterfaceConfig
 .text.USART_GetClockSource
                0x08006064      0x4dc src\Drivers\SPL\src\stm32f7xx_usart.o
                0x08006064                USART_GetClockSource
 .text.USART_Init
                0x08006540      0x174 src\Drivers\SPL\src\stm32f7xx_usart.o
                0x08006540                USART_Init
 .text.USART_ClockInit
                0x080066b4       0x4c src\Drivers\SPL\src\stm32f7xx_usart.o
                0x080066b4                USART_ClockInit
 .text.USART_ClockStructInit
                0x08006700       0x2c src\Drivers\SPL\src\stm32f7xx_usart.o
                0x08006700                USART_ClockStructInit
 .text.USART_Cmd
                0x0800672c       0x38 src\Drivers\SPL\src\stm32f7xx_usart.o
                0x0800672c                USART_Cmd
 .text.USART_SendData
                0x08006764       0x24 src\Drivers\SPL\src\stm32f7xx_usart.o
                0x08006764                USART_SendData
 .text.USART_ReceiveData
                0x08006788       0x20 src\Drivers\SPL\src\stm32f7xx_usart.o
                0x08006788                USART_ReceiveData
 .text.USART_ITConfig
                0x080067a8       0x84 src\Drivers\SPL\src\stm32f7xx_usart.o
                0x080067a8                USART_ITConfig
 .text.USART_GetFlagStatus
                0x0800682c       0x34 src\Drivers\SPL\src\stm32f7xx_usart.o
                0x0800682c                USART_GetFlagStatus
 .text.USART_GetITStatus
                0x08006860       0xa0 src\Drivers\SPL\src\stm32f7xx_usart.o
                0x08006860                USART_GetITStatus
 .text.USART_ClearITPendingBit
                0x08006900       0x34 src\Drivers\SPL\src\stm32f7xx_usart.o
                0x08006900                USART_ClearITPendingBit
 .text.vListInitialise
                0x08006934       0x40 src\FreeRTOS\list.o
                0x08006934                vListInitialise
 .text.vListInitialiseItem
                0x08006974       0x1c src\FreeRTOS\list.o
                0x08006974                vListInitialiseItem
 .text.vListInsertEnd
                0x08006990       0x48 src\FreeRTOS\list.o
                0x08006990                vListInsertEnd
 .text.vListInsert
                0x080069d8       0x74 src\FreeRTOS\list.o
                0x080069d8                vListInsert
 .text.uxListRemove
                0x08006a4c       0x54 src\FreeRTOS\list.o
                0x08006a4c                uxListRemove
 .text.pxPortInitialiseStack
                0x08006aa0       0x68 src\FreeRTOS\portable\GCC\ARM_CM7\r0p1\port.o
                0x08006aa0                pxPortInitialiseStack
 .text.prvTaskExitError
                0x08006b08       0x3c src\FreeRTOS\portable\GCC\ARM_CM7\r0p1\port.o
 *fill*         0x08006b44        0xc 
 .text.SVC_Handler
                0x08006b50       0x28 src\FreeRTOS\portable\GCC\ARM_CM7\r0p1\port.o
                0x08006b50                SVC_Handler
 .text.prvPortStartFirstTask
                0x08006b78       0x20 src\FreeRTOS\portable\GCC\ARM_CM7\r0p1\port.o
 .text.xPortStartScheduler
                0x08006b98       0xd0 src\FreeRTOS\portable\GCC\ARM_CM7\r0p1\port.o
                0x08006b98                xPortStartScheduler
 .text.vPortEnterCritical
                0x08006c68       0x58 src\FreeRTOS\portable\GCC\ARM_CM7\r0p1\port.o
                0x08006c68                vPortEnterCritical
 .text.vPortExitCritical
                0x08006cc0       0x44 src\FreeRTOS\portable\GCC\ARM_CM7\r0p1\port.o
                0x08006cc0                vPortExitCritical
 *fill*         0x08006d04        0xc 
 .text.PendSV_Handler
                0x08006d10       0x68 src\FreeRTOS\portable\GCC\ARM_CM7\r0p1\port.o
                0x08006d10                PendSV_Handler
 .text.SysTick_Handler
                0x08006d78       0x44 src\FreeRTOS\portable\GCC\ARM_CM7\r0p1\port.o
                0x08006d78                SysTick_Handler
 .text.vPortSetupTimerInterrupt
                0x08006dbc       0x38 src\FreeRTOS\portable\GCC\ARM_CM7\r0p1\port.o
                0x08006dbc                vPortSetupTimerInterrupt
 .text.vPortEnableVFP
                0x08006df4       0x14 src\FreeRTOS\portable\GCC\ARM_CM7\r0p1\port.o
 .text.vPortValidateInterruptPriority
                0x08006e08       0x68 src\FreeRTOS\portable\GCC\ARM_CM7\r0p1\port.o
                0x08006e08                vPortValidateInterruptPriority
 .text.pvPortMalloc
                0x08006e70      0x16c src\FreeRTOS\portable\MemMang\heap_4.o
                0x08006e70                pvPortMalloc
 .text.vPortFree
                0x08006fdc       0xa0 src\FreeRTOS\portable\MemMang\heap_4.o
                0x08006fdc                vPortFree
 .text.prvHeapInit
                0x0800707c       0xc4 src\FreeRTOS\portable\MemMang\heap_4.o
 .text.prvInsertBlockIntoFreeList
                0x08007140       0xb4 src\FreeRTOS\portable\MemMang\heap_4.o
 .text.xQueueGenericReset
                0x080071f4       0xc8 src\FreeRTOS\queue.o
                0x080071f4                xQueueGenericReset
 .text.xQueueGenericCreate
                0x080072bc       0x6c src\FreeRTOS\queue.o
                0x080072bc                xQueueGenericCreate
 .text.prvInitialiseNewQueue
                0x08007328       0x4c src\FreeRTOS\queue.o
 .text.prvInitialiseMutex
                0x08007374       0x34 src\FreeRTOS\queue.o
 .text.xQueueCreateMutex
                0x080073a8       0x30 src\FreeRTOS\queue.o
                0x080073a8                xQueueCreateMutex
 .text.xQueueGenericSend
                0x080073d8      0x1f8 src\FreeRTOS\queue.o
                0x080073d8                xQueueGenericSend
 .text.xQueueGenericSendFromISR
                0x080075d0      0x134 src\FreeRTOS\queue.o
                0x080075d0                xQueueGenericSendFromISR
 .text.xQueueGenericReceive
                0x08007704      0x20c src\FreeRTOS\queue.o
                0x08007704                xQueueGenericReceive
 .text.xQueueReceiveFromISR
                0x08007910       0xec src\FreeRTOS\queue.o
                0x08007910                xQueueReceiveFromISR
 .text.uxQueueMessagesWaiting
                0x080079fc       0x34 src\FreeRTOS\queue.o
                0x080079fc                uxQueueMessagesWaiting
 .text.prvCopyDataToQueue
                0x08007a30       0xd4 src\FreeRTOS\queue.o
 .text.prvCopyDataFromQueue
                0x08007b04       0x4c src\FreeRTOS\queue.o
 .text.prvUnlockQueue
                0x08007b50       0xc0 src\FreeRTOS\queue.o
 .text.prvIsQueueEmpty
                0x08007c10       0x2c src\FreeRTOS\queue.o
 .text.prvIsQueueFull
                0x08007c3c       0x30 src\FreeRTOS\queue.o
 .text.vQueueAddToRegistry
                0x08007c6c       0x50 src\FreeRTOS\queue.o
                0x08007c6c                vQueueAddToRegistry
 .text.vQueueWaitForMessageRestricted
                0x08007cbc       0x68 src\FreeRTOS\queue.o
                0x08007cbc                vQueueWaitForMessageRestricted
 .text.prvNotifyQueueSetContainer
                0x08007d24       0xa0 src\FreeRTOS\queue.o
 .text.xTaskCreate
                0x08007dc4       0x84 src\FreeRTOS\tasks.o
                0x08007dc4                xTaskCreate
 .text.prvInitialiseNewTask
                0x08007e48      0x10c src\FreeRTOS\tasks.o
 .text.prvAddNewTaskToReadyList
                0x08007f54       0xdc src\FreeRTOS\tasks.o
 .text.vTaskDelete
                0x08008030      0x118 src\FreeRTOS\tasks.o
                0x08008030                vTaskDelete
 .text.vTaskDelayUntil
                0x08008148       0xdc src\FreeRTOS\tasks.o
                0x08008148                vTaskDelayUntil
 .text.vTaskDelay
                0x08008224       0x60 src\FreeRTOS\tasks.o
                0x08008224                vTaskDelay
 .text.eTaskGetState
                0x08008284       0xac src\FreeRTOS\tasks.o
                0x08008284                eTaskGetState
 .text.vTaskStartScheduler
                0x08008330       0x98 src\FreeRTOS\tasks.o
                0x08008330                vTaskStartScheduler
 .text.vTaskSuspendAll
                0x080083c8       0x1c src\FreeRTOS\tasks.o
                0x080083c8                vTaskSuspendAll
 .text.xTaskResumeAll
                0x080083e4      0x130 src\FreeRTOS\tasks.o
                0x080083e4                xTaskResumeAll
 .text.xTaskGetTickCount
                0x08008514       0x20 src\FreeRTOS\tasks.o
                0x08008514                xTaskGetTickCount
 .text.uxTaskGetNumberOfTasks
                0x08008534       0x18 src\FreeRTOS\tasks.o
                0x08008534                uxTaskGetNumberOfTasks
 .text.uxTaskGetSystemState
                0x0800854c      0x120 src\FreeRTOS\tasks.o
                0x0800854c                uxTaskGetSystemState
 .text.xTaskIncrementTick
                0x0800866c      0x174 src\FreeRTOS\tasks.o
                0x0800866c                xTaskIncrementTick
 .text.vTaskSwitchContext
                0x080087e0      0x134 src\FreeRTOS\tasks.o
                0x080087e0                vTaskSwitchContext
 .text.vTaskPlaceOnEventList
                0x08008914       0x40 src\FreeRTOS\tasks.o
                0x08008914                vTaskPlaceOnEventList
 .text.vTaskPlaceOnEventListRestricted
                0x08008954       0x50 src\FreeRTOS\tasks.o
                0x08008954                vTaskPlaceOnEventListRestricted
 .text.xTaskRemoveFromEventList
                0x080089a4       0xbc src\FreeRTOS\tasks.o
                0x080089a4                xTaskRemoveFromEventList
 .text.vTaskSetTimeOutState
                0x08008a60       0x3c src\FreeRTOS\tasks.o
                0x08008a60                vTaskSetTimeOutState
 .text.xTaskCheckForTimeOut
                0x08008a9c       0xac src\FreeRTOS\tasks.o
                0x08008a9c                xTaskCheckForTimeOut
 .text.vTaskMissedYield
                0x08008b48       0x18 src\FreeRTOS\tasks.o
                0x08008b48                vTaskMissedYield
 .text.prvIdleTask
                0x08008b60       0x30 src\FreeRTOS\tasks.o
 .text.prvInitialiseTaskLists
                0x08008b90       0x80 src\FreeRTOS\tasks.o
 .text.prvCheckTasksWaitingTermination
                0x08008c10       0x78 src\FreeRTOS\tasks.o
 .text.vTaskGetInfo
                0x08008c88       0xbc src\FreeRTOS\tasks.o
                0x08008c88                vTaskGetInfo
 .text.prvListTasksWithinSingleList
                0x08008d44       0xa4 src\FreeRTOS\tasks.o
 .text.prvTaskCheckFreeStackSpace
                0x08008de8       0x38 src\FreeRTOS\tasks.o
 .text.prvDeleteTCB
                0x08008e20       0x20 src\FreeRTOS\tasks.o
 .text.prvResetNextTaskUnblockTime
                0x08008e40       0x4c src\FreeRTOS\tasks.o
 .text.xTaskGetSchedulerState
                0x08008e8c       0x3c src\FreeRTOS\tasks.o
                0x08008e8c                xTaskGetSchedulerState
 .text.vTaskPriorityInherit
                0x08008ec8       0xec src\FreeRTOS\tasks.o
                0x08008ec8                vTaskPriorityInherit
 .text.xTaskPriorityDisinherit
                0x08008fb4       0xf8 src\FreeRTOS\tasks.o
                0x08008fb4                xTaskPriorityDisinherit
 .text.prvWriteNameToBuffer
                0x080090ac       0x4c src\FreeRTOS\tasks.o
 .text.vTaskList
                0x080090f8      0x12c src\FreeRTOS\tasks.o
                0x080090f8                vTaskList
 .text.pvTaskIncrementMutexHeldCount
                0x08009224       0x28 src\FreeRTOS\tasks.o
                0x08009224                pvTaskIncrementMutexHeldCount
 .text.prvAddCurrentTaskToDelayedList
                0x0800924c       0xcc src\FreeRTOS\tasks.o
 .text.xTimerCreateTimerTask
                0x08009318       0x5c src\FreeRTOS\timers.o
                0x08009318                xTimerCreateTimerTask
 .text.xTimerGenericCommand
                0x08009374       0x94 src\FreeRTOS\timers.o
                0x08009374                xTimerGenericCommand
 .text.prvProcessExpiredTimer
                0x08009408       0x78 src\FreeRTOS\timers.o
 .text.prvTimerTask
                0x08009480       0x24 src\FreeRTOS\timers.o
 .text.prvProcessTimerOrBlockTask
                0x080094a4       0x9c src\FreeRTOS\timers.o
 .text.prvGetNextExpireTime
                0x08009540       0x48 src\FreeRTOS\timers.o
 .text.prvSampleTimeNow
                0x08009588       0x40 src\FreeRTOS\timers.o
 .text.prvInsertTimerInActiveList
                0x080095c8       0x84 src\FreeRTOS\timers.o
 .text.prvProcessReceivedCommands
                0x0800964c      0x140 src\FreeRTOS\timers.o
 .text.prvSwitchTimerLists
                0x0800978c       0xbc src\FreeRTOS\timers.o
 .text.prvCheckForValidListAndQueue
                0x08009848       0x6c src\FreeRTOS\timers.o
 .text.FreeRTOS_CLIRegisterCommand
                0x080098b4       0x70 src\FreeRTOS-Plus\FreeRTOS-Plus-CLI\FreeRTOS_CLI.o
                0x080098b4                FreeRTOS_CLIRegisterCommand
 .text.FreeRTOS_CLIProcessCommand
                0x08009924      0x10c src\FreeRTOS-Plus\FreeRTOS-Plus-CLI\FreeRTOS_CLI.o
                0x08009924                FreeRTOS_CLIProcessCommand
 .text.FreeRTOS_CLIGetOutputBuffer
                0x08009a30       0x14 src\FreeRTOS-Plus\FreeRTOS-Plus-CLI\FreeRTOS_CLI.o
                0x08009a30                FreeRTOS_CLIGetOutputBuffer
 .text.FreeRTOS_CLIGetParameter
                0x08009a44       0xb4 src\FreeRTOS-Plus\FreeRTOS-Plus-CLI\FreeRTOS_CLI.o
                0x08009a44                FreeRTOS_CLIGetParameter
 .text.prvHelpCommand
                0x08009af8       0x5c src\FreeRTOS-Plus\FreeRTOS-Plus-CLI\FreeRTOS_CLI.o
 .text.prvGetNumberOfParameters
                0x08009b54       0x68 src\FreeRTOS-Plus\FreeRTOS-Plus-CLI\FreeRTOS_CLI.o
 .text.HW_ConfigAll
                0x08009bbc       0x68 src\Hardware\hardware.o
 .text.HW_InitAll
                0x08009c24       0x50 src\Hardware\hardware.o
                0x08009c24                HW_InitAll
 .text.HW_PowerUp
                0x08009c74       0x1c src\Hardware\hardware.o
                0x08009c74                HW_PowerUp
 .text.HW_ASV_Init
                0x08009c90      0x24c src\Hardware\hw_analog_servo.o
                0x08009c90                HW_ASV_Init
 .text.HW_ASV_SetPwmPulseLength
                0x08009edc       0xb0 src\Hardware\hw_analog_servo.o
                0x08009edc                HW_ASV_SetPwmPulseLength
 .text.NVIC_EnableIRQ
                0x08009f8c       0x34 src\Hardware\hw_debug.o
 .text.NVIC_SetPriority
                0x08009fc0       0x54 src\Hardware\hw_debug.o
 .text.HW_DBG_Init
                0x0800a014      0x128 src\Hardware\hw_debug.o
                0x0800a014                HW_DBG_Init
 .text.HW_DBG_Put
                0x0800a13c       0x7c src\Hardware\hw_debug.o
                0x0800a13c                HW_DBG_Put
 .text.HW_DBG_Puts
                0x0800a1b8       0x38 src\Hardware\hw_debug.o
                0x0800a1b8                HW_DBG_Puts
 .text.HW_DBG_Get
                0x0800a1f0       0x24 src\Hardware\hw_debug.o
                0x0800a1f0                HW_DBG_Get
 .text.USART1_IRQHandler
                0x0800a214       0x94 src\Hardware\hw_debug.o
                0x0800a214                USART1_IRQHandler
 .text.HW_Digital_Input_Init
                0x0800a2a8      0x1b4 src\Hardware\hw_digital_input.o
                0x0800a2a8                HW_Digital_Input_Init
 .text.HW_DSV_Init
                0x0800a45c       0x88 src\Hardware\hw_dsv.o
                0x0800a45c                HW_DSV_Init
 .text.HW_DSV_Put
                0x0800a4e4       0x34 src\Hardware\hw_dsv.o
                0x0800a4e4                HW_DSV_Put
 .text.HW_ENC_Init
                0x0800a518       0xfc src\Hardware\hw_encoder.o
                0x0800a518                HW_ENC_Init
 .text.HW_ENC_GetChannel
                0x0800a614       0x9c src\Hardware\hw_encoder.o
                0x0800a614                HW_ENC_GetChannel
 .text.HW_ENC_ResetChannels
                0x0800a6b0       0x24 src\Hardware\hw_encoder.o
                0x0800a6b0                HW_ENC_ResetChannels
 .text.HW_HMI_Init
                0x0800a6d4      0x178 src\Hardware\hw_hmi.o
                0x0800a6d4                HW_HMI_Init
 .text.HW_LED_Init
                0x0800a84c       0x8c src\Hardware\hw_led.o
                0x0800a84c                HW_LED_Init
 .text.HW_MON_Init
                0x0800a8d8      0x198 src\Hardware\hw_monitoring.o
                0x0800a8d8                HW_MON_Init
 .text.HW_MOT_Init
                0x0800aa70      0x14c src\Hardware\hw_motor.o
                0x0800aa70                HW_MOT_Init
 .text.HW_MOT_SetMotorSpeed
                0x0800abbc       0xa8 src\Hardware\hw_motor.o
                0x0800abbc                HW_MOT_SetMotorSpeed
 .text.HW_MOT_SetMotorSpeedFastDecay
                0x0800ac64       0x24 src\Hardware\hw_motor.o
                0x0800ac64                HW_MOT_SetMotorSpeedFastDecay
 .text.HW_PWR_Init
                0x0800ac88       0x80 src\Hardware\hw_power.o
                0x0800ac88                HW_PWR_Init
 .text.HW_PWR_Enable
                0x0800ad08       0x34 src\Hardware\hw_power.o
                0x0800ad08                HW_PWR_Enable
 .text.HW_PWR_Disable
                0x0800ad3c       0x34 src\Hardware\hw_power.o
                0x0800ad3c                HW_PWR_Disable
 .text.NVIC_EnableIRQ
                0x0800ad70       0x34 src\Hardware\hw_system.o
 .text.NVIC_ClearPendingIRQ
                0x0800ada4       0x34 src\Hardware\hw_system.o
 .text.NVIC_SetPriority
                0x0800add8       0x54 src\Hardware\hw_system.o
 .text.SCB_EnableICache
                0x0800ae2c       0x38 src\Hardware\hw_system.o
 .text.SCB_EnableDCache
                0x0800ae64       0xa0 src\Hardware\hw_system.o
 .text.HW_SystemClock_Config
                0x0800af04       0xb0 src\Hardware\hw_system.o
                0x0800af04                HW_SystemClock_Config
 .text.HW_CPU_CACHE_Enable
                0x0800afb4       0x24 src\Hardware\hw_system.o
                0x0800afb4                HW_CPU_CACHE_Enable
 .text.HW_SYS_TimerRunTime_Config
                0x0800afd8       0x6c src\Hardware\hw_system.o
                0x0800afd8                HW_SYS_TimerRunTime_Config
 .text.HW_SYS_GetRunTimeTicks
                0x0800b044       0x2c src\Hardware\hw_system.o
                0x0800b044                HW_SYS_GetRunTimeTicks
 .text.TIM6_DAC_IRQHandler
                0x0800b070       0x2c src\Hardware\hw_system.o
                0x0800b070                TIM6_DAC_IRQHandler
 .text.HW_SYS_GetRunTimeStats
                0x0800b09c      0x194 src\Hardware\hw_system.o
                0x0800b09c                HW_SYS_GetRunTimeStats
 .text.Reset_Handler
                0x0800b230       0x50 src\Hardware\startup_stm32f756xx.o
                0x0800b230                Reset_Handler
 .text.Default_Handler
                0x0800b280        0x2 src\Hardware\startup_stm32f756xx.o
                0x0800b280                RTC_Alarm_IRQHandler
                0x0800b280                HASH_RNG_IRQHandler
                0x0800b280                EXTI2_IRQHandler
                0x0800b280                TIM8_CC_IRQHandler
                0x0800b280                DebugMon_Handler
                0x0800b280                UART8_IRQHandler
                0x0800b280                SPI4_IRQHandler
                0x0800b280                TIM1_CC_IRQHandler
                0x0800b280                DMA2_Stream5_IRQHandler
                0x0800b280                HardFault_Handler
                0x0800b280                DMA1_Stream5_IRQHandler
                0x0800b280                PVD_IRQHandler
                0x0800b280                TAMP_STAMP_IRQHandler
                0x0800b280                NMI_Handler
                0x0800b280                CAN2_RX1_IRQHandler
                0x0800b280                EXTI3_IRQHandler
                0x0800b280                TIM8_TRG_COM_TIM14_IRQHandler
                0x0800b280                TIM1_UP_TIM10_IRQHandler
                0x0800b280                TIM8_UP_TIM13_IRQHandler
                0x0800b280                I2C3_ER_IRQHandler
                0x0800b280                EXTI0_IRQHandler
                0x0800b280                I2C2_EV_IRQHandler
                0x0800b280                DMA1_Stream2_IRQHandler
                0x0800b280                CAN1_RX0_IRQHandler
                0x0800b280                FPU_IRQHandler
                0x0800b280                OTG_HS_WKUP_IRQHandler
                0x0800b280                UsageFault_Handler
                0x0800b280                LTDC_ER_IRQHandler
                0x0800b280                CAN2_SCE_IRQHandler
                0x0800b280                DMA2_Stream2_IRQHandler
                0x0800b280                SPI1_IRQHandler
                0x0800b280                TIM1_BRK_TIM9_IRQHandler
                0x0800b280                DCMI_IRQHandler
                0x0800b280                CAN2_RX0_IRQHandler
                0x0800b280                DMA2_Stream3_IRQHandler
                0x0800b280                SAI2_IRQHandler
                0x0800b280                USART6_IRQHandler
                0x0800b280                USART3_IRQHandler
                0x0800b280                CRYP_IRQHandler
                0x0800b280                CAN1_RX1_IRQHandler
                0x0800b280                UART5_IRQHandler
                0x0800b280                DMA2_Stream0_IRQHandler
                0x0800b280                TIM4_IRQHandler
                0x0800b280                QUADSPI_IRQHandler
                0x0800b280                I2C1_EV_IRQHandler
                0x0800b280                DMA1_Stream6_IRQHandler
                0x0800b280                DMA1_Stream1_IRQHandler
                0x0800b280                UART4_IRQHandler
                0x0800b280                TIM3_IRQHandler
                0x0800b280                RCC_IRQHandler
                0x0800b280                TIM8_BRK_TIM12_IRQHandler
                0x0800b280                Default_Handler
                0x0800b280                CEC_IRQHandler
                0x0800b280                EXTI15_10_IRQHandler
                0x0800b280                ADC_IRQHandler
                0x0800b280                DMA1_Stream7_IRQHandler
                0x0800b280                SPI5_IRQHandler
                0x0800b280                TIM7_IRQHandler
                0x0800b280                SDMMC1_IRQHandler
                0x0800b280                CAN2_TX_IRQHandler
                0x0800b280                TIM5_IRQHandler
                0x0800b280                DMA2_Stream7_IRQHandler
                0x0800b280                I2C3_EV_IRQHandler
                0x0800b280                EXTI9_5_IRQHandler
                0x0800b280                RTC_WKUP_IRQHandler
                0x0800b280                LTDC_IRQHandler
                0x0800b280                ETH_WKUP_IRQHandler
                0x0800b280                SPDIF_RX_IRQHandler
                0x0800b280                SPI2_IRQHandler
                0x0800b280                OTG_HS_EP1_IN_IRQHandler
                0x0800b280                MemManage_Handler
                0x0800b280                DMA1_Stream0_IRQHandler
                0x0800b280                CAN1_TX_IRQHandler
                0x0800b280                EXTI4_IRQHandler
                0x0800b280                ETH_IRQHandler
                0x0800b280                OTG_HS_EP1_OUT_IRQHandler
                0x0800b280                WWDG_IRQHandler
                0x0800b280                SPI6_IRQHandler
                0x0800b280                I2C4_EV_IRQHandler
                0x0800b280                TIM2_IRQHandler
                0x0800b280                OTG_FS_WKUP_IRQHandler
                0x0800b280                TIM1_TRG_COM_TIM11_IRQHandler
                0x0800b280                OTG_HS_IRQHandler
                0x0800b280                DMA2D_IRQHandler
                0x0800b280                EXTI1_IRQHandler
                0x0800b280                UART7_IRQHandler
                0x0800b280                USART2_IRQHandler
                0x0800b280                I2C2_ER_IRQHandler
                0x0800b280                DMA2_Stream1_IRQHandler
                0x0800b280                CAN1_SCE_IRQHandler
                0x0800b280                FLASH_IRQHandler
                0x0800b280                DMA2_Stream4_IRQHandler
                0x0800b280                BusFault_Handler
                0x0800b280                OTG_FS_IRQHandler
                0x0800b280                SPI3_IRQHandler
                0x0800b280                DMA1_Stream4_IRQHandler
                0x0800b280                I2C1_ER_IRQHandler
                0x0800b280                FMC_IRQHandler
                0x0800b280                LPTIM1_IRQHandler
                0x0800b280                I2C4_ER_IRQHandler
                0x0800b280                DMA2_Stream6_IRQHandler
                0x0800b280                SAI1_IRQHandler
                0x0800b280                DMA1_Stream3_IRQHandler
 *fill*         0x0800b282        0x2 
 .text.SystemInit
                0x0800b284       0x6c src\Hardware\system_stm32f7xx.o
                0x0800b284                SystemInit
 .text.SystemCoreClockUpdate
                0x0800b2f0       0xf8 src\Hardware\system_stm32f7xx.o
                0x0800b2f0                SystemCoreClockUpdate
 .text.main     0x0800b3e8       0x28 src\main.o
                0x0800b3e8                main
 .text.xl_320_init
                0x0800b410       0x3c src\xl_320\src\xl_320.o
                0x0800b410                xl_320_init
 .text.xl_320_set_hw_send
                0x0800b44c       0x20 src\xl_320\src\xl_320.o
                0x0800b44c                xl_320_set_hw_send
 .text.update_crc
                0x0800b46c       0x9c src\xl_320\src\xl_320.o
 .text.xl_320_write
                0x0800b508       0x8c src\xl_320\src\xl_320.o
 .text.xl_320_send_packet
                0x0800b594      0x240 src\xl_320\src\xl_320.o
 .text.xl_320_set_control_mode
                0x0800b7d4       0x28 src\xl_320\src\xl_320.o
                0x0800b7d4                xl_320_set_control_mode
 .text.xl_320_set_led
                0x0800b7fc       0x28 src\xl_320\src\xl_320.o
                0x0800b7fc                xl_320_set_led
 .text.xl_320_set_position
                0x0800b824       0x3c src\xl_320\src\xl_320.o
                0x0800b824                xl_320_set_position
 .text.__errno  0x0800b860        0xc c:/program files (x86)/atollic/truestudio for arm 6.0.0/armtools/bin/../lib/gcc/arm-atollic-eabi/5.3.1/../../../../arm-atollic-eabi/lib/armv7e-m/fpu/fpv5-sp-d16\libc.a(lib_a-errno.o)
                0x0800b860                __errno
 .text.__libc_init_array
                0x0800b86c       0x4c c:/program files (x86)/atollic/truestudio for arm 6.0.0/armtools/bin/../lib/gcc/arm-atollic-eabi/5.3.1/../../../../arm-atollic-eabi/lib/armv7e-m/fpu/fpv5-sp-d16\libc.a(lib_a-init.o)
                0x0800b86c                __libc_init_array
 .text.malloc   0x0800b8b8       0x10 c:/program files (x86)/atollic/truestudio for arm 6.0.0/armtools/bin/../lib/gcc/arm-atollic-eabi/5.3.1/../../../../arm-atollic-eabi/lib/armv7e-m/fpu/fpv5-sp-d16\libc.a(lib_a-malloc.o)
                0x0800b8b8                malloc
 .text.free     0x0800b8c8       0x10 c:/program files (x86)/atollic/truestudio for arm 6.0.0/armtools/bin/../lib/gcc/arm-atollic-eabi/5.3.1/../../../../arm-atollic-eabi/lib/armv7e-m/fpu/fpv5-sp-d16\libc.a(lib_a-malloc.o)
                0x0800b8c8                free
 .text._malloc_r
                0x0800b8d8      0x440 c:/program files (x86)/atollic/truestudio for arm 6.0.0/armtools/bin/../lib/gcc/arm-atollic-eabi/5.3.1/../../../../arm-atollic-eabi/lib/armv7e-m/fpu/fpv5-sp-d16\libc.a(lib_a-mallocr.o)
                0x0800b8d8                _malloc_r
 .text.memcpy   0x0800bd18       0x16 c:/program files (x86)/atollic/truestudio for arm 6.0.0/armtools/bin/../lib/gcc/arm-atollic-eabi/5.3.1/../../../../arm-atollic-eabi/lib/armv7e-m/fpu/fpv5-sp-d16\libc.a(lib_a-memcpy-stub.o)
                0x0800bd18                memcpy
 .text.memset   0x0800bd2e       0x10 c:/program files (x86)/atollic/truestudio for arm 6.0.0/armtools/bin/../lib/gcc/arm-atollic-eabi/5.3.1/../../../../arm-atollic-eabi/lib/armv7e-m/fpu/fpv5-sp-d16\libc.a(lib_a-memset.o)
                0x0800bd2e                memset
 .text.__malloc_lock
                0x0800bd3e        0x2 c:/program files (x86)/atollic/truestudio for arm 6.0.0/armtools/bin/../lib/gcc/arm-atollic-eabi/5.3.1/../../../../arm-atollic-eabi/lib/armv7e-m/fpu/fpv5-sp-d16\libc.a(lib_a-mlock.o)
                0x0800bd3e                __malloc_lock
 .text.__malloc_unlock
                0x0800bd40        0x2 c:/program files (x86)/atollic/truestudio for arm 6.0.0/armtools/bin/../lib/gcc/arm-atollic-eabi/5.3.1/../../../../arm-atollic-eabi/lib/armv7e-m/fpu/fpv5-sp-d16\libc.a(lib_a-mlock.o)
                0x0800bd40                __malloc_unlock
 *fill*         0x0800bd42        0x2 
 .text._puts_r  0x0800bd44       0x98 c:/program files (x86)/atollic/truestudio for arm 6.0.0/armtools/bin/../lib/gcc/arm-atollic-eabi/5.3.1/../../../../arm-atollic-eabi/lib/armv7e-m/fpu/fpv5-sp-d16\libc.a(lib_a-puts.o)
                0x0800bd44                _puts_r
 .text.puts     0x0800bddc       0x10 c:/program files (x86)/atollic/truestudio for arm 6.0.0/armtools/bin/../lib/gcc/arm-atollic-eabi/5.3.1/../../../../arm-atollic-eabi/lib/armv7e-m/fpu/fpv5-sp-d16\libc.a(lib_a-puts.o)
                0x0800bddc                puts
 .text._sbrk_r  0x0800bdec       0x20 c:/program files (x86)/atollic/truestudio for arm 6.0.0/armtools/bin/../lib/gcc/arm-atollic-eabi/5.3.1/../../../../arm-atollic-eabi/lib/armv7e-m/fpu/fpv5-sp-d16\libc.a(lib_a-sbrkr.o)
                0x0800bdec                _sbrk_r
 .text.snprintf
                0x0800be0c       0x64 c:/program files (x86)/atollic/truestudio for arm 6.0.0/armtools/bin/../lib/gcc/arm-atollic-eabi/5.3.1/../../../../arm-atollic-eabi/lib/armv7e-m/fpu/fpv5-sp-d16\libc.a(lib_a-snprintf.o)
                0x0800be0c                snprintf
 .text.sprintf  0x0800be70       0x48 c:/program files (x86)/atollic/truestudio for arm 6.0.0/armtools/bin/../lib/gcc/arm-atollic-eabi/5.3.1/../../../../arm-atollic-eabi/lib/armv7e-m/fpu/fpv5-sp-d16\libc.a(lib_a-sprintf.o)
                0x0800be70                sprintf
 .text.strcasecmp
                0x0800beb8       0x3c c:/program files (x86)/atollic/truestudio for arm 6.0.0/armtools/bin/../lib/gcc/arm-atollic-eabi/5.3.1/../../../../arm-atollic-eabi/lib/armv7e-m/fpu/fpv5-sp-d16\libc.a(lib_a-strcasecmp.o)
                0x0800beb8                strcasecmp
 .text.strcpy   0x0800bef4       0x10 c:/program files (x86)/atollic/truestudio for arm 6.0.0/armtools/bin/../lib/gcc/arm-atollic-eabi/5.3.1/../../../../arm-atollic-eabi/lib/armv7e-m/fpu/fpv5-sp-d16\libc.a(lib_a-strcpy.o)
                0x0800bef4                strcpy
 .text.strncat  0x0800bf04       0x24 c:/program files (x86)/atollic/truestudio for arm 6.0.0/armtools/bin/../lib/gcc/arm-atollic-eabi/5.3.1/../../../../arm-atollic-eabi/lib/armv7e-m/fpu/fpv5-sp-d16\libc.a(lib_a-strncat.o)
                0x0800bf04                strncat
 .text.strncmp  0x0800bf28       0x2a c:/program files (x86)/atollic/truestudio for arm 6.0.0/armtools/bin/../lib/gcc/arm-atollic-eabi/5.3.1/../../../../arm-atollic-eabi/lib/armv7e-m/fpu/fpv5-sp-d16\libc.a(lib_a-strncmp.o)
                0x0800bf28                strncmp
 .text.strncpy  0x0800bf52       0x26 c:/program files (x86)/atollic/truestudio for arm 6.0.0/armtools/bin/../lib/gcc/arm-atollic-eabi/5.3.1/../../../../arm-atollic-eabi/lib/armv7e-m/fpu/fpv5-sp-d16\libc.a(lib_a-strncpy.o)
                0x0800bf52                strncpy
 .text.sulp     0x0800bf78       0x38 c:/program files (x86)/atollic/truestudio for arm 6.0.0/armtools/bin/../lib/gcc/arm-atollic-eabi/5.3.1/../../../../arm-atollic-eabi/lib/armv7e-m/fpu/fpv5-sp-d16\libc.a(lib_a-strtod.o)
 .text._strtod_r
                0x0800bfb0      0xc00 c:/program files (x86)/atollic/truestudio for arm 6.0.0/armtools/bin/../lib/gcc/arm-atollic-eabi/5.3.1/../../../../arm-atollic-eabi/lib/armv7e-m/fpu/fpv5-sp-d16\libc.a(lib_a-strtod.o)
                0x0800bfb0                _strtod_r
 .text.strtod   0x0800cbb0       0x10 c:/program files (x86)/atollic/truestudio for arm 6.0.0/armtools/bin/../lib/gcc/arm-atollic-eabi/5.3.1/../../../../arm-atollic-eabi/lib/armv7e-m/fpu/fpv5-sp-d16\libc.a(lib_a-strtod.o)
                0x0800cbb0                strtod
 .text.strtof   0x0800cbc0       0x40 c:/program files (x86)/atollic/truestudio for arm 6.0.0/armtools/bin/../lib/gcc/arm-atollic-eabi/5.3.1/../../../../arm-atollic-eabi/lib/armv7e-m/fpu/fpv5-sp-d16\libc.a(lib_a-strtod.o)
                0x0800cbc0                strtof
 .text._strtol_r
                0x0800cc00      0x10c c:/program files (x86)/atollic/truestudio for arm 6.0.0/armtools/bin/../lib/gcc/arm-atollic-eabi/5.3.1/../../../../arm-atollic-eabi/lib/armv7e-m/fpu/fpv5-sp-d16\libc.a(lib_a-strtol.o)
                0x0800cc00                _strtol_r
 .text.strtol   0x0800cd0c       0x14 c:/program files (x86)/atollic/truestudio for arm 6.0.0/armtools/bin/../lib/gcc/arm-atollic-eabi/5.3.1/../../../../arm-atollic-eabi/lib/armv7e-m/fpu/fpv5-sp-d16\libc.a(lib_a-strtol.o)
                0x0800cd0c                strtol
 .text.strtoll  0x0800cd20       0x14 c:/program files (x86)/atollic/truestudio for arm 6.0.0/armtools/bin/../lib/gcc/arm-atollic-eabi/5.3.1/../../../../arm-atollic-eabi/lib/armv7e-m/fpu/fpv5-sp-d16\libc.a(lib_a-strtoll.o)
                0x0800cd20                strtoll
 .text._strtoll_r
                0x0800cd34      0x160 c:/program files (x86)/atollic/truestudio for arm 6.0.0/armtools/bin/../lib/gcc/arm-atollic-eabi/5.3.1/../../../../arm-atollic-eabi/lib/armv7e-m/fpu/fpv5-sp-d16\libc.a(lib_a-strtoll_r.o)
                0x0800cd34                _strtoll_r
 *fill*         0x0800ce94        0x4 
 .text._svfprintf_r
                0x0800ce98      0xf84 c:/program files (x86)/atollic/truestudio for arm 6.0.0/armtools/bin/../lib/gcc/arm-atollic-eabi/5.3.1/../../../../arm-atollic-eabi/lib/armv7e-m/fpu/fpv5-sp-d16\libc.a(lib_a-svfprintf.o)
                0x0800ce98                _svfprintf_r
 .text.__swsetup_r
                0x0800de1c       0xdc c:/program files (x86)/atollic/truestudio for arm 6.0.0/armtools/bin/../lib/gcc/arm-atollic-eabi/5.3.1/../../../../arm-atollic-eabi/lib/armv7e-m/fpu/fpv5-sp-d16\libc.a(lib_a-wsetup.o)
                0x0800de1c                __swsetup_r
 .text.quorem   0x0800def8      0x11e c:/program files (x86)/atollic/truestudio for arm 6.0.0/armtools/bin/../lib/gcc/arm-atollic-eabi/5.3.1/../../../../arm-atollic-eabi/lib/armv7e-m/fpu/fpv5-sp-d16\libc.a(lib_a-dtoa.o)
 *fill*         0x0800e016        0x2 
 .text._dtoa_r  0x0800e018      0xb40 c:/program files (x86)/atollic/truestudio for arm 6.0.0/armtools/bin/../lib/gcc/arm-atollic-eabi/5.3.1/../../../../arm-atollic-eabi/lib/armv7e-m/fpu/fpv5-sp-d16\libc.a(lib_a-dtoa.o)
                0x0800e018                _dtoa_r
 .text.__sflush_r
                0x0800eb58      0x120 c:/program files (x86)/atollic/truestudio for arm 6.0.0/armtools/bin/../lib/gcc/arm-atollic-eabi/5.3.1/../../../../arm-atollic-eabi/lib/armv7e-m/fpu/fpv5-sp-d16\libc.a(lib_a-fflush.o)
                0x0800eb58                __sflush_r
 .text._fflush_r
                0x0800ec78       0x54 c:/program files (x86)/atollic/truestudio for arm 6.0.0/armtools/bin/../lib/gcc/arm-atollic-eabi/5.3.1/../../../../arm-atollic-eabi/lib/armv7e-m/fpu/fpv5-sp-d16\libc.a(lib_a-fflush.o)
                0x0800ec78                _fflush_r
 .text._cleanup_r
                0x0800eccc        0xc c:/program files (x86)/atollic/truestudio for arm 6.0.0/armtools/bin/../lib/gcc/arm-atollic-eabi/5.3.1/../../../../arm-atollic-eabi/lib/armv7e-m/fpu/fpv5-sp-d16\libc.a(lib_a-findfp.o)
                0x0800eccc                _cleanup_r
 .text.std.isra.0
                0x0800ecd8       0x48 c:/program files (x86)/atollic/truestudio for arm 6.0.0/armtools/bin/../lib/gcc/arm-atollic-eabi/5.3.1/../../../../arm-atollic-eabi/lib/armv7e-m/fpu/fpv5-sp-d16\libc.a(lib_a-findfp.o)
 .text.__sfmoreglue
                0x0800ed20       0x2c c:/program files (x86)/atollic/truestudio for arm 6.0.0/armtools/bin/../lib/gcc/arm-atollic-eabi/5.3.1/../../../../arm-atollic-eabi/lib/armv7e-m/fpu/fpv5-sp-d16\libc.a(lib_a-findfp.o)
                0x0800ed20                __sfmoreglue
 .text.__sinit  0x0800ed4c       0x68 c:/program files (x86)/atollic/truestudio for arm 6.0.0/armtools/bin/../lib/gcc/arm-atollic-eabi/5.3.1/../../../../arm-atollic-eabi/lib/armv7e-m/fpu/fpv5-sp-d16\libc.a(lib_a-findfp.o)
                0x0800ed4c                __sinit
 .text.__sfp    0x0800edb4       0x78 c:/program files (x86)/atollic/truestudio for arm 6.0.0/armtools/bin/../lib/gcc/arm-atollic-eabi/5.3.1/../../../../arm-atollic-eabi/lib/armv7e-m/fpu/fpv5-sp-d16\libc.a(lib_a-findfp.o)
                0x0800edb4                __sfp
 .text.__sfp_lock_acquire
                0x0800ee2c        0x2 c:/program files (x86)/atollic/truestudio for arm 6.0.0/armtools/bin/../lib/gcc/arm-atollic-eabi/5.3.1/../../../../arm-atollic-eabi/lib/armv7e-m/fpu/fpv5-sp-d16\libc.a(lib_a-findfp.o)
                0x0800ee2c                __sfp_lock_acquire
 .text.__sfp_lock_release
                0x0800ee2e        0x2 c:/program files (x86)/atollic/truestudio for arm 6.0.0/armtools/bin/../lib/gcc/arm-atollic-eabi/5.3.1/../../../../arm-atollic-eabi/lib/armv7e-m/fpu/fpv5-sp-d16\libc.a(lib_a-findfp.o)
                0x0800ee2e                __sfp_lock_release
 .text._malloc_trim_r
                0x0800ee30       0xac c:/program files (x86)/atollic/truestudio for arm 6.0.0/armtools/bin/../lib/gcc/arm-atollic-eabi/5.3.1/../../../../arm-atollic-eabi/lib/armv7e-m/fpu/fpv5-sp-d16\libc.a(lib_a-freer.o)
                0x0800ee30                _malloc_trim_r
 .text._free_r  0x0800eedc      0x17c c:/program files (x86)/atollic/truestudio for arm 6.0.0/armtools/bin/../lib/gcc/arm-atollic-eabi/5.3.1/../../../../arm-atollic-eabi/lib/armv7e-m/fpu/fpv5-sp-d16\libc.a(lib_a-freer.o)
                0x0800eedc                _free_r
 .text.__sfvwrite_r
                0x0800f058      0x294 c:/program files (x86)/atollic/truestudio for arm 6.0.0/armtools/bin/../lib/gcc/arm-atollic-eabi/5.3.1/../../../../arm-atollic-eabi/lib/armv7e-m/fpu/fpv5-sp-d16\libc.a(lib_a-fvwrite.o)
                0x0800f058                __sfvwrite_r
 .text._fwalk_reent
                0x0800f2ec       0x3c c:/program files (x86)/atollic/truestudio for arm 6.0.0/armtools/bin/../lib/gcc/arm-atollic-eabi/5.3.1/../../../../arm-atollic-eabi/lib/armv7e-m/fpu/fpv5-sp-d16\libc.a(lib_a-fwalk.o)
                0x0800f2ec                _fwalk_reent
 .text.rshift   0x0800f328       0x6c c:/program files (x86)/atollic/truestudio for arm 6.0.0/armtools/bin/../lib/gcc/arm-atollic-eabi/5.3.1/../../../../arm-atollic-eabi/lib/armv7e-m/fpu/fpv5-sp-d16\libc.a(lib_a-gdtoa-gethex.o)
 .text.__hexdig_fun
                0x0800f394       0x2a c:/program files (x86)/atollic/truestudio for arm 6.0.0/armtools/bin/../lib/gcc/arm-atollic-eabi/5.3.1/../../../../arm-atollic-eabi/lib/armv7e-m/fpu/fpv5-sp-d16\libc.a(lib_a-gdtoa-gethex.o)
                0x0800f394                __hexdig_fun
 .text.__gethex
                0x0800f3be      0x43e c:/program files (x86)/atollic/truestudio for arm 6.0.0/armtools/bin/../lib/gcc/arm-atollic-eabi/5.3.1/../../../../arm-atollic-eabi/lib/armv7e-m/fpu/fpv5-sp-d16\libc.a(lib_a-gdtoa-gethex.o)
                0x0800f3be                __gethex
 .text.L_shift  0x0800f7fc       0x24 c:/program files (x86)/atollic/truestudio for arm 6.0.0/armtools/bin/../lib/gcc/arm-atollic-eabi/5.3.1/../../../../arm-atollic-eabi/lib/armv7e-m/fpu/fpv5-sp-d16\libc.a(lib_a-gdtoa-hexnan.o)
 .text.__match  0x0800f820       0x26 c:/program files (x86)/atollic/truestudio for arm 6.0.0/armtools/bin/../lib/gcc/arm-atollic-eabi/5.3.1/../../../../arm-atollic-eabi/lib/armv7e-m/fpu/fpv5-sp-d16\libc.a(lib_a-gdtoa-hexnan.o)
                0x0800f820                __match
 .text.__hexnan
                0x0800f846      0x11c c:/program files (x86)/atollic/truestudio for arm 6.0.0/armtools/bin/../lib/gcc/arm-atollic-eabi/5.3.1/../../../../arm-atollic-eabi/lib/armv7e-m/fpu/fpv5-sp-d16\libc.a(lib_a-gdtoa-hexnan.o)
                0x0800f846                __hexnan
 *fill*         0x0800f962        0x2 
 .text._localeconv_r
                0x0800f964        0x8 c:/program files (x86)/atollic/truestudio for arm 6.0.0/armtools/bin/../lib/gcc/arm-atollic-eabi/5.3.1/../../../../arm-atollic-eabi/lib/armv7e-m/fpu/fpv5-sp-d16\libc.a(lib_a-locale.o)
                0x0800f964                _localeconv_r
 .text.__swhatbuf_r
                0x0800f96c       0x58 c:/program files (x86)/atollic/truestudio for arm 6.0.0/armtools/bin/../lib/gcc/arm-atollic-eabi/5.3.1/../../../../arm-atollic-eabi/lib/armv7e-m/fpu/fpv5-sp-d16\libc.a(lib_a-makebuf.o)
                0x0800f96c                __swhatbuf_r
 .text.__smakebuf_r
                0x0800f9c4       0x78 c:/program files (x86)/atollic/truestudio for arm 6.0.0/armtools/bin/../lib/gcc/arm-atollic-eabi/5.3.1/../../../../arm-atollic-eabi/lib/armv7e-m/fpu/fpv5-sp-d16\libc.a(lib_a-makebuf.o)
                0x0800f9c4                __smakebuf_r
 .text.memmove  0x0800fa3c       0x36 c:/program files (x86)/atollic/truestudio for arm 6.0.0/armtools/bin/../lib/gcc/arm-atollic-eabi/5.3.1/../../../../arm-atollic-eabi/lib/armv7e-m/fpu/fpv5-sp-d16\libc.a(lib_a-memmove.o)
                0x0800fa3c                memmove
 .text._Balloc  0x0800fa72       0x6a c:/program files (x86)/atollic/truestudio for arm 6.0.0/armtools/bin/../lib/gcc/arm-atollic-eabi/5.3.1/../../../../arm-atollic-eabi/lib/armv7e-m/fpu/fpv5-sp-d16\libc.a(lib_a-mprec.o)
                0x0800fa72                _Balloc
 .text._Bfree   0x0800fadc       0x2e c:/program files (x86)/atollic/truestudio for arm 6.0.0/armtools/bin/../lib/gcc/arm-atollic-eabi/5.3.1/../../../../arm-atollic-eabi/lib/armv7e-m/fpu/fpv5-sp-d16\libc.a(lib_a-mprec.o)
                0x0800fadc                _Bfree
 .text.__multadd
                0x0800fb0a       0x76 c:/program files (x86)/atollic/truestudio for arm 6.0.0/armtools/bin/../lib/gcc/arm-atollic-eabi/5.3.1/../../../../arm-atollic-eabi/lib/armv7e-m/fpu/fpv5-sp-d16\libc.a(lib_a-mprec.o)
                0x0800fb0a                __multadd
 .text.__s2b    0x0800fb80       0x7c c:/program files (x86)/atollic/truestudio for arm 6.0.0/armtools/bin/../lib/gcc/arm-atollic-eabi/5.3.1/../../../../arm-atollic-eabi/lib/armv7e-m/fpu/fpv5-sp-d16\libc.a(lib_a-mprec.o)
                0x0800fb80                __s2b
 .text.__hi0bits
                0x0800fbfc       0x40 c:/program files (x86)/atollic/truestudio for arm 6.0.0/armtools/bin/../lib/gcc/arm-atollic-eabi/5.3.1/../../../../arm-atollic-eabi/lib/armv7e-m/fpu/fpv5-sp-d16\libc.a(lib_a-mprec.o)
                0x0800fbfc                __hi0bits
 .text.__lo0bits
                0x0800fc3c       0x5a c:/program files (x86)/atollic/truestudio for arm 6.0.0/armtools/bin/../lib/gcc/arm-atollic-eabi/5.3.1/../../../../arm-atollic-eabi/lib/armv7e-m/fpu/fpv5-sp-d16\libc.a(lib_a-mprec.o)
                0x0800fc3c                __lo0bits
 .text.__i2b    0x0800fc96       0x12 c:/program files (x86)/atollic/truestudio for arm 6.0.0/armtools/bin/../lib/gcc/arm-atollic-eabi/5.3.1/../../../../arm-atollic-eabi/lib/armv7e-m/fpu/fpv5-sp-d16\libc.a(lib_a-mprec.o)
                0x0800fc96                __i2b
 .text.__multiply
                0x0800fca8      0x122 c:/program files (x86)/atollic/truestudio for arm 6.0.0/armtools/bin/../lib/gcc/arm-atollic-eabi/5.3.1/../../../../arm-atollic-eabi/lib/armv7e-m/fpu/fpv5-sp-d16\libc.a(lib_a-mprec.o)
                0x0800fca8                __multiply
 *fill*         0x0800fdca        0x2 
 .text.__pow5mult
                0x0800fdcc       0x9c c:/program files (x86)/atollic/truestudio for arm 6.0.0/armtools/bin/../lib/gcc/arm-atollic-eabi/5.3.1/../../../../arm-atollic-eabi/lib/armv7e-m/fpu/fpv5-sp-d16\libc.a(lib_a-mprec.o)
                0x0800fdcc                __pow5mult
 .text.__lshift
                0x0800fe68       0xa2 c:/program files (x86)/atollic/truestudio for arm 6.0.0/armtools/bin/../lib/gcc/arm-atollic-eabi/5.3.1/../../../../arm-atollic-eabi/lib/armv7e-m/fpu/fpv5-sp-d16\libc.a(lib_a-mprec.o)
                0x0800fe68                __lshift
 .text.__mcmp   0x0800ff0a       0x38 c:/program files (x86)/atollic/truestudio for arm 6.0.0/armtools/bin/../lib/gcc/arm-atollic-eabi/5.3.1/../../../../arm-atollic-eabi/lib/armv7e-m/fpu/fpv5-sp-d16\libc.a(lib_a-mprec.o)
                0x0800ff0a                __mcmp
 .text.__mdiff  0x0800ff42       0xbe c:/program files (x86)/atollic/truestudio for arm 6.0.0/armtools/bin/../lib/gcc/arm-atollic-eabi/5.3.1/../../../../arm-atollic-eabi/lib/armv7e-m/fpu/fpv5-sp-d16\libc.a(lib_a-mprec.o)
                0x0800ff42                __mdiff
 .text.__ulp    0x08010000       0x50 c:/program files (x86)/atollic/truestudio for arm 6.0.0/armtools/bin/../lib/gcc/arm-atollic-eabi/5.3.1/../../../../arm-atollic-eabi/lib/armv7e-m/fpu/fpv5-sp-d16\libc.a(lib_a-mprec.o)
                0x08010000                __ulp
 .text.__b2d    0x08010050       0x9a c:/program files (x86)/atollic/truestudio for arm 6.0.0/armtools/bin/../lib/gcc/arm-atollic-eabi/5.3.1/../../../../arm-atollic-eabi/lib/armv7e-m/fpu/fpv5-sp-d16\libc.a(lib_a-mprec.o)
                0x08010050                __b2d
 .text.__d2b    0x080100ea       0x9c c:/program files (x86)/atollic/truestudio for arm 6.0.0/armtools/bin/../lib/gcc/arm-atollic-eabi/5.3.1/../../../../arm-atollic-eabi/lib/armv7e-m/fpu/fpv5-sp-d16\libc.a(lib_a-mprec.o)
                0x080100ea                __d2b
 .text.__ratio  0x08010186       0x54 c:/program files (x86)/atollic/truestudio for arm 6.0.0/armtools/bin/../lib/gcc/arm-atollic-eabi/5.3.1/../../../../arm-atollic-eabi/lib/armv7e-m/fpu/fpv5-sp-d16\libc.a(lib_a-mprec.o)
                0x08010186                __ratio
 .text.__copybits
                0x080101da       0x34 c:/program files (x86)/atollic/truestudio for arm 6.0.0/armtools/bin/../lib/gcc/arm-atollic-eabi/5.3.1/../../../../arm-atollic-eabi/lib/armv7e-m/fpu/fpv5-sp-d16\libc.a(lib_a-mprec.o)
                0x080101da                __copybits
 .text.__any_on
                0x0801020e       0x44 c:/program files (x86)/atollic/truestudio for arm 6.0.0/armtools/bin/../lib/gcc/arm-atollic-eabi/5.3.1/../../../../arm-atollic-eabi/lib/armv7e-m/fpu/fpv5-sp-d16\libc.a(lib_a-mprec.o)
                0x0801020e                __any_on
 *fill*         0x08010252        0x2 
 .text._realloc_r
                0x08010254      0x350 c:/program files (x86)/atollic/truestudio for arm 6.0.0/armtools/bin/../lib/gcc/arm-atollic-eabi/5.3.1/../../../../arm-atollic-eabi/lib/armv7e-m/fpu/fpv5-sp-d16\libc.a(lib_a-reallocr.o)
                0x08010254                _realloc_r
 .text.nanf     0x080105a4        0xc c:/program files (x86)/atollic/truestudio for arm 6.0.0/armtools/bin/../lib/gcc/arm-atollic-eabi/5.3.1/../../../../arm-atollic-eabi/lib/armv7e-m/fpu/fpv5-sp-d16\libc.a(lib_a-sf_nan.o)
                0x080105a4                nanf
 .text.__sread  0x080105b0       0x22 c:/program files (x86)/atollic/truestudio for arm 6.0.0/armtools/bin/../lib/gcc/arm-atollic-eabi/5.3.1/../../../../arm-atollic-eabi/lib/armv7e-m/fpu/fpv5-sp-d16\libc.a(lib_a-stdio.o)
                0x080105b0                __sread
 .text.__swrite
                0x080105d2       0x38 c:/program files (x86)/atollic/truestudio for arm 6.0.0/armtools/bin/../lib/gcc/arm-atollic-eabi/5.3.1/../../../../arm-atollic-eabi/lib/armv7e-m/fpu/fpv5-sp-d16\libc.a(lib_a-stdio.o)
                0x080105d2                __swrite
 .text.__sseek  0x0801060a       0x24 c:/program files (x86)/atollic/truestudio for arm 6.0.0/armtools/bin/../lib/gcc/arm-atollic-eabi/5.3.1/../../../../arm-atollic-eabi/lib/armv7e-m/fpu/fpv5-sp-d16\libc.a(lib_a-stdio.o)
                0x0801060a                __sseek
 .text.__sclose
                0x0801062e        0x8 c:/program files (x86)/atollic/truestudio for arm 6.0.0/armtools/bin/../lib/gcc/arm-atollic-eabi/5.3.1/../../../../arm-atollic-eabi/lib/armv7e-m/fpu/fpv5-sp-d16\libc.a(lib_a-stdio.o)
                0x0801062e                __sclose
 .text.__ssprint_r
                0x08010636       0xfe c:/program files (x86)/atollic/truestudio for arm 6.0.0/armtools/bin/../lib/gcc/arm-atollic-eabi/5.3.1/../../../../arm-atollic-eabi/lib/armv7e-m/fpu/fpv5-sp-d16\libc.a(lib_a-svfiprintf.o)
                0x08010636                __ssprint_r
 .text._write_r
                0x08010734       0x24 c:/program files (x86)/atollic/truestudio for arm 6.0.0/armtools/bin/../lib/gcc/arm-atollic-eabi/5.3.1/../../../../arm-atollic-eabi/lib/armv7e-m/fpu/fpv5-sp-d16\libc.a(lib_a-writer.o)
                0x08010734                _write_r
 .text._calloc_r
                0x08010758       0x5a c:/program files (x86)/atollic/truestudio for arm 6.0.0/armtools/bin/../lib/gcc/arm-atollic-eabi/5.3.1/../../../../arm-atollic-eabi/lib/armv7e-m/fpu/fpv5-sp-d16\libc.a(lib_a-callocr.o)
                0x08010758                _calloc_r
 *fill*         0x080107b2        0x2 
 .text._close_r
                0x080107b4       0x20 c:/program files (x86)/atollic/truestudio for arm 6.0.0/armtools/bin/../lib/gcc/arm-atollic-eabi/5.3.1/../../../../arm-atollic-eabi/lib/armv7e-m/fpu/fpv5-sp-d16\libc.a(lib_a-closer.o)
                0x080107b4                _close_r
 .text._fclose_r
                0x080107d4       0xa4 c:/program files (x86)/atollic/truestudio for arm 6.0.0/armtools/bin/../lib/gcc/arm-atollic-eabi/5.3.1/../../../../arm-atollic-eabi/lib/armv7e-m/fpu/fpv5-sp-d16\libc.a(lib_a-fclose.o)
                0x080107d4                _fclose_r
 .text._fstat_r
                0x08010878       0x24 c:/program files (x86)/atollic/truestudio for arm 6.0.0/armtools/bin/../lib/gcc/arm-atollic-eabi/5.3.1/../../../../arm-atollic-eabi/lib/armv7e-m/fpu/fpv5-sp-d16\libc.a(lib_a-fstatr.o)
                0x08010878                _fstat_r
 .text._isatty_r
                0x0801089c       0x20 c:/program files (x86)/atollic/truestudio for arm 6.0.0/armtools/bin/../lib/gcc/arm-atollic-eabi/5.3.1/../../../../arm-atollic-eabi/lib/armv7e-m/fpu/fpv5-sp-d16\libc.a(lib_a-isattyr.o)
                0x0801089c                _isatty_r
 .text._lseek_r
                0x080108bc       0x24 c:/program files (x86)/atollic/truestudio for arm 6.0.0/armtools/bin/../lib/gcc/arm-atollic-eabi/5.3.1/../../../../arm-atollic-eabi/lib/armv7e-m/fpu/fpv5-sp-d16\libc.a(lib_a-lseekr.o)
                0x080108bc                _lseek_r
 .text._read_r  0x080108e0       0x24 c:/program files (x86)/atollic/truestudio for arm 6.0.0/armtools/bin/../lib/gcc/arm-atollic-eabi/5.3.1/../../../../arm-atollic-eabi/lib/armv7e-m/fpu/fpv5-sp-d16\libc.a(lib_a-readr.o)
                0x080108e0                _read_r
 *fill*         0x08010904        0x4 
 .text.cos      0x08010908       0x88 c:/program files (x86)/atollic/truestudio for arm 6.0.0/armtools/bin/../lib/gcc/arm-atollic-eabi/5.3.1/../../../../arm-atollic-eabi/lib/armv7e-m/fpu/fpv5-sp-d16\libm.a(lib_a-s_cos.o)
                0x08010908                cos
 .text.sin      0x08010990       0x90 c:/program files (x86)/atollic/truestudio for arm 6.0.0/armtools/bin/../lib/gcc/arm-atollic-eabi/5.3.1/../../../../arm-atollic-eabi/lib/armv7e-m/fpu/fpv5-sp-d16\libm.a(lib_a-s_sin.o)
                0x08010990                sin
 .text.atan2    0x08010a20        0x4 c:/program files (x86)/atollic/truestudio for arm 6.0.0/armtools/bin/../lib/gcc/arm-atollic-eabi/5.3.1/../../../../arm-atollic-eabi/lib/armv7e-m/fpu/fpv5-sp-d16\libm.a(lib_a-w_atan2.o)
                0x08010a20                atan2
 .text.sqrt     0x08010a24       0xb8 c:/program files (x86)/atollic/truestudio for arm 6.0.0/armtools/bin/../lib/gcc/arm-atollic-eabi/5.3.1/../../../../arm-atollic-eabi/lib/armv7e-m/fpu/fpv5-sp-d16\libm.a(lib_a-w_sqrt.o)
                0x08010a24                sqrt
 *fill*         0x08010adc        0x4 
 .text.__ieee754_atan2
                0x08010ae0      0x1bc c:/program files (x86)/atollic/truestudio for arm 6.0.0/armtools/bin/../lib/gcc/arm-atollic-eabi/5.3.1/../../../../arm-atollic-eabi/lib/armv7e-m/fpu/fpv5-sp-d16\libm.a(lib_a-e_atan2.o)
                0x08010ae0                __ieee754_atan2
 *fill*         0x08010c9c        0x4 
 .text.__ieee754_rem_pio2
                0x08010ca0      0x3fc c:/program files (x86)/atollic/truestudio for arm 6.0.0/armtools/bin/../lib/gcc/arm-atollic-eabi/5.3.1/../../../../arm-atollic-eabi/lib/armv7e-m/fpu/fpv5-sp-d16\libm.a(lib_a-e_rem_pio2.o)
                0x08010ca0                __ieee754_rem_pio2
 .text.__ieee754_sqrt